OpenJDK 64-Bit Server VM (25.242-b08) for linux-amd64 JRE (1.8.0_242-8u242-b08-1~deb9u1-b08), built on Feb 10 2020 12:38:09 by "pbuilder" with gcc 6.3.0 20170516
Memory: 4k page, physical 12907884k(8830988k free), swap 4194304k(4194304k free)
CommandLine flags: -XX:+CMSEdenChunksRecordAlways -XX:CMSInitiatingOccupancyFraction=75 -XX:+CMSParallelInitialMarkEnabled -XX:+CMSParallelRemarkEnabled -XX:CMSWaitDuration=10000 -XX:+ExitOnOutOfMemoryError -XX:GCLogFileSize=10485760 -XX:+HeapDumpOnOutOfMemoryError -XX:+IgnoreUnrecognizedVMOptions -XX:InitialHeapSize=206526144 -XX:MaxHeapSize=3304418304 -XX:MaxNewSize=697933824 -XX:MaxTenuringThreshold=6 -XX:NumberOfGCLogFiles=10 -XX:OldPLABSize=16 -XX:+PerfDisableSharedMem -XX:+PrintGC -XX:+PrintGCApplicationStoppedTime -XX:+PrintGCDateStamps -XX:+PrintGCDetails -XX:+PrintGCTimeStamps -XX:+PrintHeapAtGC -XX:+PrintTenuringDistribution -XX:+ResizeTLAB -XX:-UseBiasedLocking -XX:+UseCMSInitiatingOccupancyOnly -XX:+UseCompressedClassPointers -XX:+UseCompressedOops -XX:+UseConcMarkSweepGC -XX:+UseCondCardMark -XX:+UseGCLogFileRotation -XX:+UseParNewGC -XX:+UseTLAB 
2020-12-20T10:01:47.287+0000: 0.619: Total time for which application threads were stopped: 0.0003377 seconds, Stopping threads took: 0.0000263 seconds
{Heap before GC invocations=0 (full 0):
 par new generation   total 60864K, used 54144K [0x00000006fb000000, 0x00000006ff200000, 0x0000000724990000)
  eden space 54144K, 100% used [0x00000006fb000000, 0x00000006fe4e0000, 0x00000006fe4e0000)
  from space 6720K,   0% used [0x00000006fe4e0000, 0x00000006fe4e0000, 0x00000006feb70000)
  to   space 6720K,   0% used [0x00000006feb70000, 0x00000006feb70000, 0x00000006ff200000)
 concurrent mark-sweep generation total 135168K, used 0K [0x0000000724990000, 0x000000072cd90000, 0x00000007c0000000)
 Metaspace       used 5860K, capacity 6166K, committed 6400K, reserved 1056768K
  class space    used 600K, capacity 699K, committed 768K, reserved 1048576K
2020-12-20T10:01:47.336+0000: 0.667: [GC (Allocation Failure) 2020-12-20T10:01:47.336+0000: 0.668: [ParNew
Desired survivor size 3440640 bytes, new threshold 1 (max 6)
- age   1:    4407896 bytes,    4407896 total
: 54144K->4364K(60864K), 0.0095647 secs] 54144K->4364K(196032K), 0.0098202 secs] [Times: user=0.04 sys=0.01, real=0.01 secs] 
Heap after GC invocations=1 (full 0):
 par new generation   total 60864K, used 4364K [0x00000006fb000000, 0x00000006ff200000, 0x0000000724990000)
  eden space 54144K,   0% used [0x00000006fb000000, 0x00000006fb000000, 0x00000006fe4e0000)
  from space 6720K,  64% used [0x00000006feb70000, 0x00000006fefb33b8, 0x00000006ff200000)
  to   space 6720K,   0% used [0x00000006fe4e0000, 0x00000006fe4e0000, 0x00000006feb70000)
 concurrent mark-sweep generation total 135168K, used 0K [0x0000000724990000, 0x000000072cd90000, 0x00000007c0000000)
 Metaspace       used 5860K, capacity 6166K, committed 6400K, reserved 1056768K
  class space    used 600K, capacity 699K, committed 768K, reserved 1048576K
}
2020-12-20T10:01:47.346+0000: 0.677: Total time for which application threads were stopped: 0.0103241 seconds, Stopping threads took: 0.0002817 seconds
{Heap before GC invocations=1 (full 0):
 par new generation   total 60864K, used 58508K [0x00000006fb000000, 0x00000006ff200000, 0x0000000724990000)
  eden space 54144K, 100% used [0x00000006fb000000, 0x00000006fe4e0000, 0x00000006fe4e0000)
  from space 6720K,  64% used [0x00000006feb70000, 0x00000006fefb33b8, 0x00000006ff200000)
  to   space 6720K,   0% used [0x00000006fe4e0000, 0x00000006fe4e0000, 0x00000006feb70000)
 concurrent mark-sweep generation total 135168K, used 0K [0x0000000724990000, 0x000000072cd90000, 0x00000007c0000000)
 Metaspace       used 6363K, capacity 6646K, committed 6912K, reserved 1056768K
  class space    used 668K, capacity 731K, committed 768K, reserved 1048576K
2020-12-20T10:01:47.673+0000: 1.004: [GC (Allocation Failure) 2020-12-20T10:01:47.673+0000: 1.004: [ParNew
Desired survivor size 3440640 bytes, new threshold 6 (max 6)
- age   1:    1920104 bytes,    1920104 total
: 58508K->3722K(60864K), 0.0238662 secs] 58508K->6581K(196032K), 0.0242353 secs] [Times: user=0.08 sys=0.03, real=0.03 secs] 
Heap after GC invocations=2 (full 0):
 par new generation   total 60864K, used 3722K [0x00000006fb000000, 0x00000006ff200000, 0x0000000724990000)
  eden space 54144K,   0% used [0x00000006fb000000, 0x00000006fb000000, 0x00000006fe4e0000)
  from space 6720K,  55% used [0x00000006fe4e0000, 0x00000006fe882918, 0x00000006feb70000)
  to   space 6720K,   0% used [0x00000006feb70000, 0x00000006feb70000, 0x00000006ff200000)
 concurrent mark-sweep generation total 135168K, used 2859K [0x0000000724990000, 0x000000072cd90000, 0x00000007c0000000)
 Metaspace       used 6363K, capacity 6646K, committed 6912K, reserved 1056768K
  class space    used 668K, capacity 731K, committed 768K, reserved 1048576K
}
2020-12-20T10:01:47.697+0000: 1.028: Total time for which application threads were stopped: 0.0244434 seconds, Stopping threads took: 0.0000355 seconds
2020-12-20T10:01:47.722+0000: 1.053: Total time for which application threads were stopped: 0.0002000 seconds, Stopping threads took: 0.0000288 seconds
2020-12-20T10:01:47.952+0000: 1.284: Total time for which application threads were stopped: 0.0001805 seconds, Stopping threads took: 0.0000294 seconds
{Heap before GC invocations=2 (full 0):
 par new generation   total 60864K, used 57866K [0x00000006fb000000, 0x00000006ff200000, 0x0000000724990000)
  eden space 54144K, 100% used [0x00000006fb000000, 0x00000006fe4e0000, 0x00000006fe4e0000)
  from space 6720K,  55% used [0x00000006fe4e0000, 0x00000006fe882918, 0x00000006feb70000)
  to   space 6720K,   0% used [0x00000006feb70000, 0x00000006feb70000, 0x00000006ff200000)
 concurrent mark-sweep generation total 135168K, used 2859K [0x0000000724990000, 0x000000072cd90000, 0x00000007c0000000)
 Metaspace       used 7961K, capacity 8286K, committed 8448K, reserved 1056768K
  class space    used 866K, capacity 955K, committed 1024K, reserved 1048576K
2020-12-20T10:01:47.970+0000: 1.301: [GC (Allocation Failure) 2020-12-20T10:01:47.970+0000: 1.301: [ParNew
Desired survivor size 3440640 bytes, new threshold 6 (max 6)
- age   1:    2449456 bytes,    2449456 total
- age   2:     112272 bytes,    2561728 total
: 57866K->2754K(60864K), 0.0092667 secs] 60725K->5614K(196032K), 0.0094286 secs] [Times: user=0.03 sys=0.01, real=0.01 secs] 
Heap after GC invocations=3 (full 0):
 par new generation   total 60864K, used 2754K [0x00000006fb000000, 0x00000006ff200000, 0x0000000724990000)
  eden space 54144K,   0% used [0x00000006fb000000, 0x00000006fb000000, 0x00000006fe4e0000)
  from space 6720K,  40% used [0x00000006feb70000, 0x00000006fee20bd8, 0x00000006ff200000)
  to   space 6720K,   0% used [0x00000006fe4e0000, 0x00000006fe4e0000, 0x00000006feb70000)
 concurrent mark-sweep generation total 135168K, used 2859K [0x0000000724990000, 0x000000072cd90000, 0x00000007c0000000)
 Metaspace       used 7961K, capacity 8286K, committed 8448K, reserved 1056768K
  class space    used 866K, capacity 955K, committed 1024K, reserved 1048576K
}
2020-12-20T10:01:47.979+0000: 1.311: Total time for which application threads were stopped: 0.0096965 seconds, Stopping threads took: 0.0001310 seconds
2020-12-20T10:01:48.173+0000: 1.505: Total time for which application threads were stopped: 0.0002176 seconds, Stopping threads took: 0.0000313 seconds
{Heap before GC invocations=3 (full 0):
 par new generation   total 60864K, used 56898K [0x00000006fb000000, 0x00000006ff200000, 0x0000000724990000)
  eden space 54144K, 100% used [0x00000006fb000000, 0x00000006fe4e0000, 0x00000006fe4e0000)
  from space 6720K,  40% used [0x00000006feb70000, 0x00000006fee20bd8, 0x00000006ff200000)
  to   space 6720K,   0% used [0x00000006fe4e0000, 0x00000006fe4e0000, 0x00000006feb70000)
 concurrent mark-sweep generation total 135168K, used 2859K [0x0000000724990000, 0x000000072cd90000, 0x00000007c0000000)
 Metaspace       used 8937K, capacity 9246K, committed 9344K, reserved 1056768K
  class space    used 980K, capacity 1083K, committed 1152K, reserved 1048576K
2020-12-20T10:01:48.232+0000: 1.564: [GC (Allocation Failure) 2020-12-20T10:01:48.232+0000: 1.564: [ParNew
Desired survivor size 3440640 bytes, new threshold 6 (max 6)
- age   1:    1045976 bytes,    1045976 total
- age   2:     337456 bytes,    1383432 total
- age   3:     107544 bytes,    1490976 total
: 56898K->1688K(60864K), 0.0044608 secs] 59758K->4547K(196032K), 0.0046249 secs] [Times: user=0.04 sys=0.00, real=0.01 secs] 
Heap after GC invocations=4 (full 0):
 par new generation   total 60864K, used 1688K [0x00000006fb000000, 0x00000006ff200000, 0x0000000724990000)
  eden space 54144K,   0% used [0x00000006fb000000, 0x00000006fb000000, 0x00000006fe4e0000)
  from space 6720K,  25% used [0x00000006fe4e0000, 0x00000006fe6861d8, 0x00000006feb70000)
  to   space 6720K,   0% used [0x00000006feb70000, 0x00000006feb70000, 0x00000006ff200000)
 concurrent mark-sweep generation total 135168K, used 2859K [0x0000000724990000, 0x000000072cd90000, 0x00000007c0000000)
 Metaspace       used 8937K, capacity 9246K, committed 9344K, reserved 1056768K
  class space    used 980K, capacity 1083K, committed 1152K, reserved 1048576K
}
2020-12-20T10:01:48.237+0000: 1.568: Total time for which application threads were stopped: 0.0047899 seconds, Stopping threads took: 0.0000300 seconds
{Heap before GC invocations=4 (full 0):
 par new generation   total 60864K, used 55832K [0x00000006fb000000, 0x00000006ff200000, 0x0000000724990000)
  eden space 54144K, 100% used [0x00000006fb000000, 0x00000006fe4e0000, 0x00000006fe4e0000)
  from space 6720K,  25% used [0x00000006fe4e0000, 0x00000006fe6861d8, 0x00000006feb70000)
  to   space 6720K,   0% used [0x00000006feb70000, 0x00000006feb70000, 0x00000006ff200000)
 concurrent mark-sweep generation total 135168K, used 2859K [0x0000000724990000, 0x000000072cd90000, 0x00000007c0000000)
 Metaspace       used 9515K, capacity 9774K, committed 9984K, reserved 1058816K
  class space    used 1066K, capacity 1153K, committed 1280K, reserved 1048576K
2020-12-20T10:01:48.404+0000: 1.736: [GC (Allocation Failure) 2020-12-20T10:01:48.404+0000: 1.736: [ParNew
Desired survivor size 3440640 bytes, new threshold 6 (max 6)
- age   1:    1512312 bytes,    1512312 total
- age   2:     337464 bytes,    1849776 total
- age   3:     306008 bytes,    2155784 total
- age   4:     104832 bytes,    2260616 total
: 55832K->2517K(60864K), 0.0051498 secs] 58691K->5376K(196032K), 0.0056310 secs] [Times: user=0.02 sys=0.00, real=0.01 secs] 
Heap after GC invocations=5 (full 0):
 par new generation   total 60864K, used 2517K [0x00000006fb000000, 0x00000006ff200000, 0x0000000724990000)
  eden space 54144K,   0% used [0x00000006fb000000, 0x00000006fb000000, 0x00000006fe4e0000)
  from space 6720K,  37% used [0x00000006feb70000, 0x00000006fede56c8, 0x00000006ff200000)
  to   space 6720K,   0% used [0x00000006fe4e0000, 0x00000006fe4e0000, 0x00000006feb70000)
 concurrent mark-sweep generation total 135168K, used 2859K [0x0000000724990000, 0x000000072cd90000, 0x00000007c0000000)
 Metaspace       used 9515K, capacity 9774K, committed 9984K, reserved 1058816K
  class space    used 1066K, capacity 1153K, committed 1280K, reserved 1048576K
}
2020-12-20T10:01:48.410+0000: 1.742: Total time for which application threads were stopped: 0.0061166 seconds, Stopping threads took: 0.0001417 seconds
{Heap before GC invocations=5 (full 0):
 par new generation   total 60864K, used 56661K [0x00000006fb000000, 0x00000006ff200000, 0x0000000724990000)
  eden space 54144K, 100% used [0x00000006fb000000, 0x00000006fe4e0000, 0x00000006fe4e0000)
  from space 6720K,  37% used [0x00000006feb70000, 0x00000006fede56c8, 0x00000006ff200000)
  to   space 6720K,   0% used [0x00000006fe4e0000, 0x00000006fe4e0000, 0x00000006feb70000)
 concurrent mark-sweep generation total 135168K, used 2859K [0x0000000724990000, 0x000000072cd90000, 0x00000007c0000000)
 Metaspace       used 10426K, capacity 10762K, committed 11136K, reserved 1058816K
  class space    used 1194K, capacity 1291K, committed 1408K, reserved 1048576K
2020-12-20T10:01:48.593+0000: 1.925: [GC (Allocation Failure) 2020-12-20T10:01:48.593+0000: 1.925: [ParNew
Desired survivor size 3440640 bytes, new threshold 6 (max 6)
- age   1:    1760896 bytes,    1760896 total
- age   2:     289712 bytes,    2050608 total
- age   3:     336128 bytes,    2386736 total
- age   4:     304456 bytes,    2691192 total
- age   5:     104320 bytes,    2795512 total
: 56661K->3437K(60864K), 0.0057990 secs] 59520K->6296K(196032K), 0.0060192 secs] [Times: user=0.00 sys=0.01, real=0.01 secs] 
Heap after GC invocations=6 (full 0):
 par new generation   total 60864K, used 3437K [0x00000006fb000000, 0x00000006ff200000, 0x0000000724990000)
  eden space 54144K,   0% used [0x00000006fb000000, 0x00000006fb000000, 0x00000006fe4e0000)
  from space 6720K,  51% used [0x00000006fe4e0000, 0x00000006fe83b478, 0x00000006feb70000)
  to   space 6720K,   0% used [0x00000006feb70000, 0x00000006feb70000, 0x00000006ff200000)
 concurrent mark-sweep generation total 135168K, used 2859K [0x0000000724990000, 0x000000072cd90000, 0x00000007c0000000)
 Metaspace       used 10426K, capacity 10762K, committed 11136K, reserved 1058816K
  class space    used 1194K, capacity 1291K, committed 1408K, reserved 1048576K
}
2020-12-20T10:01:48.599+0000: 1.931: Total time for which application threads were stopped: 0.0063504 seconds, Stopping threads took: 0.0001499 seconds
{Heap before GC invocations=6 (full 0):
 par new generation   total 60864K, used 57581K [0x00000006fb000000, 0x00000006ff200000, 0x0000000724990000)
  eden space 54144K, 100% used [0x00000006fb000000, 0x00000006fe4e0000, 0x00000006fe4e0000)
  from space 6720K,  51% used [0x00000006fe4e0000, 0x00000006fe83b478, 0x00000006feb70000)
  to   space 6720K,   0% used [0x00000006feb70000, 0x00000006feb70000, 0x00000006ff200000)
 concurrent mark-sweep generation total 135168K, used 2859K [0x0000000724990000, 0x000000072cd90000, 0x00000007c0000000)
 Metaspace       used 11320K, capacity 11694K, committed 12032K, reserved 1060864K
  class space    used 1322K, capacity 1429K, committed 1536K, reserved 1048576K
2020-12-20T10:01:48.720+0000: 2.051: [GC (Allocation Failure) 2020-12-20T10:01:48.720+0000: 2.051: [ParNew
Desired survivor size 3440640 bytes, new threshold 6 (max 6)
- age   1:    1551456 bytes,    1551456 total
- age   2:     245736 bytes,    1797192 total
- age   3:     284456 bytes,    2081648 total
- age   4:     335240 bytes,    2416888 total
- age   5:     303496 bytes,    2720384 total
- age   6:     104016 bytes,    2824400 total
: 57581K->3461K(60864K), 0.0041782 secs] 60440K->6321K(196032K), 0.0043231 secs] [Times: user=0.02 sys=0.00, real=0.00 secs] 
Heap after GC invocations=7 (full 0):
 par new generation   total 60864K, used 3461K [0x00000006fb000000, 0x00000006ff200000, 0x0000000724990000)
  eden space 54144K,   0% used [0x00000006fb000000, 0x00000006fb000000, 0x00000006fe4e0000)
  from space 6720K,  51% used [0x00000006feb70000, 0x00000006feed17e8, 0x00000006ff200000)
  to   space 6720K,   0% used [0x00000006fe4e0000, 0x00000006fe4e0000, 0x00000006feb70000)
 concurrent mark-sweep generation total 135168K, used 2859K [0x0000000724990000, 0x000000072cd90000, 0x00000007c0000000)
 Metaspace       used 11320K, capacity 11694K, committed 12032K, reserved 1060864K
  class space    used 1322K, capacity 1429K, committed 1536K, reserved 1048576K
}
2020-12-20T10:01:48.724+0000: 2.056: Total time for which application threads were stopped: 0.0044864 seconds, Stopping threads took: 0.0000123 seconds
{Heap before GC invocations=7 (full 0):
 par new generation   total 60864K, used 57605K [0x00000006fb000000, 0x00000006ff200000, 0x0000000724990000)
  eden space 54144K, 100% used [0x00000006fb000000, 0x00000006fe4e0000, 0x00000006fe4e0000)
  from space 6720K,  51% used [0x00000006feb70000, 0x00000006feed17e8, 0x00000006ff200000)
  to   space 6720K,   0% used [0x00000006fe4e0000, 0x00000006fe4e0000, 0x00000006feb70000)
 concurrent mark-sweep generation total 135168K, used 2859K [0x0000000724990000, 0x000000072cd90000, 0x00000007c0000000)
 Metaspace       used 12653K, capacity 13018K, committed 13184K, reserved 1060864K
  class space    used 1487K, capacity 1585K, committed 1664K, reserved 1048576K
2020-12-20T10:01:48.869+0000: 2.201: [GC (Allocation Failure) 2020-12-20T10:01:48.870+0000: 2.201: [ParNew
Desired survivor size 3440640 bytes, new threshold 6 (max 6)
- age   1:    1622864 bytes,    1622864 total
- age   2:     211152 bytes,    1834016 total
- age   3:     236168 bytes,    2070184 total
- age   4:     280856 bytes,    2351040 total
- age   5:     334576 bytes,    2685616 total
- age   6:     303368 bytes,    2988984 total
: 57605K->3331K(60864K), 0.0043697 secs] 60465K->6294K(196032K), 0.0045275 secs] [Times: user=0.02 sys=0.00, real=0.00 secs] 
Heap after GC invocations=8 (full 0):
 par new generation   total 60864K, used 3331K [0x00000006fb000000, 0x00000006ff200000, 0x0000000724990000)
  eden space 54144K,   0% used [0x00000006fb000000, 0x00000006fb000000, 0x00000006fe4e0000)
  from space 6720K,  49% used [0x00000006fe4e0000, 0x00000006fe820fa8, 0x00000006feb70000)
  to   space 6720K,   0% used [0x00000006feb70000, 0x00000006feb70000, 0x00000006ff200000)
 concurrent mark-sweep generation total 135168K, used 2962K [0x0000000724990000, 0x000000072cd90000, 0x00000007c0000000)
 Metaspace       used 12653K, capacity 13018K, committed 13184K, reserved 1060864K
  class space    used 1487K, capacity 1585K, committed 1664K, reserved 1048576K
}
2020-12-20T10:01:48.874+0000: 2.206: Total time for which application threads were stopped: 0.0046907 seconds, Stopping threads took: 0.0000235 seconds
2020-12-20T10:01:48.998+0000: 2.330: Total time for which application threads were stopped: 0.0002384 seconds, Stopping threads took: 0.0000148 seconds
{Heap before GC invocations=8 (full 0):
 par new generation   total 60864K, used 57475K [0x00000006fb000000, 0x00000006ff200000, 0x0000000724990000)
  eden space 54144K, 100% used [0x00000006fb000000, 0x00000006fe4e0000, 0x00000006fe4e0000)
  from space 6720K,  49% used [0x00000006fe4e0000, 0x00000006fe820fa8, 0x00000006feb70000)
  to   space 6720K,   0% used [0x00000006feb70000, 0x00000006feb70000, 0x00000006ff200000)
 concurrent mark-sweep generation total 135168K, used 2962K [0x0000000724990000, 0x000000072cd90000, 0x00000007c0000000)
 Metaspace       used 13449K, capacity 13926K, committed 14080K, reserved 1060864K
  class space    used 1597K, capacity 1727K, committed 1792K, reserved 1048576K
2020-12-20T10:01:49.003+0000: 2.334: [GC (Allocation Failure) 2020-12-20T10:01:49.003+0000: 2.334: [ParNew
Desired survivor size 3440640 bytes, new threshold 6 (max 6)
- age   1:    1671272 bytes,    1671272 total
- age   2:     416040 bytes,    2087312 total
- age   3:     206200 bytes,    2293512 total
- age   4:     235936 bytes,    2529448 total
- age   5:     280456 bytes,    2809904 total
- age   6:     334560 bytes,    3144464 total
: 57475K->3732K(60864K), 0.0049887 secs] 60438K->6995K(196032K), 0.0051334 secs] [Times: user=0.01 sys=0.00, real=0.01 secs] 
Heap after GC invocations=9 (full 0):
 par new generation   total 60864K, used 3732K [0x00000006fb000000, 0x00000006ff200000, 0x0000000724990000)
  eden space 54144K,   0% used [0x00000006fb000000, 0x00000006fb000000, 0x00000006fe4e0000)
  from space 6720K,  55% used [0x00000006feb70000, 0x00000006fef15030, 0x00000006ff200000)
  to   space 6720K,   0% used [0x00000006fe4e0000, 0x00000006fe4e0000, 0x00000006feb70000)
 concurrent mark-sweep generation total 135168K, used 3263K [0x0000000724990000, 0x000000072cd90000, 0x00000007c0000000)
 Metaspace       used 13449K, capacity 13926K, committed 14080K, reserved 1060864K
  class space    used 1597K, capacity 1727K, committed 1792K, reserved 1048576K
}
2020-12-20T10:01:49.008+0000: 2.340: Total time for which application threads were stopped: 0.0052515 seconds, Stopping threads took: 0.0000120 seconds
{Heap before GC invocations=9 (full 0):
 par new generation   total 60864K, used 57876K [0x00000006fb000000, 0x00000006ff200000, 0x0000000724990000)
  eden space 54144K, 100% used [0x00000006fb000000, 0x00000006fe4e0000, 0x00000006fe4e0000)
  from space 6720K,  55% used [0x00000006feb70000, 0x00000006fef15030, 0x00000006ff200000)
  to   space 6720K,   0% used [0x00000006fe4e0000, 0x00000006fe4e0000, 0x00000006feb70000)
 concurrent mark-sweep generation total 135168K, used 3263K [0x0000000724990000, 0x000000072cd90000, 0x00000007c0000000)
 Metaspace       used 13816K, capacity 14310K, committed 14336K, reserved 1062912K
  class space    used 1653K, capacity 1791K, committed 1792K, reserved 1048576K
2020-12-20T10:01:49.125+0000: 2.456: [GC (Allocation Failure) 2020-12-20T10:01:49.125+0000: 2.456: [ParNew
Desired survivor size 3440640 bytes, new threshold 6 (max 6)
- age   1:    1323824 bytes,    1323824 total
- age   2:     213832 bytes,    1537656 total
- age   3:     415272 bytes,    1952928 total
- age   4:     206288 bytes,    2159216 total
- age   5:     243760 bytes,    2402976 total
- age   6:     280480 bytes,    2683456 total
: 57876K->3532K(60864K), 0.0074364 secs] 61139K->7126K(196032K), 0.0076321 secs] [Times: user=0.04 sys=0.01, real=0.01 secs] 
Heap after GC invocations=10 (full 0):
 par new generation   total 60864K, used 3532K [0x00000006fb000000, 0x00000006ff200000, 0x0000000724990000)
  eden space 54144K,   0% used [0x00000006fb000000, 0x00000006fb000000, 0x00000006fe4e0000)
  from space 6720K,  52% used [0x00000006fe4e0000, 0x00000006fe853280, 0x00000006feb70000)
  to   space 6720K,   0% used [0x00000006feb70000, 0x00000006feb70000, 0x00000006ff200000)
 concurrent mark-sweep generation total 135168K, used 3593K [0x0000000724990000, 0x000000072cd90000, 0x00000007c0000000)
 Metaspace       used 13816K, capacity 14310K, committed 14336K, reserved 1062912K
  class space    used 1653K, capacity 1791K, committed 1792K, reserved 1048576K
}
2020-12-20T10:01:49.132+0000: 2.464: Total time for which application threads were stopped: 0.0078224 seconds, Stopping threads took: 0.0000377 seconds
2020-12-20T10:01:49.217+0000: 2.549: Total time for which application threads were stopped: 0.0002781 seconds, Stopping threads took: 0.0000254 seconds
2020-12-20T10:01:49.237+0000: 2.569: Total time for which application threads were stopped: 0.0002304 seconds, Stopping threads took: 0.0000231 seconds
{Heap before GC invocations=10 (full 0):
 par new generation   total 60864K, used 57676K [0x00000006fb000000, 0x00000006ff200000, 0x0000000724990000)
  eden space 54144K, 100% used [0x00000006fb000000, 0x00000006fe4e0000, 0x00000006fe4e0000)
  from space 6720K,  52% used [0x00000006fe4e0000, 0x00000006fe853280, 0x00000006feb70000)
  to   space 6720K,   0% used [0x00000006feb70000, 0x00000006feb70000, 0x00000006ff200000)
 concurrent mark-sweep generation total 135168K, used 3593K [0x0000000724990000, 0x000000072cd90000, 0x00000007c0000000)
 Metaspace       used 14422K, capacity 14994K, committed 15232K, reserved 1062912K
  class space    used 1719K, capacity 1875K, committed 1920K, reserved 1048576K
2020-12-20T10:01:49.340+0000: 2.672: [GC (Allocation Failure) 2020-12-20T10:01:49.340+0000: 2.672: [ParNew
Desired survivor size 3440640 bytes, new threshold 6 (max 6)
- age   1:    1336944 bytes,    1336944 total
- age   2:      72352 bytes,    1409296 total
- age   3:     194800 bytes,    1604096 total
- age   4:     404608 bytes,    2008704 total
- age   5:     203808 bytes,    2212512 total
- age   6:     235520 bytes,    2448032 total
: 57676K->3172K(60864K), 0.0060530 secs] 61270K->7035K(196032K), 0.0062838 secs] [Times: user=0.03 sys=0.00, real=0.01 secs] 
Heap after GC invocations=11 (full 0):
 par new generation   total 60864K, used 3172K [0x00000006fb000000, 0x00000006ff200000, 0x0000000724990000)
  eden space 54144K,   0% used [0x00000006fb000000, 0x00000006fb000000, 0x00000006fe4e0000)
  from space 6720K,  47% used [0x00000006feb70000, 0x00000006fee891c8, 0x00000006ff200000)
  to   space 6720K,   0% used [0x00000006fe4e0000, 0x00000006fe4e0000, 0x00000006feb70000)
 concurrent mark-sweep generation total 135168K, used 3863K [0x0000000724990000, 0x000000072cd90000, 0x00000007c0000000)
 Metaspace       used 14422K, capacity 14994K, committed 15232K, reserved 1062912K
  class space    used 1719K, capacity 1875K, committed 1920K, reserved 1048576K
}
2020-12-20T10:01:49.347+0000: 2.678: Total time for which application threads were stopped: 0.0064515 seconds, Stopping threads took: 0.0000247 seconds
2020-12-20T10:01:49.416+0000: 2.748: Total time for which application threads were stopped: 0.0005357 seconds, Stopping threads took: 0.0001325 seconds
{Heap before GC invocations=11 (full 0):
 par new generation   total 60864K, used 57316K [0x00000006fb000000, 0x00000006ff200000, 0x0000000724990000)
  eden space 54144K, 100% used [0x00000006fb000000, 0x00000006fe4e0000, 0x00000006fe4e0000)
  from space 6720K,  47% used [0x00000006feb70000, 0x00000006fee891c8, 0x00000006ff200000)
  to   space 6720K,   0% used [0x00000006fe4e0000, 0x00000006fe4e0000, 0x00000006feb70000)
 concurrent mark-sweep generation total 135168K, used 3863K [0x0000000724990000, 0x000000072cd90000, 0x00000007c0000000)
 Metaspace       used 15281K, capacity 15898K, committed 16128K, reserved 1062912K
  class space    used 1817K, capacity 1959K, committed 2048K, reserved 1048576K
2020-12-20T10:01:49.480+0000: 2.812: [GC (Allocation Failure) 2020-12-20T10:01:49.480+0000: 2.812: [ParNew
Desired survivor size 3440640 bytes, new threshold 4 (max 6)
- age   1:    3049208 bytes,    3049208 total
- age   2:     273832 bytes,    3323040 total
- age   3:      71600 bytes,    3394640 total
- age   4:     186696 bytes,    3581336 total
- age   5:     326240 bytes,    3907576 total
- age   6:     200752 bytes,    4108328 total
: 57316K->4688K(60864K), 0.0064424 secs] 61179K->8789K(196032K), 0.0066037 secs] [Times: user=0.03 sys=0.00, real=0.01 secs] 
Heap after GC invocations=12 (full 0):
 par new generation   total 60864K, used 4688K [0x00000006fb000000, 0x00000006ff200000, 0x0000000724990000)
  eden space 54144K,   0% used [0x00000006fb000000, 0x00000006fb000000, 0x00000006fe4e0000)
  from space 6720K,  69% used [0x00000006fe4e0000, 0x00000006fe974018, 0x00000006feb70000)
  to   space 6720K,   0% used [0x00000006feb70000, 0x00000006feb70000, 0x00000006ff200000)
 concurrent mark-sweep generation total 135168K, used 4101K [0x0000000724990000, 0x000000072cd90000, 0x00000007c0000000)
 Metaspace       used 15281K, capacity 15898K, committed 16128K, reserved 1062912K
  class space    used 1817K, capacity 1959K, committed 2048K, reserved 1048576K
}
2020-12-20T10:01:49.487+0000: 2.818: Total time for which application threads were stopped: 0.0068029 seconds, Stopping threads took: 0.0000753 seconds
{Heap before GC invocations=12 (full 0):
 par new generation   total 60864K, used 58832K [0x00000006fb000000, 0x00000006ff200000, 0x0000000724990000)
  eden space 54144K, 100% used [0x00000006fb000000, 0x00000006fe4e0000, 0x00000006fe4e0000)
  from space 6720K,  69% used [0x00000006fe4e0000, 0x00000006fe974018, 0x00000006feb70000)
  to   space 6720K,   0% used [0x00000006feb70000, 0x00000006feb70000, 0x00000006ff200000)
 concurrent mark-sweep generation total 135168K, used 4101K [0x0000000724990000, 0x000000072cd90000, 0x00000007c0000000)
 Metaspace       used 16127K, capacity 16740K, committed 17024K, reserved 1064960K
  class space    used 1920K, capacity 2092K, committed 2176K, reserved 1048576K
2020-12-20T10:01:49.552+0000: 2.884: [GC (Allocation Failure) 2020-12-20T10:01:49.552+0000: 2.884: [ParNew
Desired survivor size 3440640 bytes, new threshold 3 (max 6)
- age   1:    2568248 bytes,    2568248 total
- age   2:     738448 bytes,    3306696 total
- age   3:     270608 bytes,    3577304 total
- age   4:      71120 bytes,    3648424 total
: 58832K->4725K(60864K), 0.0086717 secs] 62933K->9534K(196032K), 0.0088220 secs] [Times: user=0.04 sys=0.00, real=0.01 secs] 
Heap after GC invocations=13 (full 0):
 par new generation   total 60864K, used 4725K [0x00000006fb000000, 0x00000006ff200000, 0x0000000724990000)
  eden space 54144K,   0% used [0x00000006fb000000, 0x00000006fb000000, 0x00000006fe4e0000)
  from space 6720K,  70% used [0x00000006feb70000, 0x00000006ff00d540, 0x00000006ff200000)
  to   space 6720K,   0% used [0x00000006fe4e0000, 0x00000006fe4e0000, 0x00000006feb70000)
 concurrent mark-sweep generation total 135168K, used 4808K [0x0000000724990000, 0x000000072cd90000, 0x00000007c0000000)
 Metaspace       used 16127K, capacity 16740K, committed 17024K, reserved 1064960K
  class space    used 1920K, capacity 2092K, committed 2176K, reserved 1048576K
}
2020-12-20T10:01:49.561+0000: 2.892: Total time for which application threads were stopped: 0.0090677 seconds, Stopping threads took: 0.0001007 seconds
{Heap before GC invocations=13 (full 0):
 par new generation   total 60864K, used 58869K [0x00000006fb000000, 0x00000006ff200000, 0x0000000724990000)
  eden space 54144K, 100% used [0x00000006fb000000, 0x00000006fe4e0000, 0x00000006fe4e0000)
  from space 6720K,  70% used [0x00000006feb70000, 0x00000006ff00d540, 0x00000006ff200000)
  to   space 6720K,   0% used [0x00000006fe4e0000, 0x00000006fe4e0000, 0x00000006feb70000)
 concurrent mark-sweep generation total 135168K, used 4808K [0x0000000724990000, 0x000000072cd90000, 0x00000007c0000000)
 Metaspace       used 17153K, capacity 17748K, committed 17920K, reserved 1064960K
  class space    used 2025K, capacity 2192K, committed 2304K, reserved 1048576K
2020-12-20T10:01:49.630+0000: 2.961: [GC (Allocation Failure) 2020-12-20T10:01:49.630+0000: 2.962: [ParNew
Desired survivor size 3440640 bytes, new threshold 6 (max 6)
- age   1:    2411592 bytes,    2411592 total
- age   2:     204728 bytes,    2616320 total
- age   3:     720336 bytes,    3336656 total
: 58869K->3857K(60864K), 0.0059980 secs] 63678K->9003K(196032K), 0.0061423 secs] [Times: user=0.02 sys=0.00, real=0.01 secs] 
Heap after GC invocations=14 (full 0):
 par new generation   total 60864K, used 3857K [0x00000006fb000000, 0x00000006ff200000, 0x0000000724990000)
  eden space 54144K,   0% used [0x00000006fb000000, 0x00000006fb000000, 0x00000006fe4e0000)
  from space 6720K,  57% used [0x00000006fe4e0000, 0x00000006fe8a45d0, 0x00000006feb70000)
  to   space 6720K,   0% used [0x00000006feb70000, 0x00000006feb70000, 0x00000006ff200000)
 concurrent mark-sweep generation total 135168K, used 5145K [0x0000000724990000, 0x000000072cd90000, 0x00000007c0000000)
 Metaspace       used 17153K, capacity 17748K, committed 17920K, reserved 1064960K
  class space    used 2025K, capacity 2192K, committed 2304K, reserved 1048576K
}
2020-12-20T10:01:49.636+0000: 2.968: Total time for which application threads were stopped: 0.0063979 seconds, Stopping threads took: 0.0001139 seconds
{Heap before GC invocations=14 (full 0):
 par new generation   total 60864K, used 58001K [0x00000006fb000000, 0x00000006ff200000, 0x0000000724990000)
  eden space 54144K, 100% used [0x00000006fb000000, 0x00000006fe4e0000, 0x00000006fe4e0000)
  from space 6720K,  57% used [0x00000006fe4e0000, 0x00000006fe8a45d0, 0x00000006feb70000)
  to   space 6720K,   0% used [0x00000006feb70000, 0x00000006feb70000, 0x00000006ff200000)
 concurrent mark-sweep generation total 135168K, used 5145K [0x0000000724990000, 0x000000072cd90000, 0x00000007c0000000)
 Metaspace       used 18118K, capacity 18746K, committed 18944K, reserved 1067008K
  class space    used 2118K, capacity 2265K, committed 2304K, reserved 1048576K
2020-12-20T10:01:49.705+0000: 3.036: [GC (Allocation Failure) 2020-12-20T10:01:49.705+0000: 3.036: [ParNew
Desired survivor size 3440640 bytes, new threshold 6 (max 6)
- age   1:    1233400 bytes,    1233400 total
- age   2:     198288 bytes,    1431688 total
- age   3:     186264 bytes,    1617952 total
- age   4:     703264 bytes,    2321216 total
: 58001K->2982K(60864K), 0.0042088 secs] 63147K->8127K(196032K), 0.0043815 secs] [Times: user=0.03 sys=0.00, real=0.01 secs] 
Heap after GC invocations=15 (full 0):
 par new generation   total 60864K, used 2982K [0x00000006fb000000, 0x00000006ff200000, 0x0000000724990000)
  eden space 54144K,   0% used [0x00000006fb000000, 0x00000006fb000000, 0x00000006fe4e0000)
  from space 6720K,  44% used [0x00000006feb70000, 0x00000006fee59820, 0x00000006ff200000)
  to   space 6720K,   0% used [0x00000006fe4e0000, 0x00000006fe4e0000, 0x00000006feb70000)
 concurrent mark-sweep generation total 135168K, used 5145K [0x0000000724990000, 0x000000072cd90000, 0x00000007c0000000)
 Metaspace       used 18118K, capacity 18746K, committed 18944K, reserved 1067008K
  class space    used 2118K, capacity 2265K, committed 2304K, reserved 1048576K
}
2020-12-20T10:01:49.709+0000: 3.041: Total time for which application threads were stopped: 0.0046588 seconds, Stopping threads took: 0.0001169 seconds
2020-12-20T10:01:49.766+0000: 3.098: Total time for which application threads were stopped: 0.0003238 seconds, Stopping threads took: 0.0000173 seconds
{Heap before GC invocations=15 (full 0):
 par new generation   total 60864K, used 57126K [0x00000006fb000000, 0x00000006ff200000, 0x0000000724990000)
  eden space 54144K, 100% used [0x00000006fb000000, 0x00000006fe4e0000, 0x00000006fe4e0000)
  from space 6720K,  44% used [0x00000006feb70000, 0x00000006fee59820, 0x00000006ff200000)
  to   space 6720K,   0% used [0x00000006fe4e0000, 0x00000006fe4e0000, 0x00000006feb70000)
 concurrent mark-sweep generation total 135168K, used 5145K [0x0000000724990000, 0x000000072cd90000, 0x00000007c0000000)
 Metaspace       used 19329K, capacity 19930K, committed 20096K, reserved 1067008K
  class space    used 2286K, capacity 2425K, committed 2432K, reserved 1048576K
2020-12-20T10:01:49.805+0000: 3.137: [GC (Allocation Failure) 2020-12-20T10:01:49.806+0000: 3.137: [ParNew
Desired survivor size 3440640 bytes, new threshold 6 (max 6)
- age   1:    1374776 bytes,    1374776 total
- age   2:     207128 bytes,    1581904 total
- age   3:     187520 bytes,    1769424 total
- age   4:     183848 bytes,    1953272 total
- age   5:     702592 bytes,    2655864 total
: 57126K->3008K(60864K), 0.0075878 secs] 62271K->8154K(196032K), 0.0079287 secs] [Times: user=0.02 sys=0.01, real=0.00 secs] 
Heap after GC invocations=16 (full 0):
 par new generation   total 60864K, used 3008K [0x00000006fb000000, 0x00000006ff200000, 0x0000000724990000)
  eden space 54144K,   0% used [0x00000006fb000000, 0x00000006fb000000, 0x00000006fe4e0000)
  from space 6720K,  44% used [0x00000006fe4e0000, 0x00000006fe7d0090, 0x00000006feb70000)
  to   space 6720K,   0% used [0x00000006feb70000, 0x00000006feb70000, 0x00000006ff200000)
 concurrent mark-sweep generation total 135168K, used 5145K [0x0000000724990000, 0x000000072cd90000, 0x00000007c0000000)
 Metaspace       used 19329K, capacity 19930K, committed 20096K, reserved 1067008K
  class space    used 2286K, capacity 2425K, committed 2432K, reserved 1048576K
}
2020-12-20T10:01:49.814+0000: 3.145: Total time for which application threads were stopped: 0.0083081 seconds, Stopping threads took: 0.0001112 seconds
{Heap before GC invocations=16 (full 0):
 par new generation   total 60864K, used 57152K [0x00000006fb000000, 0x00000006ff200000, 0x0000000724990000)
  eden space 54144K, 100% used [0x00000006fb000000, 0x00000006fe4e0000, 0x00000006fe4e0000)
  from space 6720K,  44% used [0x00000006fe4e0000, 0x00000006fe7d0090, 0x00000006feb70000)
  to   space 6720K,   0% used [0x00000006feb70000, 0x00000006feb70000, 0x00000006ff200000)
 concurrent mark-sweep generation total 135168K, used 5145K [0x0000000724990000, 0x000000072cd90000, 0x00000007c0000000)
 Metaspace       used 20147K, capacity 20762K, committed 20992K, reserved 1067008K
  class space    used 2410K, capacity 2553K, committed 2560K, reserved 1048576K
2020-12-20T10:01:49.892+0000: 3.223: [GC (Allocation Failure) 2020-12-20T10:01:49.892+0000: 3.223: [ParNew
Desired survivor size 3440640 bytes, new threshold 6 (max 6)
- age   1:    1856384 bytes,    1856384 total
- age   2:     425184 bytes,    2281568 total
- age   3:     204520 bytes,    2486088 total
- age   4:     187472 bytes,    2673560 total
- age   5:     183832 bytes,    2857392 total
- age   6:     702792 bytes,    3560184 total
: 57152K->4134K(60864K), 0.0108805 secs] 62298K->9280K(196032K), 0.0110156 secs] [Times: user=0.07 sys=0.00, real=0.01 secs] 
Heap after GC invocations=17 (full 0):
 par new generation   total 60864K, used 4134K [0x00000006fb000000, 0x00000006ff200000, 0x0000000724990000)
  eden space 54144K,   0% used [0x00000006fb000000, 0x00000006fb000000, 0x00000006fe4e0000)
  from space 6720K,  61% used [0x00000006feb70000, 0x00000006fef79968, 0x00000006ff200000)
  to   space 6720K,   0% used [0x00000006fe4e0000, 0x00000006fe4e0000, 0x00000006feb70000)
 concurrent mark-sweep generation total 135168K, used 5145K [0x0000000724990000, 0x000000072cd90000, 0x00000007c0000000)
 Metaspace       used 20147K, capacity 20762K, committed 20992K, reserved 1067008K
  class space    used 2410K, capacity 2553K, committed 2560K, reserved 1048576K
}
2020-12-20T10:01:49.903+0000: 3.234: Total time for which application threads were stopped: 0.0111686 seconds, Stopping threads took: 0.0000311 seconds
2020-12-20T10:01:49.916+0000: 3.248: Total time for which application threads were stopped: 0.0001348 seconds, Stopping threads took: 0.0000850 seconds
2020-12-20T10:01:49.941+0000: 3.273: Total time for which application threads were stopped: 0.0001533 seconds, Stopping threads took: 0.0001003 seconds
2020-12-20T10:01:49.957+0000: 3.289: Total time for which application threads were stopped: 0.0003458 seconds, Stopping threads took: 0.0002887 seconds
2020-12-20T10:01:49.957+0000: 3.289: Total time for which application threads were stopped: 0.0001502 seconds, Stopping threads took: 0.0001251 seconds
2020-12-20T10:01:49.964+0000: 3.296: Total time for which application threads were stopped: 0.0008787 seconds, Stopping threads took: 0.0006603 seconds
{Heap before GC invocations=17 (full 0):
 par new generation   total 60864K, used 58278K [0x00000006fb000000, 0x00000006ff200000, 0x0000000724990000)
  eden space 54144K, 100% used [0x00000006fb000000, 0x00000006fe4e0000, 0x00000006fe4e0000)
  from space 6720K,  61% used [0x00000006feb70000, 0x00000006fef79968, 0x00000006ff200000)
  to   space 6720K,   0% used [0x00000006fe4e0000, 0x00000006fe4e0000, 0x00000006feb70000)
 concurrent mark-sweep generation total 135168K, used 5145K [0x0000000724990000, 0x000000072cd90000, 0x00000007c0000000)
 Metaspace       used 21456K, capacity 22096K, committed 22292K, reserved 1069056K
  class space    used 2532K, capacity 2706K, committed 2812K, reserved 1048576K
2020-12-20T10:01:49.980+0000: 3.312: [GC (Allocation Failure) 2020-12-20T10:01:49.980+0000: 3.312: [ParNew
Desired survivor size 3440640 bytes, new threshold 6 (max 6)
- age   1:    1606616 bytes,    1606616 total
- age   2:     459720 bytes,    2066336 total
- age   3:     347704 bytes,    2414040 total
- age   4:     201336 bytes,    2615376 total
- age   5:     187472 bytes,    2802848 total
- age   6:     183816 bytes,    2986664 total
: 58278K->4253K(60864K), 0.0052562 secs] 63424K->10100K(196032K), 0.0053702 secs] [Times: user=0.03 sys=0.00, real=0.01 secs] 
Heap after GC invocations=18 (full 0):
 par new generation   total 60864K, used 4253K [0x00000006fb000000, 0x00000006ff200000, 0x0000000724990000)
  eden space 54144K,   0% used [0x00000006fb000000, 0x00000006fb000000, 0x00000006fe4e0000)
  from space 6720K,  63% used [0x00000006fe4e0000, 0x00000006fe9077d8, 0x00000006feb70000)
  to   space 6720K,   0% used [0x00000006feb70000, 0x00000006feb70000, 0x00000006ff200000)
 concurrent mark-sweep generation total 135168K, used 5846K [0x0000000724990000, 0x000000072cd90000, 0x00000007c0000000)
 Metaspace       used 21456K, capacity 22096K, committed 22292K, reserved 1069056K
  class space    used 2532K, capacity 2706K, committed 2812K, reserved 1048576K
}
2020-12-20T10:01:49.986+0000: 3.317: Total time for which application threads were stopped: 0.0057819 seconds, Stopping threads took: 0.0002863 seconds
2020-12-20T10:01:49.986+0000: 3.318: [GC (CMS Initial Mark) [1 CMS-initial-mark: 5846K(135168K)] 11204K(196032K), 0.0017558 secs] [Times: user=0.01 sys=0.00, real=0.00 secs] 
2020-12-20T10:01:49.988+0000: 3.320: Total time for which application threads were stopped: 0.0019755 seconds, Stopping threads took: 0.0001029 seconds
2020-12-20T10:01:49.988+0000: 3.320: [CMS-concurrent-mark-start]
2020-12-20T10:01:49.996+0000: 3.328: [CMS-concurrent-mark: 0.008/0.008 secs] [Times: user=0.03 sys=0.00, real=0.01 secs] 
2020-12-20T10:01:49.996+0000: 3.328: [CMS-concurrent-preclean-start]
2020-12-20T10:01:49.997+0000: 3.329: Total time for which application threads were stopped: 0.0001644 seconds, Stopping threads took: 0.0000761 seconds
2020-12-20T10:01:49.998+0000: 3.329: [CMS-concurrent-preclean: 0.001/0.001 secs] [Times: user=0.01 sys=0.00, real=0.00 secs] 
2020-12-20T10:01:49.998+0000: 3.329: Total time for which application threads were stopped: 0.0001168 seconds, Stopping threads took: 0.0000862 seconds
2020-12-20T10:01:49.998+0000: 3.329: [CMS-concurrent-abortable-preclean-start]
2020-12-20T10:01:50.027+0000: 3.359: Total time for which application threads were stopped: 0.0003019 seconds, Stopping threads took: 0.0001879 seconds
2020-12-20T10:01:50.053+0000: 3.384: Total time for which application threads were stopped: 0.0002304 seconds, Stopping threads took: 0.0001646 seconds
2020-12-20T10:01:50.053+0000: 3.384: [CMS-concurrent-abortable-preclean: 0.037/0.055 secs] [Times: user=0.18 sys=0.01, real=0.05 secs] 
2020-12-20T10:01:50.053+0000: 3.385: [GC (CMS Final Remark) [YG occupancy: 50967 K (60864 K)]2020-12-20T10:01:50.053+0000: 3.385: [Rescan (parallel) , 0.0084825 secs]2020-12-20T10:01:50.062+0000: 3.393: [weak refs processing, 0.0008043 secs]2020-12-20T10:01:50.062+0000: 3.394: [class unloading, 0.0036111 secs]2020-12-20T10:01:50.066+0000: 3.398: [scrub symbol table, 0.0034369 secs]2020-12-20T10:01:50.070+0000: 3.401: [scrub string table, 0.0002684 secs][1 CMS-remark: 5846K(135168K)] 56813K(196032K), 0.0169911 secs] [Times: user=0.07 sys=0.00, real=0.02 secs] 
2020-12-20T10:01:50.070+0000: 3.402: Total time for which application threads were stopped: 0.0171817 seconds, Stopping threads took: 0.0001304 seconds
2020-12-20T10:01:50.070+0000: 3.402: [CMS-concurrent-sweep-start]
2020-12-20T10:01:50.073+0000: 3.404: [CMS-concurrent-sweep: 0.002/0.002 secs] [Times: user=0.00 sys=0.00, real=0.00 secs] 
2020-12-20T10:01:50.073+0000: 3.404: [CMS-concurrent-reset-start]
{Heap before GC invocations=18 (full 1):
 par new generation   total 60864K, used 58397K [0x00000006fb000000, 0x00000006ff200000, 0x0000000724990000)
  eden space 54144K, 100% used [0x00000006fb000000, 0x00000006fe4e0000, 0x00000006fe4e0000)
  from space 6720K,  63% used [0x00000006fe4e0000, 0x00000006fe9077d8, 0x00000006feb70000)
  to   space 6720K,   0% used [0x00000006feb70000, 0x00000006feb70000, 0x00000006ff200000)
 concurrent mark-sweep generation total 135168K, used 5696K [0x0000000724990000, 0x000000072cd90000, 0x00000007c0000000)
 Metaspace       used 22358K, capacity 23044K, committed 23212K, reserved 1069056K
  class space    used 2651K, capacity 2806K, committed 2812K, reserved 1048576K
2020-12-20T10:01:50.108+0000: 3.439: [GC (Allocation Failure) 2020-12-20T10:01:50.108+0000: 3.439: [ParNew
Desired survivor size 3440640 bytes, new threshold 6 (max 6)
- age   1:    1077800 bytes,    1077800 total
- age   2:     385312 bytes,    1463112 total
- age   3:     455304 bytes,    1918416 total
- age   4:     346424 bytes,    2264840 total
- age   5:     200816 bytes,    2465656 total
- age   6:     187472 bytes,    2653128 total
: 58397K->2941K(60864K), 0.0132027 secs] 64094K->8821K(196032K), 0.0133718 secs] [Times: user=0.07 sys=0.01, real=0.01 secs] 
Heap after GC invocations=19 (full 1):
 par new generation   total 60864K, used 2941K [0x00000006fb000000, 0x00000006ff200000, 0x0000000724990000)
  eden space 54144K,   0% used [0x00000006fb000000, 0x00000006fb000000, 0x00000006fe4e0000)
  from space 6720K,  43% used [0x00000006feb70000, 0x00000006fee4f678, 0x00000006ff200000)
  to   space 6720K,   0% used [0x00000006fe4e0000, 0x00000006fe4e0000, 0x00000006feb70000)
 concurrent mark-sweep generation total 135168K, used 5879K [0x0000000724990000, 0x000000072cd90000, 0x00000007c0000000)
 Metaspace       used 22358K, capacity 23044K, committed 23212K, reserved 1069056K
  class space    used 2651K, capacity 2806K, committed 2812K, reserved 1048576K
}
2020-12-20T10:01:50.121+0000: 3.453: Total time for which application threads were stopped: 0.0139301 seconds, Stopping threads took: 0.0003759 seconds
2020-12-20T10:01:50.130+0000: 3.461: [CMS-concurrent-reset: 0.043/0.057 secs] [Times: user=0.23 sys=0.08, real=0.06 secs] 
{Heap before GC invocations=19 (full 1):
 par new generation   total 60864K, used 57085K [0x00000006fb000000, 0x00000006ff200000, 0x0000000724990000)
  eden space 54144K, 100% used [0x00000006fb000000, 0x00000006fe4e0000, 0x00000006fe4e0000)
  from space 6720K,  43% used [0x00000006feb70000, 0x00000006fee4f678, 0x00000006ff200000)
  to   space 6720K,   0% used [0x00000006fe4e0000, 0x00000006fe4e0000, 0x00000006feb70000)
 concurrent mark-sweep generation total 135168K, used 5879K [0x0000000724990000, 0x000000072cd90000, 0x00000007c0000000)
 Metaspace       used 22902K, capacity 23596K, committed 23676K, reserved 1071104K
  class space    used 2744K, capacity 2922K, committed 2940K, reserved 1048576K
2020-12-20T10:01:50.288+0000: 3.620: [GC (Allocation Failure) 2020-12-20T10:01:50.288+0000: 3.620: [ParNew
Desired survivor size 3440640 bytes, new threshold 4 (max 6)
- age   1:    2293728 bytes,    2293728 total
- age   2:     527792 bytes,    2821520 total
- age   3:     383152 bytes,    3204672 total
- age   4:     454864 bytes,    3659536 total
- age   5:     340304 bytes,    3999840 total
- age   6:     189448 bytes,    4189288 total
: 57085K->5195K(60864K), 0.0062791 secs] 62965K->11252K(196032K), 0.0064023 secs] [Times: user=0.02 sys=0.00, real=0.00 secs] 
Heap after GC invocations=20 (full 1):
 par new generation   total 60864K, used 5195K [0x00000006fb000000, 0x00000006ff200000, 0x0000000724990000)
  eden space 54144K,   0% used [0x00000006fb000000, 0x00000006fb000000, 0x00000006fe4e0000)
  from space 6720K,  77% used [0x00000006fe4e0000, 0x00000006fe9f2ec0, 0x00000006feb70000)
  to   space 6720K,   0% used [0x00000006feb70000, 0x00000006feb70000, 0x00000006ff200000)
 concurrent mark-sweep generation total 135168K, used 6057K [0x0000000724990000, 0x000000072cd90000, 0x00000007c0000000)
 Metaspace       used 22902K, capacity 23596K, committed 23676K, reserved 1071104K
  class space    used 2744K, capacity 2922K, committed 2940K, reserved 1048576K
}
2020-12-20T10:01:50.295+0000: 3.626: Total time for which application threads were stopped: 0.0068128 seconds, Stopping threads took: 0.0000115 seconds
2020-12-20T10:01:50.379+0000: 3.711: Total time for which application threads were stopped: 0.0003065 seconds, Stopping threads took: 0.0000162 seconds
{Heap before GC invocations=20 (full 1):
 par new generation   total 60864K, used 59339K [0x00000006fb000000, 0x00000006ff200000, 0x0000000724990000)
  eden space 54144K, 100% used [0x00000006fb000000, 0x00000006fe4e0000, 0x00000006fe4e0000)
  from space 6720K,  77% used [0x00000006fe4e0000, 0x00000006fe9f2ec0, 0x00000006feb70000)
  to   space 6720K,   0% used [0x00000006feb70000, 0x00000006feb70000, 0x00000006ff200000)
 concurrent mark-sweep generation total 135168K, used 6057K [0x0000000724990000, 0x000000072cd90000, 0x00000007c0000000)
 Metaspace       used 23512K, capacity 24206K, committed 24316K, reserved 1071104K
  class space    used 2810K, capacity 2995K, committed 3068K, reserved 1048576K
2020-12-20T10:01:50.440+0000: 3.772: [GC (Allocation Failure) 2020-12-20T10:01:50.440+0000: 3.772: [ParNew
Desired survivor size 3440640 bytes, new threshold 6 (max 6)
- age   1:     931584 bytes,     931584 total
- age   2:     387200 bytes,    1318784 total
- age   3:     527176 bytes,    1845960 total
- age   4:     383104 bytes,    2229064 total
: 59339K->3479K(60864K), 0.0078287 secs] 65396K->10512K(196032K), 0.0080041 secs] [Times: user=0.06 sys=0.00, real=0.01 secs] 
Heap after GC invocations=21 (full 1):
 par new generation   total 60864K, used 3479K [0x00000006fb000000, 0x00000006ff200000, 0x0000000724990000)
  eden space 54144K,   0% used [0x00000006fb000000, 0x00000006fb000000, 0x00000006fe4e0000)
  from space 6720K,  51% used [0x00000006feb70000, 0x00000006feed5cc0, 0x00000006ff200000)
  to   space 6720K,   0% used [0x00000006fe4e0000, 0x00000006fe4e0000, 0x00000006feb70000)
 concurrent mark-sweep generation total 135168K, used 7033K [0x0000000724990000, 0x000000072cd90000, 0x00000007c0000000)
 Metaspace       used 23512K, capacity 24206K, committed 24316K, reserved 1071104K
  class space    used 2810K, capacity 2995K, committed 3068K, reserved 1048576K
}
2020-12-20T10:01:50.448+0000: 3.780: Total time for which application threads were stopped: 0.0082232 seconds, Stopping threads took: 0.0000345 seconds
{Heap before GC invocations=21 (full 1):
 par new generation   total 60864K, used 57623K [0x00000006fb000000, 0x00000006ff200000, 0x0000000724990000)
  eden space 54144K, 100% used [0x00000006fb000000, 0x00000006fe4e0000, 0x00000006fe4e0000)
  from space 6720K,  51% used [0x00000006feb70000, 0x00000006feed5cc0, 0x00000006ff200000)
  to   space 6720K,   0% used [0x00000006fe4e0000, 0x00000006fe4e0000, 0x00000006feb70000)
 concurrent mark-sweep generation total 135168K, used 7033K [0x0000000724990000, 0x000000072cd90000, 0x00000007c0000000)
 Metaspace       used 24498K, capacity 25272K, committed 25468K, reserved 1071104K
  class space    used 2928K, capacity 3120K, committed 3196K, reserved 1048576K
2020-12-20T10:01:50.736+0000: 4.068: [GC (Allocation Failure) 2020-12-20T10:01:50.736+0000: 4.068: [ParNew
Desired survivor size 3440640 bytes, new threshold 5 (max 6)
- age   1:    1692304 bytes,    1692304 total
- age   2:     518136 bytes,    2210440 total
- age   3:     377216 bytes,    2587656 total
- age   4:     527176 bytes,    3114832 total
- age   5:     383072 bytes,    3497904 total
: 57623K->3996K(60864K), 0.0035878 secs] 64656K->11029K(196032K), 0.0037253 secs] [Times: user=0.02 sys=0.00, real=0.00 secs] 
Heap after GC invocations=22 (full 1):
 par new generation   total 60864K, used 3996K [0x00000006fb000000, 0x00000006ff200000, 0x0000000724990000)
  eden space 54144K,   0% used [0x00000006fb000000, 0x00000006fb000000, 0x00000006fe4e0000)
  from space 6720K,  59% used [0x00000006fe4e0000, 0x00000006fe8c7030, 0x00000006feb70000)
  to   space 6720K,   0% used [0x00000006feb70000, 0x00000006feb70000, 0x00000006ff200000)
 concurrent mark-sweep generation total 135168K, used 7033K [0x0000000724990000, 0x000000072cd90000, 0x00000007c0000000)
 Metaspace       used 24498K, capacity 25272K, committed 25468K, reserved 1071104K
  class space    used 2928K, capacity 3120K, committed 3196K, reserved 1048576K
}
2020-12-20T10:01:50.740+0000: 4.071: Total time for which application threads were stopped: 0.0039084 seconds, Stopping threads took: 0.0000261 seconds
{Heap before GC invocations=22 (full 1):
 par new generation   total 60864K, used 58140K [0x00000006fb000000, 0x00000006ff200000, 0x0000000724990000)
  eden space 54144K, 100% used [0x00000006fb000000, 0x00000006fe4e0000, 0x00000006fe4e0000)
  from space 6720K,  59% used [0x00000006fe4e0000, 0x00000006fe8c7030, 0x00000006feb70000)
  to   space 6720K,   0% used [0x00000006feb70000, 0x00000006feb70000, 0x00000006ff200000)
 concurrent mark-sweep generation total 135168K, used 7033K [0x0000000724990000, 0x000000072cd90000, 0x00000007c0000000)
 Metaspace       used 24817K, capacity 25638K, committed 25724K, reserved 1071104K
  class space    used 2967K, capacity 3165K, committed 3196K, reserved 1048576K
2020-12-20T10:01:51.022+0000: 4.353: [GC (Allocation Failure) 2020-12-20T10:01:51.022+0000: 4.353: [ParNew
Desired survivor size 3440640 bytes, new threshold 2 (max 6)
- age   1:    2531592 bytes,    2531592 total
- age   2:    1112416 bytes,    3644008 total
- age   3:     510480 bytes,    4154488 total
- age   4:     375384 bytes,    4529872 total
- age   5:     526760 bytes,    5056632 total
: 58140K->6148K(60864K), 0.0100728 secs] 65173K->13563K(196032K), 0.0102380 secs] [Times: user=0.07 sys=0.00, real=0.01 secs] 
Heap after GC invocations=23 (full 1):
 par new generation   total 60864K, used 6148K [0x00000006fb000000, 0x00000006ff200000, 0x0000000724990000)
  eden space 54144K,   0% used [0x00000006fb000000, 0x00000006fb000000, 0x00000006fe4e0000)
  from space 6720K,  91% used [0x00000006feb70000, 0x00000006ff171088, 0x00000006ff200000)
  to   space 6720K,   0% used [0x00000006fe4e0000, 0x00000006fe4e0000, 0x00000006feb70000)
 concurrent mark-sweep generation total 135168K, used 7415K [0x0000000724990000, 0x000000072cd90000, 0x00000007c0000000)
 Metaspace       used 24817K, capacity 25638K, committed 25724K, reserved 1071104K
  class space    used 2967K, capacity 3165K, committed 3196K, reserved 1048576K
}
2020-12-20T10:01:51.032+0000: 4.364: Total time for which application threads were stopped: 0.0104641 seconds, Stopping threads took: 0.0000276 seconds
{Heap before GC invocations=23 (full 1):
 par new generation   total 60864K, used 60292K [0x00000006fb000000, 0x00000006ff200000, 0x0000000724990000)
  eden space 54144K, 100% used [0x00000006fb000000, 0x00000006fe4e0000, 0x00000006fe4e0000)
  from space 6720K,  91% used [0x00000006feb70000, 0x00000006ff171088, 0x00000006ff200000)
  to   space 6720K,   0% used [0x00000006fe4e0000, 0x00000006fe4e0000, 0x00000006feb70000)
 concurrent mark-sweep generation total 135168K, used 7415K [0x0000000724990000, 0x000000072cd90000, 0x00000007c0000000)
 Metaspace       used 24967K, capacity 25806K, committed 26108K, reserved 1073152K
  class space    used 3000K, capacity 3197K, committed 3324K, reserved 1048576K
2020-12-20T10:01:51.105+0000: 4.437: [GC (Allocation Failure) 2020-12-20T10:01:51.105+0000: 4.437: [ParNew
Desired survivor size 3440640 bytes, new threshold 6 (max 6)
- age   1:    1282968 bytes,    1282968 total
- age   2:    1204840 bytes,    2487808 total
: 60292K->4125K(60864K), 0.0105028 secs] 67707K->14035K(196032K), 0.0106468 secs] [Times: user=0.05 sys=0.01, real=0.01 secs] 
Heap after GC invocations=24 (full 1):
 par new generation   total 60864K, used 4125K [0x00000006fb000000, 0x00000006ff200000, 0x0000000724990000)
  eden space 54144K,   0% used [0x00000006fb000000, 0x00000006fb000000, 0x00000006fe4e0000)
  from space 6720K,  61% used [0x00000006fe4e0000, 0x00000006fe8e74e8, 0x00000006feb70000)
  to   space 6720K,   0% used [0x00000006feb70000, 0x00000006feb70000, 0x00000006ff200000)
 concurrent mark-sweep generation total 135168K, used 9910K [0x0000000724990000, 0x000000072cd90000, 0x00000007c0000000)
 Metaspace       used 24967K, capacity 25806K, committed 26108K, reserved 1073152K
  class space    used 3000K, capacity 3197K, committed 3324K, reserved 1048576K
}
2020-12-20T10:01:51.116+0000: 4.448: Total time for which application threads were stopped: 0.0108930 seconds, Stopping threads took: 0.0000990 seconds
{Heap before GC invocations=24 (full 1):
 par new generation   total 60864K, used 58269K [0x00000006fb000000, 0x00000006ff200000, 0x0000000724990000)
  eden space 54144K, 100% used [0x00000006fb000000, 0x00000006fe4e0000, 0x00000006fe4e0000)
  from space 6720K,  61% used [0x00000006fe4e0000, 0x00000006fe8e74e8, 0x00000006feb70000)
  to   space 6720K,   0% used [0x00000006feb70000, 0x00000006feb70000, 0x00000006ff200000)
 concurrent mark-sweep generation total 135168K, used 9910K [0x0000000724990000, 0x000000072cd90000, 0x00000007c0000000)
 Metaspace       used 25107K, capacity 25954K, committed 26108K, reserved 1073152K
  class space    used 3010K, capacity 3197K, committed 3324K, reserved 1048576K
2020-12-20T10:01:51.376+0000: 4.707: [GC (Allocation Failure) 2020-12-20T10:01:51.376+0000: 4.707: [ParNew
Desired survivor size 3440640 bytes, new threshold 3 (max 6)
- age   1:    2490592 bytes,    2490592 total
- age   2:     530320 bytes,    3020912 total
- age   3:    1185560 bytes,    4206472 total
: 58269K->4579K(60864K), 0.0156372 secs] 68179K->14489K(196032K), 0.0160566 secs] [Times: user=0.08 sys=0.01, real=0.01 secs] 
Heap after GC invocations=25 (full 1):
 par new generation   total 60864K, used 4579K [0x00000006fb000000, 0x00000006ff200000, 0x0000000724990000)
  eden space 54144K,   0% used [0x00000006fb000000, 0x00000006fb000000, 0x00000006fe4e0000)
  from space 6720K,  68% used [0x00000006feb70000, 0x00000006fefe8e70, 0x00000006ff200000)
  to   space 6720K,   0% used [0x00000006fe4e0000, 0x00000006fe4e0000, 0x00000006feb70000)
 concurrent mark-sweep generation total 135168K, used 9910K [0x0000000724990000, 0x000000072cd90000, 0x00000007c0000000)
 Metaspace       used 25107K, capacity 25954K, committed 26108K, reserved 1073152K
  class space    used 3010K, capacity 3197K, committed 3324K, reserved 1048576K
}
2020-12-20T10:01:51.392+0000: 4.723: Total time for which application threads were stopped: 0.0164615 seconds, Stopping threads took: 0.0000456 seconds
{Heap before GC invocations=25 (full 1):
 par new generation   total 60864K, used 58723K [0x00000006fb000000, 0x00000006ff200000, 0x0000000724990000)
  eden space 54144K, 100% used [0x00000006fb000000, 0x00000006fe4e0000, 0x00000006fe4e0000)
  from space 6720K,  68% used [0x00000006feb70000, 0x00000006fefe8e70, 0x00000006ff200000)
  to   space 6720K,   0% used [0x00000006fe4e0000, 0x00000006fe4e0000, 0x00000006feb70000)
 concurrent mark-sweep generation total 135168K, used 9910K [0x0000000724990000, 0x000000072cd90000, 0x00000007c0000000)
 Metaspace       used 25276K, capacity 26098K, committed 26364K, reserved 1073152K
  class space    used 3020K, capacity 3197K, committed 3324K, reserved 1048576K
2020-12-20T10:01:51.595+0000: 4.926: [GC (Allocation Failure) 2020-12-20T10:01:51.595+0000: 4.926: [ParNew
Desired survivor size 3440640 bytes, new threshold 6 (max 6)
- age   1:    1495040 bytes,    1495040 total
- age   2:    1184744 bytes,    2679784 total
- age   3:     527976 bytes,    3207760 total
: 58723K->4131K(60864K), 0.0055970 secs] 68633K->15208K(196032K), 0.0057586 secs] [Times: user=0.04 sys=0.00, real=0.01 secs] 
Heap after GC invocations=26 (full 1):
 par new generation   total 60864K, used 4131K [0x00000006fb000000, 0x00000006ff200000, 0x0000000724990000)
  eden space 54144K,   0% used [0x00000006fb000000, 0x00000006fb000000, 0x00000006fe4e0000)
  from space 6720K,  61% used [0x00000006fe4e0000, 0x00000006fe8e8ea0, 0x00000006feb70000)
  to   space 6720K,   0% used [0x00000006feb70000, 0x00000006feb70000, 0x00000006ff200000)
 concurrent mark-sweep generation total 135168K, used 11076K [0x0000000724990000, 0x000000072cd90000, 0x00000007c0000000)
 Metaspace       used 25276K, capacity 26098K, committed 26364K, reserved 1073152K
  class space    used 3020K, capacity 3197K, committed 3324K, reserved 1048576K
}
2020-12-20T10:01:51.600+0000: 4.932: Total time for which application threads were stopped: 0.0059887 seconds, Stopping threads took: 0.0000335 seconds
{Heap before GC invocations=26 (full 1):
 par new generation   total 60864K, used 58275K [0x00000006fb000000, 0x00000006ff200000, 0x0000000724990000)
  eden space 54144K, 100% used [0x00000006fb000000, 0x00000006fe4e0000, 0x00000006fe4e0000)
  from space 6720K,  61% used [0x00000006fe4e0000, 0x00000006fe8e8ea0, 0x00000006feb70000)
  to   space 6720K,   0% used [0x00000006feb70000, 0x00000006feb70000, 0x00000006ff200000)
 concurrent mark-sweep generation total 135168K, used 11076K [0x0000000724990000, 0x000000072cd90000, 0x00000007c0000000)
 Metaspace       used 25425K, capacity 26282K, committed 26620K, reserved 1073152K
  class space    used 3038K, capacity 3233K, committed 3324K, reserved 1048576K
2020-12-20T10:01:51.729+0000: 5.061: [GC (Allocation Failure) 2020-12-20T10:01:51.729+0000: 5.061: [ParNew
Desired survivor size 3440640 bytes, new threshold 3 (max 6)
- age   1:    2060272 bytes,    2060272 total
- age   2:     675936 bytes,    2736208 total
- age   3:    1183336 bytes,    3919544 total
- age   4:     526128 bytes,    4445672 total
: 58275K->5310K(60864K), 0.0067596 secs] 69352K->16387K(196032K), 0.0069168 secs] [Times: user=0.05 sys=0.00, real=0.01 secs] 
Heap after GC invocations=27 (full 1):
 par new generation   total 60864K, used 5310K [0x00000006fb000000, 0x00000006ff200000, 0x0000000724990000)
  eden space 54144K,   0% used [0x00000006fb000000, 0x00000006fb000000, 0x00000006fe4e0000)
  from space 6720K,  79% used [0x00000006feb70000, 0x00000006ff09fa78, 0x00000006ff200000)
  to   space 6720K,   0% used [0x00000006fe4e0000, 0x00000006fe4e0000, 0x00000006feb70000)
 concurrent mark-sweep generation total 135168K, used 11076K [0x0000000724990000, 0x000000072cd90000, 0x00000007c0000000)
 Metaspace       used 25425K, capacity 26282K, committed 26620K, reserved 1073152K
  class space    used 3038K, capacity 3233K, committed 3324K, reserved 1048576K
}
2020-12-20T10:01:51.736+0000: 5.068: Total time for which application threads were stopped: 0.0071662 seconds, Stopping threads took: 0.0000374 seconds
{Heap before GC invocations=27 (full 1):
 par new generation   total 60864K, used 59454K [0x00000006fb000000, 0x00000006ff200000, 0x0000000724990000)
  eden space 54144K, 100% used [0x00000006fb000000, 0x00000006fe4e0000, 0x00000006fe4e0000)
  from space 6720K,  79% used [0x00000006feb70000, 0x00000006ff09fa78, 0x00000006ff200000)
  to   space 6720K,   0% used [0x00000006fe4e0000, 0x00000006fe4e0000, 0x00000006feb70000)
 concurrent mark-sweep generation total 135168K, used 11076K [0x0000000724990000, 0x000000072cd90000, 0x00000007c0000000)
 Metaspace       used 25460K, capacity 26346K, committed 26620K, reserved 1073152K
  class space    used 3041K, capacity 3233K, committed 3324K, reserved 1048576K
2020-12-20T10:01:51.879+0000: 5.211: [GC (Allocation Failure) 2020-12-20T10:01:51.879+0000: 5.211: [ParNew
Desired survivor size 3440640 bytes, new threshold 2 (max 6)
- age   1:    3075272 bytes,    3075272 total
- age   2:     903360 bytes,    3978632 total
- age   3:     661296 bytes,    4639928 total
: 59454K->5734K(60864K), 0.0068388 secs] 70531K->18501K(196032K), 0.0070121 secs] [Times: user=0.03 sys=0.00, real=0.01 secs] 
Heap after GC invocations=28 (full 1):
 par new generation   total 60864K, used 5734K [0x00000006fb000000, 0x00000006ff200000, 0x0000000724990000)
  eden space 54144K,   0% used [0x00000006fb000000, 0x00000006fb000000, 0x00000006fe4e0000)
  from space 6720K,  85% used [0x00000006fe4e0000, 0x00000006fea79b40, 0x00000006feb70000)
  to   space 6720K,   0% used [0x00000006feb70000, 0x00000006feb70000, 0x00000006ff200000)
 concurrent mark-sweep generation total 135168K, used 12766K [0x0000000724990000, 0x000000072cd90000, 0x00000007c0000000)
 Metaspace       used 25460K, capacity 26346K, committed 26620K, reserved 1073152K
  class space    used 3041K, capacity 3233K, committed 3324K, reserved 1048576K
}
2020-12-20T10:01:51.886+0000: 5.218: Total time for which application threads were stopped: 0.0071862 seconds, Stopping threads took: 0.0000286 seconds
{Heap before GC invocations=28 (full 1):
 par new generation   total 60864K, used 59878K [0x00000006fb000000, 0x00000006ff200000, 0x0000000724990000)
  eden space 54144K, 100% used [0x00000006fb000000, 0x00000006fe4e0000, 0x00000006fe4e0000)
  from space 6720K,  85% used [0x00000006fe4e0000, 0x00000006fea79b40, 0x00000006feb70000)
  to   space 6720K,   0% used [0x00000006feb70000, 0x00000006feb70000, 0x00000006ff200000)
 concurrent mark-sweep generation total 135168K, used 12766K [0x0000000724990000, 0x000000072cd90000, 0x00000007c0000000)
 Metaspace       used 25535K, capacity 26416K, committed 26620K, reserved 1073152K
  class space    used 3052K, capacity 3234K, committed 3324K, reserved 1048576K
2020-12-20T10:01:51.989+0000: 5.321: [GC (Allocation Failure) 2020-12-20T10:01:51.990+0000: 5.321: [ParNew
Desired survivor size 3440640 bytes, new threshold 2 (max 6)
- age   1:    2122600 bytes,    2122600 total
- age   2:    1883432 bytes,    4006032 total
: 59878K->6176K(60864K), 0.0099169 secs] 72645K->20481K(196032K), 0.0100698 secs] [Times: user=0.04 sys=0.00, real=0.01 secs] 
Heap after GC invocations=29 (full 1):
 par new generation   total 60864K, used 6176K [0x00000006fb000000, 0x00000006ff200000, 0x0000000724990000)
  eden space 54144K,   0% used [0x00000006fb000000, 0x00000006fb000000, 0x00000006fe4e0000)
  from space 6720K,  91% used [0x00000006feb70000, 0x00000006ff178160, 0x00000006ff200000)
  to   space 6720K,   0% used [0x00000006fe4e0000, 0x00000006fe4e0000, 0x00000006feb70000)
 concurrent mark-sweep generation total 135168K, used 14305K [0x0000000724990000, 0x000000072cd90000, 0x00000007c0000000)
 Metaspace       used 25535K, capacity 26416K, committed 26620K, reserved 1073152K
  class space    used 3052K, capacity 3234K, committed 3324K, reserved 1048576K
}
2020-12-20T10:01:52.000+0000: 5.331: Total time for which application threads were stopped: 0.0102608 seconds, Stopping threads took: 0.0000272 seconds
{Heap before GC invocations=29 (full 1):
 par new generation   total 60864K, used 60320K [0x00000006fb000000, 0x00000006ff200000, 0x0000000724990000)
  eden space 54144K, 100% used [0x00000006fb000000, 0x00000006fe4e0000, 0x00000006fe4e0000)
  from space 6720K,  91% used [0x00000006feb70000, 0x00000006ff178160, 0x00000006ff200000)
  to   space 6720K,   0% used [0x00000006fe4e0000, 0x00000006fe4e0000, 0x00000006feb70000)
 concurrent mark-sweep generation total 135168K, used 14305K [0x0000000724990000, 0x000000072cd90000, 0x00000007c0000000)
 Metaspace       used 25642K, capacity 26548K, committed 26620K, reserved 1073152K
  class space    used 3066K, capacity 3272K, committed 3324K, reserved 1048576K
2020-12-20T10:01:52.087+0000: 5.418: [GC (Allocation Failure) 2020-12-20T10:01:52.087+0000: 5.418: [ParNew
Desired survivor size 3440640 bytes, new threshold 6 (max 6)
- age   1:    1600336 bytes,    1600336 total
- age   2:     399544 bytes,    1999880 total
: 60320K->2790K(60864K), 0.0069943 secs] 74625K->18941K(196032K), 0.0071604 secs] [Times: user=0.03 sys=0.00, real=0.00 secs] 
Heap after GC invocations=30 (full 1):
 par new generation   total 60864K, used 2790K [0x00000006fb000000, 0x00000006ff200000, 0x0000000724990000)
  eden space 54144K,   0% used [0x00000006fb000000, 0x00000006fb000000, 0x00000006fe4e0000)
  from space 6720K,  41% used [0x00000006fe4e0000, 0x00000006fe799b30, 0x00000006feb70000)
  to   space 6720K,   0% used [0x00000006feb70000, 0x00000006feb70000, 0x00000006ff200000)
 concurrent mark-sweep generation total 135168K, used 16150K [0x0000000724990000, 0x000000072cd90000, 0x00000007c0000000)
 Metaspace       used 25642K, capacity 26548K, committed 26620K, reserved 1073152K
  class space    used 3066K, capacity 3272K, committed 3324K, reserved 1048576K
}
2020-12-20T10:01:52.094+0000: 5.425: Total time for which application threads were stopped: 0.0073238 seconds, Stopping threads took: 0.0000268 seconds
{Heap before GC invocations=30 (full 1):
 par new generation   total 60864K, used 56934K [0x00000006fb000000, 0x00000006ff200000, 0x0000000724990000)
  eden space 54144K, 100% used [0x00000006fb000000, 0x00000006fe4e0000, 0x00000006fe4e0000)
  from space 6720K,  41% used [0x00000006fe4e0000, 0x00000006fe799b30, 0x00000006feb70000)
  to   space 6720K,   0% used [0x00000006feb70000, 0x00000006feb70000, 0x00000006ff200000)
 concurrent mark-sweep generation total 135168K, used 16150K [0x0000000724990000, 0x000000072cd90000, 0x00000007c0000000)
 Metaspace       used 25801K, capacity 26708K, committed 26876K, reserved 1073152K
  class space    used 3090K, capacity 3278K, committed 3324K, reserved 1048576K
2020-12-20T10:01:52.171+0000: 5.502: [GC (Allocation Failure) 2020-12-20T10:01:52.171+0000: 5.502: [ParNew
Desired survivor size 3440640 bytes, new threshold 3 (max 6)
- age   1:    2759256 bytes,    2759256 total
- age   2:     401872 bytes,    3161128 total
- age   3:     397016 bytes,    3558144 total
: 56934K->3990K(60864K), 0.0112947 secs] 73085K->20141K(196032K), 0.0115206 secs] [Times: user=0.04 sys=0.01, real=0.01 secs] 
Heap after GC invocations=31 (full 1):
 par new generation   total 60864K, used 3990K [0x00000006fb000000, 0x00000006ff200000, 0x0000000724990000)
  eden space 54144K,   0% used [0x00000006fb000000, 0x00000006fb000000, 0x00000006fe4e0000)
  from space 6720K,  59% used [0x00000006feb70000, 0x00000006fef55af0, 0x00000006ff200000)
  to   space 6720K,   0% used [0x00000006fe4e0000, 0x00000006fe4e0000, 0x00000006feb70000)
 concurrent mark-sweep generation total 135168K, used 16150K [0x0000000724990000, 0x000000072cd90000, 0x00000007c0000000)
 Metaspace       used 25801K, capacity 26708K, committed 26876K, reserved 1073152K
  class space    used 3090K, capacity 3278K, committed 3324K, reserved 1048576K
}
2020-12-20T10:01:52.182+0000: 5.514: Total time for which application threads were stopped: 0.0117172 seconds, Stopping threads took: 0.0000281 seconds
{Heap before GC invocations=31 (full 1):
 par new generation   total 60864K, used 58134K [0x00000006fb000000, 0x00000006ff200000, 0x0000000724990000)
  eden space 54144K, 100% used [0x00000006fb000000, 0x00000006fe4e0000, 0x00000006fe4e0000)
  from space 6720K,  59% used [0x00000006feb70000, 0x00000006fef55af0, 0x00000006ff200000)
  to   space 6720K,   0% used [0x00000006fe4e0000, 0x00000006fe4e0000, 0x00000006feb70000)
 concurrent mark-sweep generation total 135168K, used 16150K [0x0000000724990000, 0x000000072cd90000, 0x00000007c0000000)
 Metaspace       used 25991K, capacity 26868K, committed 27132K, reserved 1073152K
  class space    used 3106K, capacity 3310K, committed 3324K, reserved 1048576K
2020-12-20T10:01:52.253+0000: 5.585: [GC (Allocation Failure) 2020-12-20T10:01:52.254+0000: 5.585: [ParNew
Desired survivor size 3440640 bytes, new threshold 1 (max 6)
- age   1:    5537104 bytes,    5537104 total
- age   2:     298520 bytes,    5835624 total
- age   3:     401456 bytes,    6237080 total
: 58134K->6720K(60864K), 0.0246834 secs] 74285K->24274K(196032K), 0.0248594 secs] [Times: user=0.06 sys=0.01, real=0.03 secs] 
Heap after GC invocations=32 (full 1):
 par new generation   total 60864K, used 6720K [0x00000006fb000000, 0x00000006ff200000, 0x0000000724990000)
  eden space 54144K,   0% used [0x00000006fb000000, 0x00000006fb000000, 0x00000006fe4e0000)
  from space 6720K, 100% used [0x00000006fe4e0000, 0x00000006feb70000, 0x00000006feb70000)
  to   space 6720K,   0% used [0x00000006feb70000, 0x00000006feb70000, 0x00000006ff200000)
 concurrent mark-sweep generation total 135168K, used 17554K [0x0000000724990000, 0x000000072cd90000, 0x00000007c0000000)
 Metaspace       used 25991K, capacity 26868K, committed 27132K, reserved 1073152K
  class space    used 3106K, capacity 3310K, committed 3324K, reserved 1048576K
}
2020-12-20T10:01:52.278+0000: 5.610: Total time for which application threads were stopped: 0.0251559 seconds, Stopping threads took: 0.0001603 seconds
{Heap before GC invocations=32 (full 1):
 par new generation   total 60864K, used 60864K [0x00000006fb000000, 0x00000006ff200000, 0x0000000724990000)
  eden space 54144K, 100% used [0x00000006fb000000, 0x00000006fe4e0000, 0x00000006fe4e0000)
  from space 6720K, 100% used [0x00000006fe4e0000, 0x00000006feb70000, 0x00000006feb70000)
  to   space 6720K,   0% used [0x00000006feb70000, 0x00000006feb70000, 0x00000006ff200000)
 concurrent mark-sweep generation total 135168K, used 17554K [0x0000000724990000, 0x000000072cd90000, 0x00000007c0000000)
 Metaspace       used 26284K, capacity 27188K, committed 27388K, reserved 1073152K
  class space    used 3125K, capacity 3310K, committed 3324K, reserved 1048576K
2020-12-20T10:01:52.350+0000: 5.682: [GC (Allocation Failure) 2020-12-20T10:01:52.350+0000: 5.682: [ParNew
Desired survivor size 3440640 bytes, new threshold 1 (max 6)
- age   1:    6267096 bytes,    6267096 total
: 60864K->6719K(60864K), 0.0212812 secs] 78418K->25327K(196032K), 0.0214677 secs] [Times: user=0.07 sys=0.00, real=0.02 secs] 
Heap after GC invocations=33 (full 1):
 par new generation   total 60864K, used 6719K [0x00000006fb000000, 0x00000006ff200000, 0x0000000724990000)
  eden space 54144K,   0% used [0x00000006fb000000, 0x00000006fb000000, 0x00000006fe4e0000)
  from space 6720K,  99% used [0x00000006feb70000, 0x00000006ff1ffff8, 0x00000006ff200000)
  to   space 6720K,   0% used [0x00000006fe4e0000, 0x00000006fe4e0000, 0x00000006feb70000)
 concurrent mark-sweep generation total 135168K, used 18607K [0x0000000724990000, 0x000000072cd90000, 0x00000007c0000000)
 Metaspace       used 26284K, capacity 27188K, committed 27388K, reserved 1073152K
  class space    used 3125K, capacity 3310K, committed 3324K, reserved 1048576K
}
2020-12-20T10:01:52.372+0000: 5.704: Total time for which application threads were stopped: 0.0216504 seconds, Stopping threads took: 0.0000308 seconds
{Heap before GC invocations=33 (full 1):
 par new generation   total 60864K, used 60863K [0x00000006fb000000, 0x00000006ff200000, 0x0000000724990000)
  eden space 54144K, 100% used [0x00000006fb000000, 0x00000006fe4e0000, 0x00000006fe4e0000)
  from space 6720K,  99% used [0x00000006feb70000, 0x00000006ff1ffff8, 0x00000006ff200000)
  to   space 6720K,   0% used [0x00000006fe4e0000, 0x00000006fe4e0000, 0x00000006feb70000)
 concurrent mark-sweep generation total 135168K, used 18607K [0x0000000724990000, 0x000000072cd90000, 0x00000007c0000000)
 Metaspace       used 26688K, capacity 27540K, committed 27772K, reserved 1073152K
  class space    used 3159K, capacity 3342K, committed 3452K, reserved 1048576K
2020-12-20T10:01:52.492+0000: 5.824: [GC (Allocation Failure) 2020-12-20T10:01:52.492+0000: 5.824: [ParNew
Desired survivor size 3440640 bytes, new threshold 1 (max 6)
- age   1:    5960368 bytes,    5960368 total
: 60863K->6117K(60864K), 0.0207046 secs] 79471K->24816K(196032K), 0.0210169 secs] [Times: user=0.06 sys=0.00, real=0.02 secs] 
Heap after GC invocations=34 (full 1):
 par new generation   total 60864K, used 6117K [0x00000006fb000000, 0x00000006ff200000, 0x0000000724990000)
  eden space 54144K,   0% used [0x00000006fb000000, 0x00000006fb000000, 0x00000006fe4e0000)
  from space 6720K,  91% used [0x00000006fe4e0000, 0x00000006fead96f0, 0x00000006feb70000)
  to   space 6720K,   0% used [0x00000006feb70000, 0x00000006feb70000, 0x00000006ff200000)
 concurrent mark-sweep generation total 135168K, used 18698K [0x0000000724990000, 0x000000072cd90000, 0x00000007c0000000)
 Metaspace       used 26688K, capacity 27540K, committed 27772K, reserved 1073152K
  class space    used 3159K, capacity 3342K, committed 3452K, reserved 1048576K
}
2020-12-20T10:01:52.513+0000: 5.845: Total time for which application threads were stopped: 0.0215721 seconds, Stopping threads took: 0.0002862 seconds
{Heap before GC invocations=34 (full 1):
 par new generation   total 60864K, used 60261K [0x00000006fb000000, 0x00000006ff200000, 0x0000000724990000)
  eden space 54144K, 100% used [0x00000006fb000000, 0x00000006fe4e0000, 0x00000006fe4e0000)
  from space 6720K,  91% used [0x00000006fe4e0000, 0x00000006fead96f0, 0x00000006feb70000)
  to   space 6720K,   0% used [0x00000006feb70000, 0x00000006feb70000, 0x00000006ff200000)
 concurrent mark-sweep generation total 135168K, used 18698K [0x0000000724990000, 0x000000072cd90000, 0x00000007c0000000)
 Metaspace       used 26734K, capacity 27636K, committed 27772K, reserved 1073152K
  class space    used 3165K, capacity 3374K, committed 3452K, reserved 1048576K
2020-12-20T10:01:52.609+0000: 5.941: [GC (Allocation Failure) 2020-12-20T10:01:52.610+0000: 5.941: [ParNew
Desired survivor size 3440640 bytes, new threshold 1 (max 6)
- age   1:    6442624 bytes,    6442624 total
: 60261K->6719K(60864K), 0.0206417 secs] 78960K->25655K(196032K), 0.0208712 secs] [Times: user=0.07 sys=0.00, real=0.02 secs] 
Heap after GC invocations=35 (full 1):
 par new generation   total 60864K, used 6719K [0x00000006fb000000, 0x00000006ff200000, 0x0000000724990000)
  eden space 54144K,   0% used [0x00000006fb000000, 0x00000006fb000000, 0x00000006fe4e0000)
  from space 6720K,  99% used [0x00000006feb70000, 0x00000006ff1ffff8, 0x00000006ff200000)
  to   space 6720K,   0% used [0x00000006fe4e0000, 0x00000006fe4e0000, 0x00000006feb70000)
 concurrent mark-sweep generation total 135168K, used 18935K [0x0000000724990000, 0x000000072cd90000, 0x00000007c0000000)
 Metaspace       used 26734K, capacity 27636K, committed 27772K, reserved 1073152K
  class space    used 3165K, capacity 3374K, committed 3452K, reserved 1048576K
}
2020-12-20T10:01:52.630+0000: 5.962: Total time for which application threads were stopped: 0.0212422 seconds, Stopping threads took: 0.0001896 seconds
{Heap before GC invocations=35 (full 1):
 par new generation   total 60864K, used 60863K [0x00000006fb000000, 0x00000006ff200000, 0x0000000724990000)
  eden space 54144K, 100% used [0x00000006fb000000, 0x00000006fe4e0000, 0x00000006fe4e0000)
  from space 6720K,  99% used [0x00000006feb70000, 0x00000006ff1ffff8, 0x00000006ff200000)
  to   space 6720K,   0% used [0x00000006fe4e0000, 0x00000006fe4e0000, 0x00000006feb70000)
 concurrent mark-sweep generation total 135168K, used 18935K [0x0000000724990000, 0x000000072cd90000, 0x00000007c0000000)
 Metaspace       used 26736K, capacity 27636K, committed 27772K, reserved 1073152K
  class space    used 3165K, capacity 3374K, committed 3452K, reserved 1048576K
2020-12-20T10:01:52.697+0000: 6.029: [GC (Allocation Failure) 2020-12-20T10:01:52.697+0000: 6.029: [ParNew
Desired survivor size 3440640 bytes, new threshold 1 (max 6)
- age   1:    6365608 bytes,    6365608 total
: 60863K->6720K(60864K), 0.0237521 secs] 79799K->26450K(196032K), 0.0239178 secs] [Times: user=0.07 sys=0.01, real=0.02 secs] 
Heap after GC invocations=36 (full 1):
 par new generation   total 60864K, used 6720K [0x00000006fb000000, 0x00000006ff200000, 0x0000000724990000)
  eden space 54144K,   0% used [0x00000006fb000000, 0x00000006fb000000, 0x00000006fe4e0000)
  from space 6720K, 100% used [0x00000006fe4e0000, 0x00000006feb70000, 0x00000006feb70000)
  to   space 6720K,   0% used [0x00000006feb70000, 0x00000006feb70000, 0x00000006ff200000)
 concurrent mark-sweep generation total 135168K, used 19730K [0x0000000724990000, 0x000000072cd90000, 0x00000007c0000000)
 Metaspace       used 26736K, capacity 27636K, committed 27772K, reserved 1073152K
  class space    used 3165K, capacity 3374K, committed 3452K, reserved 1048576K
}
2020-12-20T10:01:52.721+0000: 6.053: Total time for which application threads were stopped: 0.0240778 seconds, Stopping threads took: 0.0000293 seconds
{Heap before GC invocations=36 (full 1):
 par new generation   total 60864K, used 60864K [0x00000006fb000000, 0x00000006ff200000, 0x0000000724990000)
  eden space 54144K, 100% used [0x00000006fb000000, 0x00000006fe4e0000, 0x00000006fe4e0000)
  from space 6720K, 100% used [0x00000006fe4e0000, 0x00000006feb70000, 0x00000006feb70000)
  to   space 6720K,   0% used [0x00000006feb70000, 0x00000006feb70000, 0x00000006ff200000)
 concurrent mark-sweep generation total 135168K, used 19730K [0x0000000724990000, 0x000000072cd90000, 0x00000007c0000000)
 Metaspace       used 26740K, capacity 27636K, committed 27772K, reserved 1073152K
  class space    used 3165K, capacity 3374K, committed 3452K, reserved 1048576K
2020-12-20T10:01:52.801+0000: 6.133: [GC (Allocation Failure) 2020-12-20T10:01:52.801+0000: 6.133: [ParNew
Desired survivor size 3440640 bytes, new threshold 1 (max 6)
- age   1:    6742472 bytes,    6742472 total
: 60864K->6719K(60864K), 0.0217226 secs] 80594K->26566K(196032K), 0.0218665 secs] [Times: user=0.07 sys=0.00, real=0.02 secs] 
Heap after GC invocations=37 (full 1):
 par new generation   total 60864K, used 6719K [0x00000006fb000000, 0x00000006ff200000, 0x0000000724990000)
  eden space 54144K,   0% used [0x00000006fb000000, 0x00000006fb000000, 0x00000006fe4e0000)
  from space 6720K,  99% used [0x00000006feb70000, 0x00000006ff1ffff8, 0x00000006ff200000)
  to   space 6720K,   0% used [0x00000006fe4e0000, 0x00000006fe4e0000, 0x00000006feb70000)
 concurrent mark-sweep generation total 135168K, used 19846K [0x0000000724990000, 0x000000072cd90000, 0x00000007c0000000)
 Metaspace       used 26740K, capacity 27636K, committed 27772K, reserved 1073152K
  class space    used 3165K, capacity 3374K, committed 3452K, reserved 1048576K
}
2020-12-20T10:01:52.823+0000: 6.155: Total time for which application threads were stopped: 0.0221439 seconds, Stopping threads took: 0.0001572 seconds
{Heap before GC invocations=37 (full 1):
 par new generation   total 60864K, used 60863K [0x00000006fb000000, 0x00000006ff200000, 0x0000000724990000)
  eden space 54144K, 100% used [0x00000006fb000000, 0x00000006fe4e0000, 0x00000006fe4e0000)
  from space 6720K,  99% used [0x00000006feb70000, 0x00000006ff1ffff8, 0x00000006ff200000)
  to   space 6720K,   0% used [0x00000006fe4e0000, 0x00000006fe4e0000, 0x00000006feb70000)
 concurrent mark-sweep generation total 135168K, used 19846K [0x0000000724990000, 0x000000072cd90000, 0x00000007c0000000)
 Metaspace       used 26740K, capacity 27636K, committed 27772K, reserved 1073152K
  class space    used 3165K, capacity 3374K, committed 3452K, reserved 1048576K
2020-12-20T10:01:52.889+0000: 6.221: [GC (Allocation Failure) 2020-12-20T10:01:52.889+0000: 6.221: [ParNew
Desired survivor size 3440640 bytes, new threshold 1 (max 6)
- age   1:    6576448 bytes,    6576448 total
: 60863K->6719K(60864K), 0.0291055 secs] 80710K->27102K(196032K), 0.0292619 secs] [Times: user=0.11 sys=0.00, real=0.03 secs] 
Heap after GC invocations=38 (full 1):
 par new generation   total 60864K, used 6719K [0x00000006fb000000, 0x00000006ff200000, 0x0000000724990000)
  eden space 54144K,   0% used [0x00000006fb000000, 0x00000006fb000000, 0x00000006fe4e0000)
  from space 6720K,  99% used [0x00000006fe4e0000, 0x00000006feb6fff8, 0x00000006feb70000)
  to   space 6720K,   0% used [0x00000006feb70000, 0x00000006feb70000, 0x00000006ff200000)
 concurrent mark-sweep generation total 135168K, used 20382K [0x0000000724990000, 0x000000072cd90000, 0x00000007c0000000)
 Metaspace       used 26740K, capacity 27636K, committed 27772K, reserved 1073152K
  class space    used 3165K, capacity 3374K, committed 3452K, reserved 1048576K
}
2020-12-20T10:01:52.918+0000: 6.250: Total time for which application threads were stopped: 0.0294092 seconds, Stopping threads took: 0.0000240 seconds
{Heap before GC invocations=38 (full 1):
 par new generation   total 60864K, used 60863K [0x00000006fb000000, 0x00000006ff200000, 0x0000000724990000)
  eden space 54144K, 100% used [0x00000006fb000000, 0x00000006fe4e0000, 0x00000006fe4e0000)
  from space 6720K,  99% used [0x00000006fe4e0000, 0x00000006feb6fff8, 0x00000006feb70000)
  to   space 6720K,   0% used [0x00000006feb70000, 0x00000006feb70000, 0x00000006ff200000)
 concurrent mark-sweep generation total 135168K, used 20382K [0x0000000724990000, 0x000000072cd90000, 0x00000007c0000000)
 Metaspace       used 26745K, capacity 27636K, committed 27772K, reserved 1073152K
  class space    used 3165K, capacity 3374K, committed 3452K, reserved 1048576K
2020-12-20T10:01:53.002+0000: 6.333: [GC (Allocation Failure) 2020-12-20T10:01:53.002+0000: 6.333: [ParNew
Desired survivor size 3440640 bytes, new threshold 1 (max 6)
- age   1:    6464704 bytes,    6464704 total
: 60863K->6720K(60864K), 0.0240094 secs] 81246K->27570K(196032K), 0.0242277 secs] [Times: user=0.06 sys=0.00, real=0.03 secs] 
Heap after GC invocations=39 (full 1):
 par new generation   total 60864K, used 6720K [0x00000006fb000000, 0x00000006ff200000, 0x0000000724990000)
  eden space 54144K,   0% used [0x00000006fb000000, 0x00000006fb000000, 0x00000006fe4e0000)
  from space 6720K, 100% used [0x00000006feb70000, 0x00000006ff200000, 0x00000006ff200000)
  to   space 6720K,   0% used [0x00000006fe4e0000, 0x00000006fe4e0000, 0x00000006feb70000)
 concurrent mark-sweep generation total 135168K, used 20850K [0x0000000724990000, 0x000000072cd90000, 0x00000007c0000000)
 Metaspace       used 26745K, capacity 27636K, committed 27772K, reserved 1073152K
  class space    used 3165K, capacity 3374K, committed 3452K, reserved 1048576K
}
2020-12-20T10:01:53.026+0000: 6.357: Total time for which application threads were stopped: 0.0247923 seconds, Stopping threads took: 0.0003583 seconds
{Heap before GC invocations=39 (full 1):
 par new generation   total 60864K, used 60864K [0x00000006fb000000, 0x00000006ff200000, 0x0000000724990000)
  eden space 54144K, 100% used [0x00000006fb000000, 0x00000006fe4e0000, 0x00000006fe4e0000)
  from space 6720K, 100% used [0x00000006feb70000, 0x00000006ff200000, 0x00000006ff200000)
  to   space 6720K,   0% used [0x00000006fe4e0000, 0x00000006fe4e0000, 0x00000006feb70000)
 concurrent mark-sweep generation total 135168K, used 20850K [0x0000000724990000, 0x000000072cd90000, 0x00000007c0000000)
 Metaspace       used 26745K, capacity 27636K, committed 27772K, reserved 1073152K
  class space    used 3165K, capacity 3374K, committed 3452K, reserved 1048576K
2020-12-20T10:01:53.107+0000: 6.438: [GC (Allocation Failure) 2020-12-20T10:01:53.107+0000: 6.438: [ParNew
Desired survivor size 3440640 bytes, new threshold 1 (max 6)
- age   1:    6546632 bytes,    6546632 total
: 60864K->6719K(60864K), 0.0306275 secs] 81714K->28041K(196032K), 0.0308373 secs] [Times: user=0.07 sys=0.01, real=0.03 secs] 
Heap after GC invocations=40 (full 1):
 par new generation   total 60864K, used 6719K [0x00000006fb000000, 0x00000006ff200000, 0x0000000724990000)
  eden space 54144K,   0% used [0x00000006fb000000, 0x00000006fb000000, 0x00000006fe4e0000)
  from space 6720K,  99% used [0x00000006fe4e0000, 0x00000006feb6fff8, 0x00000006feb70000)
  to   space 6720K,   0% used [0x00000006feb70000, 0x00000006feb70000, 0x00000006ff200000)
 concurrent mark-sweep generation total 135168K, used 21321K [0x0000000724990000, 0x000000072cd90000, 0x00000007c0000000)
 Metaspace       used 26745K, capacity 27636K, committed 27772K, reserved 1073152K
  class space    used 3165K, capacity 3374K, committed 3452K, reserved 1048576K
}
2020-12-20T10:01:53.138+0000: 6.469: Total time for which application threads were stopped: 0.0310258 seconds, Stopping threads took: 0.0000302 seconds
{Heap before GC invocations=40 (full 1):
 par new generation   total 60864K, used 60863K [0x00000006fb000000, 0x00000006ff200000, 0x0000000724990000)
  eden space 54144K, 100% used [0x00000006fb000000, 0x00000006fe4e0000, 0x00000006fe4e0000)
  from space 6720K,  99% used [0x00000006fe4e0000, 0x00000006feb6fff8, 0x00000006feb70000)
  to   space 6720K,   0% used [0x00000006feb70000, 0x00000006feb70000, 0x00000006ff200000)
 concurrent mark-sweep generation total 135168K, used 21321K [0x0000000724990000, 0x000000072cd90000, 0x00000007c0000000)
 Metaspace       used 26745K, capacity 27636K, committed 27772K, reserved 1073152K
  class space    used 3165K, capacity 3374K, committed 3452K, reserved 1048576K
2020-12-20T10:01:53.222+0000: 6.553: [GC (Allocation Failure) 2020-12-20T10:01:53.222+0000: 6.553: [ParNew
Desired survivor size 3440640 bytes, new threshold 1 (max 6)
- age   1:    6372528 bytes,    6372528 total
: 60863K->6720K(60864K), 0.0268090 secs] 82185K->28770K(196032K), 0.0269775 secs] [Times: user=0.06 sys=0.00, real=0.03 secs] 
Heap after GC invocations=41 (full 1):
 par new generation   total 60864K, used 6720K [0x00000006fb000000, 0x00000006ff200000, 0x0000000724990000)
  eden space 54144K,   0% used [0x00000006fb000000, 0x00000006fb000000, 0x00000006fe4e0000)
  from space 6720K, 100% used [0x00000006feb70000, 0x00000006ff200000, 0x00000006ff200000)
  to   space 6720K,   0% used [0x00000006fe4e0000, 0x00000006fe4e0000, 0x00000006feb70000)
 concurrent mark-sweep generation total 135168K, used 22050K [0x0000000724990000, 0x000000072cd90000, 0x00000007c0000000)
 Metaspace       used 26745K, capacity 27636K, committed 27772K, reserved 1073152K
  class space    used 3165K, capacity 3374K, committed 3452K, reserved 1048576K
}
2020-12-20T10:01:53.249+0000: 6.580: Total time for which application threads were stopped: 0.0271144 seconds, Stopping threads took: 0.0000175 seconds
{Heap before GC invocations=41 (full 1):
 par new generation   total 60864K, used 60864K [0x00000006fb000000, 0x00000006ff200000, 0x0000000724990000)
  eden space 54144K, 100% used [0x00000006fb000000, 0x00000006fe4e0000, 0x00000006fe4e0000)
  from space 6720K, 100% used [0x00000006feb70000, 0x00000006ff200000, 0x00000006ff200000)
  to   space 6720K,   0% used [0x00000006fe4e0000, 0x00000006fe4e0000, 0x00000006feb70000)
 concurrent mark-sweep generation total 135168K, used 22050K [0x0000000724990000, 0x000000072cd90000, 0x00000007c0000000)
 Metaspace       used 26747K, capacity 27636K, committed 27772K, reserved 1073152K
  class space    used 3165K, capacity 3374K, committed 3452K, reserved 1048576K
2020-12-20T10:01:53.338+0000: 6.670: [GC (Allocation Failure) 2020-12-20T10:01:53.338+0000: 6.670: [ParNew
Desired survivor size 3440640 bytes, new threshold 1 (max 6)
- age   1:    6651600 bytes,    6651600 total
: 60864K->6720K(60864K), 0.0246731 secs] 82914K->29302K(196032K), 0.0248475 secs] [Times: user=0.06 sys=0.01, real=0.02 secs] 
Heap after GC invocations=42 (full 1):
 par new generation   total 60864K, used 6720K [0x00000006fb000000, 0x00000006ff200000, 0x0000000724990000)
  eden space 54144K,   0% used [0x00000006fb000000, 0x00000006fb000000, 0x00000006fe4e0000)
  from space 6720K, 100% used [0x00000006fe4e0000, 0x00000006feb70000, 0x00000006feb70000)
  to   space 6720K,   0% used [0x00000006feb70000, 0x00000006feb70000, 0x00000006ff200000)
 concurrent mark-sweep generation total 135168K, used 22582K [0x0000000724990000, 0x000000072cd90000, 0x00000007c0000000)
 Metaspace       used 26747K, capacity 27636K, committed 27772K, reserved 1073152K
  class space    used 3165K, capacity 3374K, committed 3452K, reserved 1048576K
}
2020-12-20T10:01:53.363+0000: 6.695: Total time for which application threads were stopped: 0.0251270 seconds, Stopping threads took: 0.0001223 seconds
{Heap before GC invocations=42 (full 1):
 par new generation   total 60864K, used 60864K [0x00000006fb000000, 0x00000006ff200000, 0x0000000724990000)
  eden space 54144K, 100% used [0x00000006fb000000, 0x00000006fe4e0000, 0x00000006fe4e0000)
  from space 6720K, 100% used [0x00000006fe4e0000, 0x00000006feb70000, 0x00000006feb70000)
  to   space 6720K,   0% used [0x00000006feb70000, 0x00000006feb70000, 0x00000006ff200000)
 concurrent mark-sweep generation total 135168K, used 22582K [0x0000000724990000, 0x000000072cd90000, 0x00000007c0000000)
 Metaspace       used 26747K, capacity 27636K, committed 27772K, reserved 1073152K
  class space    used 3165K, capacity 3374K, committed 3452K, reserved 1048576K
2020-12-20T10:01:53.440+0000: 6.771: [GC (Allocation Failure) 2020-12-20T10:01:53.440+0000: 6.771: [ParNew
Desired survivor size 3440640 bytes, new threshold 1 (max 6)
- age   1:    6592848 bytes,    6592848 total
: 60864K->6719K(60864K), 0.0232697 secs] 83446K->30371K(196032K), 0.0234384 secs] [Times: user=0.06 sys=0.00, real=0.02 secs] 
Heap after GC invocations=43 (full 1):
 par new generation   total 60864K, used 6719K [0x00000006fb000000, 0x00000006ff200000, 0x0000000724990000)
  eden space 54144K,   0% used [0x00000006fb000000, 0x00000006fb000000, 0x00000006fe4e0000)
  from space 6720K,  99% used [0x00000006feb70000, 0x00000006ff1ffff8, 0x00000006ff200000)
  to   space 6720K,   0% used [0x00000006fe4e0000, 0x00000006fe4e0000, 0x00000006feb70000)
 concurrent mark-sweep generation total 135168K, used 23651K [0x0000000724990000, 0x000000072cd90000, 0x00000007c0000000)
 Metaspace       used 26747K, capacity 27636K, committed 27772K, reserved 1073152K
  class space    used 3165K, capacity 3374K, committed 3452K, reserved 1048576K
}
2020-12-20T10:01:53.463+0000: 6.795: Total time for which application threads were stopped: 0.0239170 seconds, Stopping threads took: 0.0003483 seconds
{Heap before GC invocations=43 (full 1):
 par new generation   total 60864K, used 60863K [0x00000006fb000000, 0x00000006ff200000, 0x0000000724990000)
  eden space 54144K, 100% used [0x00000006fb000000, 0x00000006fe4e0000, 0x00000006fe4e0000)
  from space 6720K,  99% used [0x00000006feb70000, 0x00000006ff1ffff8, 0x00000006ff200000)
  to   space 6720K,   0% used [0x00000006fe4e0000, 0x00000006fe4e0000, 0x00000006feb70000)
 concurrent mark-sweep generation total 135168K, used 23651K [0x0000000724990000, 0x000000072cd90000, 0x00000007c0000000)
 Metaspace       used 26907K, capacity 27910K, committed 28028K, reserved 1073152K
  class space    used 3187K, capacity 3419K, committed 3452K, reserved 1048576K
2020-12-20T10:01:53.586+0000: 6.918: [GC (Allocation Failure) 2020-12-20T10:01:53.586+0000: 6.918: [ParNew
Desired survivor size 3440640 bytes, new threshold 1 (max 6)
- age   1:    4845432 bytes,    4845432 total
: 60863K->5142K(60864K), 0.0129889 secs] 84515K->28809K(196032K), 0.0131280 secs] [Times: user=0.04 sys=0.00, real=0.01 secs] 
Heap after GC invocations=44 (full 1):
 par new generation   total 60864K, used 5142K [0x00000006fb000000, 0x00000006ff200000, 0x0000000724990000)
  eden space 54144K,   0% used [0x00000006fb000000, 0x00000006fb000000, 0x00000006fe4e0000)
  from space 6720K,  76% used [0x00000006fe4e0000, 0x00000006fe9e5bd8, 0x00000006feb70000)
  to   space 6720K,   0% used [0x00000006feb70000, 0x00000006feb70000, 0x00000006ff200000)
 concurrent mark-sweep generation total 135168K, used 23666K [0x0000000724990000, 0x000000072cd90000, 0x00000007c0000000)
 Metaspace       used 26907K, capacity 27910K, committed 28028K, reserved 1073152K
  class space    used 3187K, capacity 3419K, committed 3452K, reserved 1048576K
}
2020-12-20T10:01:53.599+0000: 6.931: Total time for which application threads were stopped: 0.0133160 seconds, Stopping threads took: 0.0000237 seconds
{Heap before GC invocations=44 (full 1):
 par new generation   total 60864K, used 59286K [0x00000006fb000000, 0x00000006ff200000, 0x0000000724990000)
  eden space 54144K, 100% used [0x00000006fb000000, 0x00000006fe4e0000, 0x00000006fe4e0000)
  from space 6720K,  76% used [0x00000006fe4e0000, 0x00000006fe9e5bd8, 0x00000006feb70000)
  to   space 6720K,   0% used [0x00000006feb70000, 0x00000006feb70000, 0x00000006ff200000)
 concurrent mark-sweep generation total 135168K, used 23666K [0x0000000724990000, 0x000000072cd90000, 0x00000007c0000000)
 Metaspace       used 28363K, capacity 29350K, committed 29436K, reserved 1075200K
  class space    used 3349K, capacity 3579K, committed 3580K, reserved 1048576K
2020-12-20T10:01:53.800+0000: 7.131: [GC (Allocation Failure) 2020-12-20T10:01:53.800+0000: 7.131: [ParNew
Desired survivor size 3440640 bytes, new threshold 6 (max 6)
- age   1:    3398016 bytes,    3398016 total
: 59286K->3895K(60864K), 0.0103088 secs] 82953K->28266K(196032K), 0.0105497 secs] [Times: user=0.02 sys=0.00, real=0.01 secs] 
Heap after GC invocations=45 (full 1):
 par new generation   total 60864K, used 3895K [0x00000006fb000000, 0x00000006ff200000, 0x0000000724990000)
  eden space 54144K,   0% used [0x00000006fb000000, 0x00000006fb000000, 0x00000006fe4e0000)
  from space 6720K,  57% used [0x00000006feb70000, 0x00000006fef3dfe8, 0x00000006ff200000)
  to   space 6720K,   0% used [0x00000006fe4e0000, 0x00000006fe4e0000, 0x00000006feb70000)
 concurrent mark-sweep generation total 135168K, used 24370K [0x0000000724990000, 0x000000072cd90000, 0x00000007c0000000)
 Metaspace       used 28363K, capacity 29350K, committed 29436K, reserved 1075200K
  class space    used 3349K, capacity 3579K, committed 3580K, reserved 1048576K
}
2020-12-20T10:01:53.810+0000: 7.142: Total time for which application threads were stopped: 0.0107387 seconds, Stopping threads took: 0.0000139 seconds
{Heap before GC invocations=45 (full 1):
 par new generation   total 60864K, used 58039K [0x00000006fb000000, 0x00000006ff200000, 0x0000000724990000)
  eden space 54144K, 100% used [0x00000006fb000000, 0x00000006fe4e0000, 0x00000006fe4e0000)
  from space 6720K,  57% used [0x00000006feb70000, 0x00000006fef3dfe8, 0x00000006ff200000)
  to   space 6720K,   0% used [0x00000006fe4e0000, 0x00000006fe4e0000, 0x00000006feb70000)
 concurrent mark-sweep generation total 135168K, used 24370K [0x0000000724990000, 0x000000072cd90000, 0x00000007c0000000)
 Metaspace       used 29030K, capacity 30022K, committed 30076K, reserved 1075200K
  class space    used 3435K, capacity 3675K, committed 3708K, reserved 1048576K
2020-12-20T10:01:53.946+0000: 7.277: [GC (Allocation Failure) 2020-12-20T10:01:53.946+0000: 7.277: [ParNew
Desired survivor size 3440640 bytes, new threshold 6 (max 6)
- age   1:    1903696 bytes,    1903696 total
- age   2:     388136 bytes,    2291832 total
: 58039K->2452K(60864K), 0.0050985 secs] 82410K->26823K(196032K), 0.0052263 secs] [Times: user=0.01 sys=0.00, real=0.00 secs] 
Heap after GC invocations=46 (full 1):
 par new generation   total 60864K, used 2452K [0x00000006fb000000, 0x00000006ff200000, 0x0000000724990000)
  eden space 54144K,   0% used [0x00000006fb000000, 0x00000006fb000000, 0x00000006fe4e0000)
  from space 6720K,  36% used [0x00000006fe4e0000, 0x00000006fe7453a0, 0x00000006feb70000)
  to   space 6720K,   0% used [0x00000006feb70000, 0x00000006feb70000, 0x00000006ff200000)
 concurrent mark-sweep generation total 135168K, used 24370K [0x0000000724990000, 0x000000072cd90000, 0x00000007c0000000)
 Metaspace       used 29030K, capacity 30022K, committed 30076K, reserved 1075200K
  class space    used 3435K, capacity 3675K, committed 3708K, reserved 1048576K
}
2020-12-20T10:01:53.951+0000: 7.282: Total time for which application threads were stopped: 0.0053938 seconds, Stopping threads took: 0.0000161 seconds
{Heap before GC invocations=46 (full 1):
 par new generation   total 60864K, used 56596K [0x00000006fb000000, 0x00000006ff200000, 0x0000000724990000)
  eden space 54144K, 100% used [0x00000006fb000000, 0x00000006fe4e0000, 0x00000006fe4e0000)
  from space 6720K,  36% used [0x00000006fe4e0000, 0x00000006fe7453a0, 0x00000006feb70000)
  to   space 6720K,   0% used [0x00000006feb70000, 0x00000006feb70000, 0x00000006ff200000)
 concurrent mark-sweep generation total 135168K, used 24370K [0x0000000724990000, 0x000000072cd90000, 0x00000007c0000000)
 Metaspace       used 29318K, capacity 30324K, committed 30332K, reserved 1075200K
  class space    used 3476K, capacity 3708K, committed 3708K, reserved 1048576K
2020-12-20T10:01:54.048+0000: 7.379: [GC (Allocation Failure) 2020-12-20T10:01:54.048+0000: 7.379: [ParNew
Desired survivor size 3440640 bytes, new threshold 6 (max 6)
- age   1:    1860808 bytes,    1860808 total
- age   2:     194616 bytes,    2055424 total
- age   3:     381800 bytes,    2437224 total
: 56596K->2776K(60864K), 0.0062651 secs] 80967K->27147K(196032K), 0.0064207 secs] [Times: user=0.02 sys=0.01, real=0.00 secs] 
Heap after GC invocations=47 (full 1):
 par new generation   total 60864K, used 2776K [0x00000006fb000000, 0x00000006ff200000, 0x0000000724990000)
  eden space 54144K,   0% used [0x00000006fb000000, 0x00000006fb000000, 0x00000006fe4e0000)
  from space 6720K,  41% used [0x00000006feb70000, 0x00000006fee26128, 0x00000006ff200000)
  to   space 6720K,   0% used [0x00000006fe4e0000, 0x00000006fe4e0000, 0x00000006feb70000)
 concurrent mark-sweep generation total 135168K, used 24370K [0x0000000724990000, 0x000000072cd90000, 0x00000007c0000000)
 Metaspace       used 29318K, capacity 30324K, committed 30332K, reserved 1075200K
  class space    used 3476K, capacity 3708K, committed 3708K, reserved 1048576K
}
2020-12-20T10:01:54.054+0000: 7.386: Total time for which application threads were stopped: 0.0065873 seconds, Stopping threads took: 0.0000161 seconds
{Heap before GC invocations=47 (full 1):
 par new generation   total 60864K, used 56920K [0x00000006fb000000, 0x00000006ff200000, 0x0000000724990000)
  eden space 54144K, 100% used [0x00000006fb000000, 0x00000006fe4e0000, 0x00000006fe4e0000)
  from space 6720K,  41% used [0x00000006feb70000, 0x00000006fee26128, 0x00000006ff200000)
  to   space 6720K,   0% used [0x00000006fe4e0000, 0x00000006fe4e0000, 0x00000006feb70000)
 concurrent mark-sweep generation total 135168K, used 24370K [0x0000000724990000, 0x000000072cd90000, 0x00000007c0000000)
 Metaspace       used 29608K, capacity 30626K, committed 30716K, reserved 1077248K
  class space    used 3520K, capacity 3755K, committed 3836K, reserved 1048576K
2020-12-20T10:01:54.193+0000: 7.524: [GC (Allocation Failure) 2020-12-20T10:01:54.193+0000: 7.524: [ParNew
Desired survivor size 3440640 bytes, new threshold 4 (max 6)
- age   1:    2854232 bytes,    2854232 total
- age   2:     156928 bytes,    3011160 total
- age   3:     194440 bytes,    3205600 total
- age   4:     378400 bytes,    3584000 total
: 56920K->3994K(60864K), 0.0087661 secs] 81291K->28365K(196032K), 0.0089297 secs] [Times: user=0.05 sys=0.00, real=0.01 secs] 
Heap after GC invocations=48 (full 1):
 par new generation   total 60864K, used 3994K [0x00000006fb000000, 0x00000006ff200000, 0x0000000724990000)
  eden space 54144K,   0% used [0x00000006fb000000, 0x00000006fb000000, 0x00000006fe4e0000)
  from space 6720K,  59% used [0x00000006fe4e0000, 0x00000006fe8c6be8, 0x00000006feb70000)
  to   space 6720K,   0% used [0x00000006feb70000, 0x00000006feb70000, 0x00000006ff200000)
 concurrent mark-sweep generation total 135168K, used 24370K [0x0000000724990000, 0x000000072cd90000, 0x00000007c0000000)
 Metaspace       used 29608K, capacity 30626K, committed 30716K, reserved 1077248K
  class space    used 3520K, capacity 3755K, committed 3836K, reserved 1048576K
}
2020-12-20T10:01:54.202+0000: 7.533: Total time for which application threads were stopped: 0.0091394 seconds, Stopping threads took: 0.0000334 seconds
{Heap before GC invocations=48 (full 1):
 par new generation   total 60864K, used 58138K [0x00000006fb000000, 0x00000006ff200000, 0x0000000724990000)
  eden space 54144K, 100% used [0x00000006fb000000, 0x00000006fe4e0000, 0x00000006fe4e0000)
  from space 6720K,  59% used [0x00000006fe4e0000, 0x00000006fe8c6be8, 0x00000006feb70000)
  to   space 6720K,   0% used [0x00000006feb70000, 0x00000006feb70000, 0x00000006ff200000)
 concurrent mark-sweep generation total 135168K, used 24370K [0x0000000724990000, 0x000000072cd90000, 0x00000007c0000000)
 Metaspace       used 30358K, capacity 31348K, committed 31484K, reserved 1077248K
  class space    used 3592K, capacity 3822K, committed 3836K, reserved 1048576K
2020-12-20T10:01:54.341+0000: 7.673: [GC (Allocation Failure) 2020-12-20T10:01:54.341+0000: 7.673: [ParNew
Desired survivor size 3440640 bytes, new threshold 6 (max 6)
- age   1:    2494576 bytes,    2494576 total
- age   2:     330800 bytes,    2825376 total
- age   3:     155656 bytes,    2981032 total
- age   4:     194200 bytes,    3175232 total
: 58138K->3706K(60864K), 0.0119005 secs] 82509K->28465K(196032K), 0.0121057 secs] [Times: user=0.07 sys=0.00, real=0.01 secs] 
Heap after GC invocations=49 (full 1):
 par new generation   total 60864K, used 3706K [0x00000006fb000000, 0x00000006ff200000, 0x0000000724990000)
  eden space 54144K,   0% used [0x00000006fb000000, 0x00000006fb000000, 0x00000006fe4e0000)
  from space 6720K,  55% used [0x00000006feb70000, 0x00000006fef0e850, 0x00000006ff200000)
  to   space 6720K,   0% used [0x00000006fe4e0000, 0x00000006fe4e0000, 0x00000006feb70000)
 concurrent mark-sweep generation total 135168K, used 24759K [0x0000000724990000, 0x000000072cd90000, 0x00000007c0000000)
 Metaspace       used 30358K, capacity 31348K, committed 31484K, reserved 1077248K
  class space    used 3592K, capacity 3822K, committed 3836K, reserved 1048576K
}
2020-12-20T10:01:54.353+0000: 7.685: Total time for which application threads were stopped: 0.0123343 seconds, Stopping threads took: 0.0000556 seconds
{Heap before GC invocations=49 (full 1):
 par new generation   total 60864K, used 57850K [0x00000006fb000000, 0x00000006ff200000, 0x0000000724990000)
  eden space 54144K, 100% used [0x00000006fb000000, 0x00000006fe4e0000, 0x00000006fe4e0000)
  from space 6720K,  55% used [0x00000006feb70000, 0x00000006fef0e850, 0x00000006ff200000)
  to   space 6720K,   0% used [0x00000006fe4e0000, 0x00000006fe4e0000, 0x00000006feb70000)
 concurrent mark-sweep generation total 135168K, used 24759K [0x0000000724990000, 0x000000072cd90000, 0x00000007c0000000)
 Metaspace       used 30472K, capacity 31526K, committed 31868K, reserved 1077248K
  class space    used 3609K, capacity 3857K, committed 3964K, reserved 1048576K
2020-12-20T10:01:54.495+0000: 7.826: [GC (Allocation Failure) 2020-12-20T10:01:54.495+0000: 7.827: [ParNew
Desired survivor size 3440640 bytes, new threshold 6 (max 6)
- age   1:    2362928 bytes,    2362928 total
- age   2:     270976 bytes,    2633904 total
- age   3:     320408 bytes,    2954312 total
- age   4:     155216 bytes,    3109528 total
- age   5:     194200 bytes,    3303728 total
: 57850K->3790K(60864K), 0.0079359 secs] 82609K->28549K(196032K), 0.0081036 secs] [Times: user=0.05 sys=0.01, real=0.01 secs] 
Heap after GC invocations=50 (full 1):
 par new generation   total 60864K, used 3790K [0x00000006fb000000, 0x00000006ff200000, 0x0000000724990000)
  eden space 54144K,   0% used [0x00000006fb000000, 0x00000006fb000000, 0x00000006fe4e0000)
  from space 6720K,  56% used [0x00000006fe4e0000, 0x00000006fe8938d0, 0x00000006feb70000)
  to   space 6720K,   0% used [0x00000006feb70000, 0x00000006feb70000, 0x00000006ff200000)
 concurrent mark-sweep generation total 135168K, used 24759K [0x0000000724990000, 0x000000072cd90000, 0x00000007c0000000)
 Metaspace       used 30472K, capacity 31526K, committed 31868K, reserved 1077248K
  class space    used 3609K, capacity 3857K, committed 3964K, reserved 1048576K
}
2020-12-20T10:01:54.503+0000: 7.835: Total time for which application threads were stopped: 0.0083583 seconds, Stopping threads took: 0.0000525 seconds
{Heap before GC invocations=50 (full 1):
 par new generation   total 60864K, used 57934K [0x00000006fb000000, 0x00000006ff200000, 0x0000000724990000)
  eden space 54144K, 100% used [0x00000006fb000000, 0x00000006fe4e0000, 0x00000006fe4e0000)
  from space 6720K,  56% used [0x00000006fe4e0000, 0x00000006fe8938d0, 0x00000006feb70000)
  to   space 6720K,   0% used [0x00000006feb70000, 0x00000006feb70000, 0x00000006ff200000)
 concurrent mark-sweep generation total 135168K, used 24759K [0x0000000724990000, 0x000000072cd90000, 0x00000007c0000000)
 Metaspace       used 30620K, capacity 31684K, committed 31868K, reserved 1077248K
  class space    used 3631K, capacity 3866K, committed 3964K, reserved 1048576K
2020-12-20T10:01:54.631+0000: 7.962: [GC (Allocation Failure) 2020-12-20T10:01:54.631+0000: 7.962: [ParNew
Desired survivor size 3440640 bytes, new threshold 3 (max 6)
- age   1:    2884752 bytes,    2884752 total
- age   2:     356056 bytes,    3240808 total
- age   3:     267144 bytes,    3507952 total
- age   4:     319864 bytes,    3827816 total
- age   5:     155216 bytes,    3983032 total
- age   6:     194200 bytes,    4177232 total
: 57934K->4690K(60864K), 0.0097683 secs] 82693K->29450K(196032K), 0.0099783 secs] [Times: user=0.03 sys=0.01, real=0.01 secs] 
Heap after GC invocations=51 (full 1):
 par new generation   total 60864K, used 4690K [0x00000006fb000000, 0x00000006ff200000, 0x0000000724990000)
  eden space 54144K,   0% used [0x00000006fb000000, 0x00000006fb000000, 0x00000006fe4e0000)
  from space 6720K,  69% used [0x00000006feb70000, 0x00000006ff004ad8, 0x00000006ff200000)
  to   space 6720K,   0% used [0x00000006fe4e0000, 0x00000006fe4e0000, 0x00000006feb70000)
 concurrent mark-sweep generation total 135168K, used 24759K [0x0000000724990000, 0x000000072cd90000, 0x00000007c0000000)
 Metaspace       used 30620K, capacity 31684K, committed 31868K, reserved 1077248K
  class space    used 3631K, capacity 3866K, committed 3964K, reserved 1048576K
}
2020-12-20T10:01:54.641+0000: 7.972: Total time for which application threads were stopped: 0.0101705 seconds, Stopping threads took: 0.0000191 seconds
{Heap before GC invocations=51 (full 1):
 par new generation   total 60864K, used 58834K [0x00000006fb000000, 0x00000006ff200000, 0x0000000724990000)
  eden space 54144K, 100% used [0x00000006fb000000, 0x00000006fe4e0000, 0x00000006fe4e0000)
  from space 6720K,  69% used [0x00000006feb70000, 0x00000006ff004ad8, 0x00000006ff200000)
  to   space 6720K,   0% used [0x00000006fe4e0000, 0x00000006fe4e0000, 0x00000006feb70000)
 concurrent mark-sweep generation total 135168K, used 24759K [0x0000000724990000, 0x000000072cd90000, 0x00000007c0000000)
 Metaspace       used 30739K, capacity 31780K, committed 31868K, reserved 1077248K
  class space    used 3645K, capacity 3898K, committed 3964K, reserved 1048576K
2020-12-20T10:01:54.731+0000: 8.063: [GC (Allocation Failure) 2020-12-20T10:01:54.731+0000: 8.063: [ParNew
Desired survivor size 3440640 bytes, new threshold 6 (max 6)
- age   1:    2574864 bytes,    2574864 total
- age   2:     319680 bytes,    2894544 total
- age   3:     348952 bytes,    3243496 total
: 58834K->3961K(60864K), 0.0068164 secs] 83594K->29664K(196032K), 0.0069395 secs] [Times: user=0.02 sys=0.00, real=0.01 secs] 
Heap after GC invocations=52 (full 1):
 par new generation   total 60864K, used 3961K [0x00000006fb000000, 0x00000006ff200000, 0x0000000724990000)
  eden space 54144K,   0% used [0x00000006fb000000, 0x00000006fb000000, 0x00000006fe4e0000)
  from space 6720K,  58% used [0x00000006fe4e0000, 0x00000006fe8be4c8, 0x00000006feb70000)
  to   space 6720K,   0% used [0x00000006feb70000, 0x00000006feb70000, 0x00000006ff200000)
 concurrent mark-sweep generation total 135168K, used 25702K [0x0000000724990000, 0x000000072cd90000, 0x00000007c0000000)
 Metaspace       used 30739K, capacity 31780K, committed 31868K, reserved 1077248K
  class space    used 3645K, capacity 3898K, committed 3964K, reserved 1048576K
}
2020-12-20T10:01:54.738+0000: 8.070: Total time for which application threads were stopped: 0.0070709 seconds, Stopping threads took: 0.0000141 seconds
2020-12-20T10:01:54.755+0000: 8.086: Total time for which application threads were stopped: 0.0004049 seconds, Stopping threads took: 0.0000142 seconds
{Heap before GC invocations=52 (full 1):
 par new generation   total 60864K, used 58105K [0x00000006fb000000, 0x00000006ff200000, 0x0000000724990000)
  eden space 54144K, 100% used [0x00000006fb000000, 0x00000006fe4e0000, 0x00000006fe4e0000)
  from space 6720K,  58% used [0x00000006fe4e0000, 0x00000006fe8be4c8, 0x00000006feb70000)
  to   space 6720K,   0% used [0x00000006feb70000, 0x00000006feb70000, 0x00000006ff200000)
 concurrent mark-sweep generation total 135168K, used 25702K [0x0000000724990000, 0x000000072cd90000, 0x00000007c0000000)
 Metaspace       used 31093K, capacity 32136K, committed 32380K, reserved 1077248K
  class space    used 3705K, capacity 3942K, committed 3964K, reserved 1048576K
2020-12-20T10:01:54.870+0000: 8.201: [GC (Allocation Failure) 2020-12-20T10:01:54.870+0000: 8.201: [ParNew
Desired survivor size 3440640 bytes, new threshold 4 (max 6)
- age   1:    2747984 bytes,    2747984 total
- age   2:     284992 bytes,    3032976 total
- age   3:     318240 bytes,    3351216 total
- age   4:     348536 bytes,    3699752 total
: 58105K->3998K(60864K), 0.0091924 secs] 83808K->29701K(196032K), 0.0093670 secs] [Times: user=0.02 sys=0.00, real=0.01 secs] 
Heap after GC invocations=53 (full 1):
 par new generation   total 60864K, used 3998K [0x00000006fb000000, 0x00000006ff200000, 0x0000000724990000)
  eden space 54144K,   0% used [0x00000006fb000000, 0x00000006fb000000, 0x00000006fe4e0000)
  from space 6720K,  59% used [0x00000006feb70000, 0x00000006fef57a28, 0x00000006ff200000)
  to   space 6720K,   0% used [0x00000006fe4e0000, 0x00000006fe4e0000, 0x00000006feb70000)
 concurrent mark-sweep generation total 135168K, used 25702K [0x0000000724990000, 0x000000072cd90000, 0x00000007c0000000)
 Metaspace       used 31093K, capacity 32136K, committed 32380K, reserved 1077248K
  class space    used 3705K, capacity 3942K, committed 3964K, reserved 1048576K
}
2020-12-20T10:01:54.879+0000: 8.211: Total time for which application threads were stopped: 0.0095885 seconds, Stopping threads took: 0.0000138 seconds
2020-12-20T10:01:54.931+0000: 8.263: Total time for which application threads were stopped: 0.0004064 seconds, Stopping threads took: 0.0000142 seconds
2020-12-20T10:01:54.968+0000: 8.299: Total time for which application threads were stopped: 0.0003915 seconds, Stopping threads took: 0.0000207 seconds
2020-12-20T10:01:55.026+0000: 8.358: Total time for which application threads were stopped: 0.0007211 seconds, Stopping threads took: 0.0000186 seconds
{Heap before GC invocations=53 (full 1):
 par new generation   total 60864K, used 58142K [0x00000006fb000000, 0x00000006ff200000, 0x0000000724990000)
  eden space 54144K, 100% used [0x00000006fb000000, 0x00000006fe4e0000, 0x00000006fe4e0000)
  from space 6720K,  59% used [0x00000006feb70000, 0x00000006fef57a28, 0x00000006ff200000)
  to   space 6720K,   0% used [0x00000006fe4e0000, 0x00000006fe4e0000, 0x00000006feb70000)
 concurrent mark-sweep generation total 135168K, used 25702K [0x0000000724990000, 0x000000072cd90000, 0x00000007c0000000)
 Metaspace       used 31822K, capacity 33076K, committed 33276K, reserved 1079296K
  class space    used 3809K, capacity 4070K, committed 4092K, reserved 1048576K
2020-12-20T10:01:55.029+0000: 8.360: [GC (Allocation Failure) 2020-12-20T10:01:55.029+0000: 8.361: [ParNew
Desired survivor size 3440640 bytes, new threshold 4 (max 6)
- age   1:    2754664 bytes,    2754664 total
- age   2:     297992 bytes,    3052656 total
- age   3:     282048 bytes,    3334704 total
- age   4:     312288 bytes,    3646992 total
: 58142K->4481K(60864K), 0.0070674 secs] 83845K->30530K(196032K), 0.0071908 secs] [Times: user=0.02 sys=0.00, real=0.01 secs] 
Heap after GC invocations=54 (full 1):
 par new generation   total 60864K, used 4481K [0x00000006fb000000, 0x00000006ff200000, 0x0000000724990000)
  eden space 54144K,   0% used [0x00000006fb000000, 0x00000006fb000000, 0x00000006fe4e0000)
  from space 6720K,  66% used [0x00000006fe4e0000, 0x00000006fe9404d8, 0x00000006feb70000)
  to   space 6720K,   0% used [0x00000006feb70000, 0x00000006feb70000, 0x00000006ff200000)
 concurrent mark-sweep generation total 135168K, used 26049K [0x0000000724990000, 0x000000072cd90000, 0x00000007c0000000)
 Metaspace       used 31822K, capacity 33076K, committed 33276K, reserved 1079296K
  class space    used 3809K, capacity 4070K, committed 4092K, reserved 1048576K
}
2020-12-20T10:01:55.036+0000: 8.368: Total time for which application threads were stopped: 0.0073172 seconds, Stopping threads took: 0.0000138 seconds
{Heap before GC invocations=54 (full 1):
 par new generation   total 60864K, used 58625K [0x00000006fb000000, 0x00000006ff200000, 0x0000000724990000)
  eden space 54144K, 100% used [0x00000006fb000000, 0x00000006fe4e0000, 0x00000006fe4e0000)
  from space 6720K,  66% used [0x00000006fe4e0000, 0x00000006fe9404d8, 0x00000006feb70000)
  to   space 6720K,   0% used [0x00000006feb70000, 0x00000006feb70000, 0x00000006ff200000)
 concurrent mark-sweep generation total 135168K, used 26049K [0x0000000724990000, 0x000000072cd90000, 0x00000007c0000000)
 Metaspace       used 32285K, capacity 33552K, committed 33660K, reserved 1079296K
  class space    used 3868K, capacity 4138K, committed 4220K, reserved 1048576K
2020-12-20T10:01:55.200+0000: 8.532: [GC (Allocation Failure) 2020-12-20T10:01:55.200+0000: 8.532: [ParNew
Desired survivor size 3440640 bytes, new threshold 3 (max 6)
- age   1:    3042840 bytes,    3042840 total
- age   2:     261224 bytes,    3304064 total
- age   3:     294232 bytes,    3598296 total
- age   4:     280920 bytes,    3879216 total
: 58625K->4148K(60864K), 0.0088971 secs] 84674K->30507K(196032K), 0.0090822 secs] [Times: user=0.03 sys=0.00, real=0.01 secs] 
Heap after GC invocations=55 (full 1):
 par new generation   total 60864K, used 4148K [0x00000006fb000000, 0x00000006ff200000, 0x0000000724990000)
  eden space 54144K,   0% used [0x00000006fb000000, 0x00000006fb000000, 0x00000006fe4e0000)
  from space 6720K,  61% used [0x00000006feb70000, 0x00000006fef7d130, 0x00000006ff200000)
  to   space 6720K,   0% used [0x00000006fe4e0000, 0x00000006fe4e0000, 0x00000006feb70000)
 concurrent mark-sweep generation total 135168K, used 26359K [0x0000000724990000, 0x000000072cd90000, 0x00000007c0000000)
 Metaspace       used 32285K, capacity 33552K, committed 33660K, reserved 1079296K
  class space    used 3868K, capacity 4138K, committed 4220K, reserved 1048576K
}
2020-12-20T10:01:55.210+0000: 8.541: Total time for which application threads were stopped: 0.0093121 seconds, Stopping threads took: 0.0000135 seconds
{Heap before GC invocations=55 (full 1):
 par new generation   total 60864K, used 58292K [0x00000006fb000000, 0x00000006ff200000, 0x0000000724990000)
  eden space 54144K, 100% used [0x00000006fb000000, 0x00000006fe4e0000, 0x00000006fe4e0000)
  from space 6720K,  61% used [0x00000006feb70000, 0x00000006fef7d130, 0x00000006ff200000)
  to   space 6720K,   0% used [0x00000006fe4e0000, 0x00000006fe4e0000, 0x00000006feb70000)
 concurrent mark-sweep generation total 135168K, used 26359K [0x0000000724990000, 0x000000072cd90000, 0x00000007c0000000)
 Metaspace       used 32552K, capacity 33850K, committed 33916K, reserved 1079296K
  class space    used 3900K, capacity 4171K, committed 4220K, reserved 1048576K
2020-12-20T10:01:55.336+0000: 8.667: [GC (Allocation Failure) 2020-12-20T10:01:55.336+0000: 8.668: [ParNew
Desired survivor size 3440640 bytes, new threshold 1 (max 6)
- age   1:    5720984 bytes,    5720984 total
- age   2:     341024 bytes,    6062008 total
- age   3:     254616 bytes,    6316624 total
: 58292K->6575K(60864K), 0.0177174 secs] 84651K->33510K(196032K), 0.0178651 secs] [Times: user=0.05 sys=0.00, real=0.01 secs] 
Heap after GC invocations=56 (full 1):
 par new generation   total 60864K, used 6575K [0x00000006fb000000, 0x00000006ff200000, 0x0000000724990000)
  eden space 54144K,   0% used [0x00000006fb000000, 0x00000006fb000000, 0x00000006fe4e0000)
  from space 6720K,  97% used [0x00000006fe4e0000, 0x00000006feb4bdd0, 0x00000006feb70000)
  to   space 6720K,   0% used [0x00000006feb70000, 0x00000006feb70000, 0x00000006ff200000)
 concurrent mark-sweep generation total 135168K, used 26934K [0x0000000724990000, 0x000000072cd90000, 0x00000007c0000000)
 Metaspace       used 32552K, capacity 33850K, committed 33916K, reserved 1079296K
  class space    used 3900K, capacity 4171K, committed 4220K, reserved 1048576K
}
2020-12-20T10:01:55.354+0000: 8.685: Total time for which application threads were stopped: 0.0180372 seconds, Stopping threads took: 0.0000272 seconds
{Heap before GC invocations=56 (full 1):
 par new generation   total 60864K, used 60719K [0x00000006fb000000, 0x00000006ff200000, 0x0000000724990000)
  eden space 54144K, 100% used [0x00000006fb000000, 0x00000006fe4e0000, 0x00000006fe4e0000)
  from space 6720K,  97% used [0x00000006fe4e0000, 0x00000006feb4bdd0, 0x00000006feb70000)
  to   space 6720K,   0% used [0x00000006feb70000, 0x00000006feb70000, 0x00000006ff200000)
 concurrent mark-sweep generation total 135168K, used 26934K [0x0000000724990000, 0x000000072cd90000, 0x00000007c0000000)
 Metaspace       used 32813K, capacity 34102K, committed 34172K, reserved 1079296K
  class space    used 3931K, capacity 4207K, committed 4220K, reserved 1048576K
2020-12-20T10:01:55.474+0000: 8.805: [GC (Allocation Failure) 2020-12-20T10:01:55.474+0000: 8.805: [ParNew
Desired survivor size 3440640 bytes, new threshold 1 (max 6)
- age   1:    5678656 bytes,    5678656 total
: 60719K->6298K(60864K), 0.0164446 secs] 87654K->34058K(196032K), 0.0166418 secs] [Times: user=0.04 sys=0.01, real=0.02 secs] 
Heap after GC invocations=57 (full 1):
 par new generation   total 60864K, used 6298K [0x00000006fb000000, 0x00000006ff200000, 0x0000000724990000)
  eden space 54144K,   0% used [0x00000006fb000000, 0x00000006fb000000, 0x00000006fe4e0000)
  from space 6720K,  93% used [0x00000006feb70000, 0x00000006ff196aa8, 0x00000006ff200000)
  to   space 6720K,   0% used [0x00000006fe4e0000, 0x00000006fe4e0000, 0x00000006feb70000)
 concurrent mark-sweep generation total 135168K, used 27759K [0x0000000724990000, 0x000000072cd90000, 0x00000007c0000000)
 Metaspace       used 32813K, capacity 34102K, committed 34172K, reserved 1079296K
  class space    used 3931K, capacity 4207K, committed 4220K, reserved 1048576K
}
2020-12-20T10:01:55.491+0000: 8.822: Total time for which application threads were stopped: 0.0168027 seconds, Stopping threads took: 0.0000162 seconds
{Heap before GC invocations=57 (full 1):
 par new generation   total 60864K, used 60442K [0x00000006fb000000, 0x00000006ff200000, 0x0000000724990000)
  eden space 54144K, 100% used [0x00000006fb000000, 0x00000006fe4e0000, 0x00000006fe4e0000)
  from space 6720K,  93% used [0x00000006feb70000, 0x00000006ff196aa8, 0x00000006ff200000)
  to   space 6720K,   0% used [0x00000006fe4e0000, 0x00000006fe4e0000, 0x00000006feb70000)
 concurrent mark-sweep generation total 135168K, used 27759K [0x0000000724990000, 0x000000072cd90000, 0x00000007c0000000)
 Metaspace       used 33074K, capacity 34408K, committed 34556K, reserved 1079296K
  class space    used 3965K, capacity 4244K, committed 4348K, reserved 1048576K
2020-12-20T10:01:55.650+0000: 8.981: [GC (Allocation Failure) 2020-12-20T10:01:55.650+0000: 8.981: [ParNew
Desired survivor size 3440640 bytes, new threshold 1 (max 6)
- age   1:    4217736 bytes,    4217736 total
: 60442K->4458K(60864K), 0.0122574 secs] 88202K->32447K(196032K), 0.0124310 secs] [Times: user=0.03 sys=0.00, real=0.01 secs] 
Heap after GC invocations=58 (full 1):
 par new generation   total 60864K, used 4458K [0x00000006fb000000, 0x00000006ff200000, 0x0000000724990000)
  eden space 54144K,   0% used [0x00000006fb000000, 0x00000006fb000000, 0x00000006fe4e0000)
  from space 6720K,  66% used [0x00000006fe4e0000, 0x00000006fe93a8b8, 0x00000006feb70000)
  to   space 6720K,   0% used [0x00000006feb70000, 0x00000006feb70000, 0x00000006ff200000)
 concurrent mark-sweep generation total 135168K, used 27989K [0x0000000724990000, 0x000000072cd90000, 0x00000007c0000000)
 Metaspace       used 33074K, capacity 34408K, committed 34556K, reserved 1079296K
  class space    used 3965K, capacity 4244K, committed 4348K, reserved 1048576K
}
2020-12-20T10:01:55.662+0000: 8.994: Total time for which application threads were stopped: 0.0126424 seconds, Stopping threads took: 0.0000143 seconds
{Heap before GC invocations=58 (full 1):
 par new generation   total 60864K, used 58602K [0x00000006fb000000, 0x00000006ff200000, 0x0000000724990000)
  eden space 54144K, 100% used [0x00000006fb000000, 0x00000006fe4e0000, 0x00000006fe4e0000)
  from space 6720K,  66% used [0x00000006fe4e0000, 0x00000006fe93a8b8, 0x00000006feb70000)
  to   space 6720K,   0% used [0x00000006feb70000, 0x00000006feb70000, 0x00000006ff200000)
 concurrent mark-sweep generation total 135168K, used 27989K [0x0000000724990000, 0x000000072cd90000, 0x00000007c0000000)
 Metaspace       used 33646K, capacity 35004K, committed 35068K, reserved 1079296K
  class space    used 4034K, capacity 4312K, committed 4348K, reserved 1048576K
2020-12-20T10:01:55.848+0000: 9.179: [GC (Allocation Failure) 2020-12-20T10:01:55.848+0000: 9.179: [ParNew
Desired survivor size 3440640 bytes, new threshold 6 (max 6)
- age   1:    2520632 bytes,    2520632 total
: 58602K->3046K(60864K), 0.0075826 secs] 86591K->31684K(196032K), 0.0077421 secs] [Times: user=0.03 sys=0.00, real=0.01 secs] 
Heap after GC invocations=59 (full 1):
 par new generation   total 60864K, used 3046K [0x00000006fb000000, 0x00000006ff200000, 0x0000000724990000)
  eden space 54144K,   0% used [0x00000006fb000000, 0x00000006fb000000, 0x00000006fe4e0000)
  from space 6720K,  45% used [0x00000006feb70000, 0x00000006fee69ac8, 0x00000006ff200000)
  to   space 6720K,   0% used [0x00000006fe4e0000, 0x00000006fe4e0000, 0x00000006feb70000)
 concurrent mark-sweep generation total 135168K, used 28637K [0x0000000724990000, 0x000000072cd90000, 0x00000007c0000000)
 Metaspace       used 33646K, capacity 35004K, committed 35068K, reserved 1079296K
  class space    used 4034K, capacity 4312K, committed 4348K, reserved 1048576K
}
2020-12-20T10:01:55.855+0000: 9.187: Total time for which application threads were stopped: 0.0079585 seconds, Stopping threads took: 0.0000329 seconds
{Heap before GC invocations=59 (full 1):
 par new generation   total 60864K, used 57190K [0x00000006fb000000, 0x00000006ff200000, 0x0000000724990000)
  eden space 54144K, 100% used [0x00000006fb000000, 0x00000006fe4e0000, 0x00000006fe4e0000)
  from space 6720K,  45% used [0x00000006feb70000, 0x00000006fee69ac8, 0x00000006ff200000)
  to   space 6720K,   0% used [0x00000006fe4e0000, 0x00000006fe4e0000, 0x00000006feb70000)
 concurrent mark-sweep generation total 135168K, used 28637K [0x0000000724990000, 0x000000072cd90000, 0x00000007c0000000)
 Metaspace       used 34170K, capacity 35582K, committed 35708K, reserved 1081344K
  class space    used 4110K, capacity 4387K, committed 4476K, reserved 1048576K
2020-12-20T10:01:56.046+0000: 9.378: [GC (Allocation Failure) 2020-12-20T10:01:56.046+0000: 9.378: [ParNew
Desired survivor size 3440640 bytes, new threshold 6 (max 6)
- age   1:    2006720 bytes,    2006720 total
- age   2:     291520 bytes,    2298240 total
: 57190K->2326K(60864K), 0.0087250 secs] 85828K->30964K(196032K), 0.0089585 secs] [Times: user=0.03 sys=0.00, real=0.00 secs] 
Heap after GC invocations=60 (full 1):
 par new generation   total 60864K, used 2326K [0x00000006fb000000, 0x00000006ff200000, 0x0000000724990000)
  eden space 54144K,   0% used [0x00000006fb000000, 0x00000006fb000000, 0x00000006fe4e0000)
  from space 6720K,  34% used [0x00000006fe4e0000, 0x00000006fe725bf0, 0x00000006feb70000)
  to   space 6720K,   0% used [0x00000006feb70000, 0x00000006feb70000, 0x00000006ff200000)
 concurrent mark-sweep generation total 135168K, used 28637K [0x0000000724990000, 0x000000072cd90000, 0x00000007c0000000)
 Metaspace       used 34170K, capacity 35582K, committed 35708K, reserved 1081344K
  class space    used 4110K, capacity 4387K, committed 4476K, reserved 1048576K
}
2020-12-20T10:01:56.055+0000: 9.387: Total time for which application threads were stopped: 0.0092140 seconds, Stopping threads took: 0.0000404 seconds
{Heap before GC invocations=60 (full 1):
 par new generation   total 60864K, used 56470K [0x00000006fb000000, 0x00000006ff200000, 0x0000000724990000)
  eden space 54144K, 100% used [0x00000006fb000000, 0x00000006fe4e0000, 0x00000006fe4e0000)
  from space 6720K,  34% used [0x00000006fe4e0000, 0x00000006fe725bf0, 0x00000006feb70000)
  to   space 6720K,   0% used [0x00000006feb70000, 0x00000006feb70000, 0x00000006ff200000)
 concurrent mark-sweep generation total 135168K, used 28637K [0x0000000724990000, 0x000000072cd90000, 0x00000007c0000000)
 Metaspace       used 34470K, capacity 35820K, committed 35964K, reserved 1081344K
  class space    used 4155K, capacity 4420K, committed 4476K, reserved 1048576K
2020-12-20T10:01:56.299+0000: 9.631: [GC (Allocation Failure) 2020-12-20T10:01:56.299+0000: 9.631: [ParNew
Desired survivor size 3440640 bytes, new threshold 6 (max 6)
- age   1:    2086832 bytes,    2086832 total
- age   2:     338104 bytes,    2424936 total
- age   3:     287184 bytes,    2712120 total
: 56470K->3010K(60864K), 0.0062176 secs] 85108K->31648K(196032K), 0.0063719 secs] [Times: user=0.02 sys=0.00, real=0.01 secs] 
Heap after GC invocations=61 (full 1):
 par new generation   total 60864K, used 3010K [0x00000006fb000000, 0x00000006ff200000, 0x0000000724990000)
  eden space 54144K,   0% used [0x00000006fb000000, 0x00000006fb000000, 0x00000006fe4e0000)
  from space 6720K,  44% used [0x00000006feb70000, 0x00000006fee608b8, 0x00000006ff200000)
  to   space 6720K,   0% used [0x00000006fe4e0000, 0x00000006fe4e0000, 0x00000006feb70000)
 concurrent mark-sweep generation total 135168K, used 28637K [0x0000000724990000, 0x000000072cd90000, 0x00000007c0000000)
 Metaspace       used 34470K, capacity 35820K, committed 35964K, reserved 1081344K
  class space    used 4155K, capacity 4420K, committed 4476K, reserved 1048576K
}
2020-12-20T10:01:56.305+0000: 9.637: Total time for which application threads were stopped: 0.0066005 seconds, Stopping threads took: 0.0000327 seconds
2020-12-20T10:01:56.543+0000: 9.874: Total time for which application threads were stopped: 0.0006515 seconds, Stopping threads took: 0.0000348 seconds
2020-12-20T10:01:56.546+0000: 9.878: Total time for which application threads were stopped: 0.0005923 seconds, Stopping threads took: 0.0000227 seconds
{Heap before GC invocations=61 (full 1):
 par new generation   total 60864K, used 57154K [0x00000006fb000000, 0x00000006ff200000, 0x0000000724990000)
  eden space 54144K, 100% used [0x00000006fb000000, 0x00000006fe4e0000, 0x00000006fe4e0000)
  from space 6720K,  44% used [0x00000006feb70000, 0x00000006fee608b8, 0x00000006ff200000)
  to   space 6720K,   0% used [0x00000006fe4e0000, 0x00000006fe4e0000, 0x00000006feb70000)
 concurrent mark-sweep generation total 135168K, used 28637K [0x0000000724990000, 0x000000072cd90000, 0x00000007c0000000)
 Metaspace       used 34965K, capacity 36380K, committed 36604K, reserved 1081344K
  class space    used 4226K, capacity 4494K, committed 4604K, reserved 1048576K
2020-12-20T10:01:56.556+0000: 9.887: [GC (Allocation Failure) 2020-12-20T10:01:56.556+0000: 9.887: [ParNew
Desired survivor size 3440640 bytes, new threshold 6 (max 6)
- age   1:    2458984 bytes,    2458984 total
- age   2:     334376 bytes,    2793360 total
- age   3:     329512 bytes,    3122872 total
- age   4:     286232 bytes,    3409104 total
: 57154K->3783K(60864K), 0.0091793 secs] 85792K->32421K(196032K), 0.0093737 secs] [Times: user=0.03 sys=0.00, real=0.00 secs] 
Heap after GC invocations=62 (full 1):
 par new generation   total 60864K, used 3783K [0x00000006fb000000, 0x00000006ff200000, 0x0000000724990000)
  eden space 54144K,   0% used [0x00000006fb000000, 0x00000006fb000000, 0x00000006fe4e0000)
  from space 6720K,  56% used [0x00000006fe4e0000, 0x00000006fe891ef0, 0x00000006feb70000)
  to   space 6720K,   0% used [0x00000006feb70000, 0x00000006feb70000, 0x00000006ff200000)
 concurrent mark-sweep generation total 135168K, used 28637K [0x0000000724990000, 0x000000072cd90000, 0x00000007c0000000)
 Metaspace       used 34965K, capacity 36380K, committed 36604K, reserved 1081344K
  class space    used 4226K, capacity 4494K, committed 4604K, reserved 1048576K
}
2020-12-20T10:01:56.565+0000: 9.897: Total time for which application threads were stopped: 0.0096194 seconds, Stopping threads took: 0.0000154 seconds
{Heap before GC invocations=62 (full 1):
 par new generation   total 60864K, used 57927K [0x00000006fb000000, 0x00000006ff200000, 0x0000000724990000)
  eden space 54144K, 100% used [0x00000006fb000000, 0x00000006fe4e0000, 0x00000006fe4e0000)
  from space 6720K,  56% used [0x00000006fe4e0000, 0x00000006fe891ef0, 0x00000006feb70000)
  to   space 6720K,   0% used [0x00000006feb70000, 0x00000006feb70000, 0x00000006ff200000)
 concurrent mark-sweep generation total 135168K, used 28637K [0x0000000724990000, 0x000000072cd90000, 0x00000007c0000000)
 Metaspace       used 35150K, capacity 36554K, committed 36860K, reserved 1081344K
  class space    used 4254K, capacity 4531K, committed 4604K, reserved 1048576K
2020-12-20T10:01:56.759+0000: 10.091: [GC (Allocation Failure) 2020-12-20T10:01:56.759+0000: 10.091: [ParNew
Desired survivor size 3440640 bytes, new threshold 6 (max 6)
- age   1:    1740408 bytes,    1740408 total
- age   2:     334200 bytes,    2074608 total
- age   3:     331552 bytes,    2406160 total
- age   4:     328576 bytes,    2734736 total
- age   5:     284264 bytes,    3019000 total
: 57927K->3830K(60864K), 0.0043312 secs] 86565K->32468K(196032K), 0.0044684 secs] [Times: user=0.01 sys=0.00, real=0.00 secs] 
Heap after GC invocations=63 (full 1):
 par new generation   total 60864K, used 3830K [0x00000006fb000000, 0x00000006ff200000, 0x0000000724990000)
  eden space 54144K,   0% used [0x00000006fb000000, 0x00000006fb000000, 0x00000006fe4e0000)
  from space 6720K,  57% used [0x00000006feb70000, 0x00000006fef2d9c0, 0x00000006ff200000)
  to   space 6720K,   0% used [0x00000006fe4e0000, 0x00000006fe4e0000, 0x00000006feb70000)
 concurrent mark-sweep generation total 135168K, used 28637K [0x0000000724990000, 0x000000072cd90000, 0x00000007c0000000)
 Metaspace       used 35150K, capacity 36554K, committed 36860K, reserved 1081344K
  class space    used 4254K, capacity 4531K, committed 4604K, reserved 1048576K
}
2020-12-20T10:01:56.764+0000: 10.095: Total time for which application threads were stopped: 0.0046731 seconds, Stopping threads took: 0.0000158 seconds
{Heap before GC invocations=63 (full 1):
 par new generation   total 60864K, used 57974K [0x00000006fb000000, 0x00000006ff200000, 0x0000000724990000)
  eden space 54144K, 100% used [0x00000006fb000000, 0x00000006fe4e0000, 0x00000006fe4e0000)
  from space 6720K,  57% used [0x00000006feb70000, 0x00000006fef2d9c0, 0x00000006ff200000)
  to   space 6720K,   0% used [0x00000006fe4e0000, 0x00000006fe4e0000, 0x00000006feb70000)
 concurrent mark-sweep generation total 135168K, used 28637K [0x0000000724990000, 0x000000072cd90000, 0x00000007c0000000)
 Metaspace       used 35635K, capacity 37014K, committed 37116K, reserved 1081344K
  class space    used 4331K, capacity 4597K, committed 4604K, reserved 1048576K
2020-12-20T10:01:56.881+0000: 10.213: [GC (Allocation Failure) 2020-12-20T10:01:56.881+0000: 10.213: [ParNew
Desired survivor size 3440640 bytes, new threshold 6 (max 6)
- age   1:    1559232 bytes,    1559232 total
- age   2:     265576 bytes,    1824808 total
- age   3:     322208 bytes,    2147016 total
- age   4:     324208 bytes,    2471224 total
- age   5:     327712 bytes,    2798936 total
- age   6:     279152 bytes,    3078088 total
: 57974K->3767K(60864K), 0.0040717 secs] 86612K->32404K(196032K), 0.0041845 secs] [Times: user=0.02 sys=0.00, real=0.01 secs] 
Heap after GC invocations=64 (full 1):
 par new generation   total 60864K, used 3767K [0x00000006fb000000, 0x00000006ff200000, 0x0000000724990000)
  eden space 54144K,   0% used [0x00000006fb000000, 0x00000006fb000000, 0x00000006fe4e0000)
  from space 6720K,  56% used [0x00000006fe4e0000, 0x00000006fe88dc60, 0x00000006feb70000)
  to   space 6720K,   0% used [0x00000006feb70000, 0x00000006feb70000, 0x00000006ff200000)
 concurrent mark-sweep generation total 135168K, used 28637K [0x0000000724990000, 0x000000072cd90000, 0x00000007c0000000)
 Metaspace       used 35635K, capacity 37014K, committed 37116K, reserved 1081344K
  class space    used 4331K, capacity 4597K, committed 4604K, reserved 1048576K
}
2020-12-20T10:01:56.885+0000: 10.217: Total time for which application threads were stopped: 0.0043253 seconds, Stopping threads took: 0.0000118 seconds
2020-12-20T10:01:56.957+0000: 10.289: Total time for which application threads were stopped: 0.0006293 seconds, Stopping threads took: 0.0000157 seconds
{Heap before GC invocations=64 (full 1):
 par new generation   total 60864K, used 57911K [0x00000006fb000000, 0x00000006ff200000, 0x0000000724990000)
  eden space 54144K, 100% used [0x00000006fb000000, 0x00000006fe4e0000, 0x00000006fe4e0000)
  from space 6720K,  56% used [0x00000006fe4e0000, 0x00000006fe88dc60, 0x00000006feb70000)
  to   space 6720K,   0% used [0x00000006feb70000, 0x00000006feb70000, 0x00000006ff200000)
 concurrent mark-sweep generation total 135168K, used 28637K [0x0000000724990000, 0x000000072cd90000, 0x00000007c0000000)
 Metaspace       used 36141K, capacity 37564K, committed 37756K, reserved 1083392K
  class space    used 4403K, capacity 4694K, committed 4732K, reserved 1048576K
2020-12-20T10:01:56.976+0000: 10.307: [GC (Allocation Failure) 2020-12-20T10:01:56.976+0000: 10.307: [ParNew
Desired survivor size 3440640 bytes, new threshold 6 (max 6)
- age   1:    1037536 bytes,    1037536 total
- age   2:     431072 bytes,    1468608 total
- age   3:     262432 bytes,    1731040 total
- age   4:     306656 bytes,    2037696 total
- age   5:     323008 bytes,    2360704 total
- age   6:     325232 bytes,    2685936 total
: 57911K->3633K(60864K), 0.0039627 secs] 86548K->32555K(196032K), 0.0041028 secs] [Times: user=0.01 sys=0.00, real=0.00 secs] 
Heap after GC invocations=65 (full 1):
 par new generation   total 60864K, used 3633K [0x00000006fb000000, 0x00000006ff200000, 0x0000000724990000)
  eden space 54144K,   0% used [0x00000006fb000000, 0x00000006fb000000, 0x00000006fe4e0000)
  from space 6720K,  54% used [0x00000006feb70000, 0x00000006feefc5c0, 0x00000006ff200000)
  to   space 6720K,   0% used [0x00000006fe4e0000, 0x00000006fe4e0000, 0x00000006feb70000)
 concurrent mark-sweep generation total 135168K, used 28921K [0x0000000724990000, 0x000000072cd90000, 0x00000007c0000000)
 Metaspace       used 36141K, capacity 37564K, committed 37756K, reserved 1083392K
  class space    used 4403K, capacity 4694K, committed 4732K, reserved 1048576K
}
2020-12-20T10:01:56.980+0000: 10.311: Total time for which application threads were stopped: 0.0042328 seconds, Stopping threads took: 0.0000158 seconds
2020-12-20T10:01:57.058+0000: 10.390: Total time for which application threads were stopped: 0.0005235 seconds, Stopping threads took: 0.0000300 seconds
2020-12-20T10:01:57.180+0000: 10.512: Total time for which application threads were stopped: 0.0009213 seconds, Stopping threads took: 0.0000842 seconds
2020-12-20T10:01:57.183+0000: 10.515: Total time for which application threads were stopped: 0.0007712 seconds, Stopping threads took: 0.0000457 seconds
{Heap before GC invocations=65 (full 1):
 par new generation   total 60864K, used 57777K [0x00000006fb000000, 0x00000006ff200000, 0x0000000724990000)
  eden space 54144K, 100% used [0x00000006fb000000, 0x00000006fe4e0000, 0x00000006fe4e0000)
  from space 6720K,  54% used [0x00000006feb70000, 0x00000006feefc5c0, 0x00000006ff200000)
  to   space 6720K,   0% used [0x00000006fe4e0000, 0x00000006fe4e0000, 0x00000006feb70000)
 concurrent mark-sweep generation total 135168K, used 28921K [0x0000000724990000, 0x000000072cd90000, 0x00000007c0000000)
 Metaspace       used 37102K, capacity 38570K, committed 38652K, reserved 1083392K
  class space    used 4517K, capacity 4803K, committed 4860K, reserved 1048576K
2020-12-20T10:01:57.271+0000: 10.602: [GC (Allocation Failure) 2020-12-20T10:01:57.271+0000: 10.603: [ParNew
Desired survivor size 3440640 bytes, new threshold 5 (max 6)
- age   1:    2463592 bytes,    2463592 total
- age   2:     172816 bytes,    2636408 total
- age   3:     405400 bytes,    3041808 total
- age   4:     245440 bytes,    3287248 total
- age   5:     284544 bytes,    3571792 total
- age   6:     284960 bytes,    3856752 total
: 57777K->4333K(60864K), 0.0166766 secs] 86699K->33554K(196032K), 0.0169201 secs] [Times: user=0.06 sys=0.02, real=0.02 secs] 
Heap after GC invocations=66 (full 1):
 par new generation   total 60864K, used 4333K [0x00000006fb000000, 0x00000006ff200000, 0x0000000724990000)
  eden space 54144K,   0% used [0x00000006fb000000, 0x00000006fb000000, 0x00000006fe4e0000)
  from space 6720K,  64% used [0x00000006fe4e0000, 0x00000006fe91b790, 0x00000006feb70000)
  to   space 6720K,   0% used [0x00000006feb70000, 0x00000006feb70000, 0x00000006ff200000)
 concurrent mark-sweep generation total 135168K, used 29220K [0x0000000724990000, 0x000000072cd90000, 0x00000007c0000000)
 Metaspace       used 37102K, capacity 38570K, committed 38652K, reserved 1083392K
  class space    used 4517K, capacity 4803K, committed 4860K, reserved 1048576K
}
2020-12-20T10:01:57.288+0000: 10.619: Total time for which application threads were stopped: 0.0172554 seconds, Stopping threads took: 0.0001463 seconds
2020-12-20T10:01:57.348+0000: 10.680: Total time for which application threads were stopped: 0.0001607 seconds, Stopping threads took: 0.0000437 seconds
{Heap before GC invocations=66 (full 1):
 par new generation   total 60864K, used 58477K [0x00000006fb000000, 0x00000006ff200000, 0x0000000724990000)
  eden space 54144K, 100% used [0x00000006fb000000, 0x00000006fe4e0000, 0x00000006fe4e0000)
  from space 6720K,  64% used [0x00000006fe4e0000, 0x00000006fe91b790, 0x00000006feb70000)
  to   space 6720K,   0% used [0x00000006feb70000, 0x00000006feb70000, 0x00000006ff200000)
 concurrent mark-sweep generation total 135168K, used 29220K [0x0000000724990000, 0x000000072cd90000, 0x00000007c0000000)
 Metaspace       used 37388K, capacity 38912K, committed 38944K, reserved 1083392K
  class space    used 4567K, capacity 4846K, committed 4860K, reserved 1048576K
2020-12-20T10:01:57.486+0000: 10.817: [GC (Allocation Failure) 2020-12-20T10:01:57.486+0000: 10.817: [ParNew
Desired survivor size 3440640 bytes, new threshold 6 (max 6)
- age   1:     736288 bytes,     736288 total
- age   2:    1016960 bytes,    1753248 total
- age   3:     170632 bytes,    1923880 total
- age   4:     403720 bytes,    2327600 total
- age   5:     245440 bytes,    2573040 total
: 58477K->3651K(60864K), 0.0095929 secs] 87698K->33448K(196032K), 0.0097557 secs] [Times: user=0.06 sys=0.00, real=0.01 secs] 
Heap after GC invocations=67 (full 1):
 par new generation   total 60864K, used 3651K [0x00000006fb000000, 0x00000006ff200000, 0x0000000724990000)
  eden space 54144K,   0% used [0x00000006fb000000, 0x00000006fb000000, 0x00000006fe4e0000)
  from space 6720K,  54% used [0x00000006feb70000, 0x00000006fef00ce0, 0x00000006ff200000)
  to   space 6720K,   0% used [0x00000006fe4e0000, 0x00000006fe4e0000, 0x00000006feb70000)
 concurrent mark-sweep generation total 135168K, used 29797K [0x0000000724990000, 0x000000072cd90000, 0x00000007c0000000)
 Metaspace       used 37388K, capacity 38912K, committed 38944K, reserved 1083392K
  class space    used 4567K, capacity 4846K, committed 4860K, reserved 1048576K
}
2020-12-20T10:01:57.495+0000: 10.827: Total time for which application threads were stopped: 0.0100012 seconds, Stopping threads took: 0.0000706 seconds
2020-12-20T10:01:57.496+0000: 10.827: [GC (CMS Initial Mark) [1 CMS-initial-mark: 29797K(135168K)] 33448K(196032K), 0.0022163 secs] [Times: user=0.01 sys=0.00, real=0.00 secs] 
2020-12-20T10:01:57.498+0000: 10.830: Total time for which application threads were stopped: 0.0024990 seconds, Stopping threads took: 0.0001122 seconds
2020-12-20T10:01:57.498+0000: 10.830: [CMS-concurrent-mark-start]
2020-12-20T10:01:57.537+0000: 10.869: [CMS-concurrent-mark: 0.039/0.039 secs] [Times: user=0.25 sys=0.00, real=0.04 secs] 
2020-12-20T10:01:57.537+0000: 10.869: [CMS-concurrent-preclean-start]
2020-12-20T10:01:57.539+0000: 10.870: [CMS-concurrent-preclean: 0.001/0.001 secs] [Times: user=0.00 sys=0.00, real=0.00 secs] 
2020-12-20T10:01:57.539+0000: 10.870: [CMS-concurrent-abortable-preclean-start]
2020-12-20T10:01:57.555+0000: 10.887: Total time for which application threads were stopped: 0.0001435 seconds, Stopping threads took: 0.0000371 seconds
2020-12-20T10:01:57.700+0000: 11.031: Total time for which application threads were stopped: 0.0001767 seconds, Stopping threads took: 0.0000501 seconds
{Heap before GC invocations=67 (full 2):
 par new generation   total 60864K, used 57795K [0x00000006fb000000, 0x00000006ff200000, 0x0000000724990000)
  eden space 54144K, 100% used [0x00000006fb000000, 0x00000006fe4e0000, 0x00000006fe4e0000)
  from space 6720K,  54% used [0x00000006feb70000, 0x00000006fef00ce0, 0x00000006ff200000)
  to   space 6720K,   0% used [0x00000006fe4e0000, 0x00000006fe4e0000, 0x00000006feb70000)
 concurrent mark-sweep generation total 135168K, used 29797K [0x0000000724990000, 0x000000072cd90000, 0x00000007c0000000)
 Metaspace       used 37941K, capacity 39504K, committed 39684K, reserved 1083392K
  class space    used 4645K, capacity 4950K, committed 5012K, reserved 1048576K
2020-12-20T10:01:57.772+0000: 11.104: [GC (Allocation Failure) 2020-12-20T10:01:57.772+0000: 11.104: [ParNew
Desired survivor size 3440640 bytes, new threshold 5 (max 6)
- age   1:    1838296 bytes,    1838296 total
- age   2:     242120 bytes,    2080416 total
- age   3:    1006848 bytes,    3087264 total
- age   4:     166728 bytes,    3253992 total
- age   5:     396792 bytes,    3650784 total
- age   6:     243864 bytes,    3894648 total
: 57795K->4136K(60864K), 0.0068624 secs] 87592K->33933K(196032K), 0.0070124 secs] [Times: user=0.06 sys=0.00, real=0.01 secs] 
Heap after GC invocations=68 (full 2):
 par new generation   total 60864K, used 4136K [0x00000006fb000000, 0x00000006ff200000, 0x0000000724990000)
  eden space 54144K,   0% used [0x00000006fb000000, 0x00000006fb000000, 0x00000006fe4e0000)
  from space 6720K,  61% used [0x00000006fe4e0000, 0x00000006fe8ea040, 0x00000006feb70000)
  to   space 6720K,   0% used [0x00000006feb70000, 0x00000006feb70000, 0x00000006ff200000)
 concurrent mark-sweep generation total 135168K, used 29797K [0x0000000724990000, 0x000000072cd90000, 0x00000007c0000000)
 Metaspace       used 37941K, capacity 39504K, committed 39684K, reserved 1083392K
  class space    used 4645K, capacity 4950K, committed 5012K, reserved 1048576K
}
2020-12-20T10:01:57.779+0000: 11.111: Total time for which application threads were stopped: 0.0072417 seconds, Stopping threads took: 0.0000498 seconds
2020-12-20T10:01:57.805+0000: 11.136: Total time for which application threads were stopped: 0.0001747 seconds, Stopping threads took: 0.0000898 seconds
2020-12-20T10:01:57.842+0000: 11.173: Total time for which application threads were stopped: 0.0010038 seconds, Stopping threads took: 0.0000457 seconds
2020-12-20T10:01:57.913+0000: 11.244: Total time for which application threads were stopped: 0.0005523 seconds, Stopping threads took: 0.0000310 seconds
2020-12-20T10:01:57.948+0000: 11.279: [CMS-concurrent-abortable-preclean: 0.215/0.409 secs] [Times: user=1.98 sys=0.03, real=0.41 secs] 
2020-12-20T10:01:57.948+0000: 11.280: [GC (CMS Final Remark) [YG occupancy: 55035 K (60864 K)]2020-12-20T10:01:57.948+0000: 11.280: [Rescan (parallel) , 0.0213064 secs]2020-12-20T10:01:57.970+0000: 11.301: [weak refs processing, 0.0002117 secs]2020-12-20T10:01:57.970+0000: 11.301: [class unloading, 0.0088463 secs]2020-12-20T10:01:57.979+0000: 11.310: [scrub symbol table, 0.0122231 secs]2020-12-20T10:01:57.991+0000: 11.323: [scrub string table, 0.0006331 secs][1 CMS-remark: 29797K(135168K)] 84832K(196032K), 0.0438594 secs] [Times: user=0.23 sys=0.02, real=0.04 secs] 
2020-12-20T10:01:57.992+0000: 11.324: Total time for which application threads were stopped: 0.0441402 seconds, Stopping threads took: 0.0001215 seconds
2020-12-20T10:01:57.993+0000: 11.324: [CMS-concurrent-sweep-start]
2020-12-20T10:01:58.027+0000: 11.359: [CMS-concurrent-sweep: 0.035/0.035 secs] [Times: user=0.18 sys=0.00, real=0.04 secs] 
2020-12-20T10:01:58.027+0000: 11.359: [CMS-concurrent-reset-start]
2020-12-20T10:01:58.031+0000: 11.363: [CMS-concurrent-reset: 0.003/0.003 secs] [Times: user=0.01 sys=0.00, real=0.00 secs] 
{Heap before GC invocations=68 (full 2):
 par new generation   total 60864K, used 58280K [0x00000006fb000000, 0x00000006ff200000, 0x0000000724990000)
  eden space 54144K, 100% used [0x00000006fb000000, 0x00000006fe4e0000, 0x00000006fe4e0000)
  from space 6720K,  61% used [0x00000006fe4e0000, 0x00000006fe8ea040, 0x00000006feb70000)
  to   space 6720K,   0% used [0x00000006feb70000, 0x00000006feb70000, 0x00000006ff200000)
 concurrent mark-sweep generation total 135168K, used 19783K [0x0000000724990000, 0x000000072cd90000, 0x00000007c0000000)
 Metaspace       used 38295K, capacity 39932K, committed 40016K, reserved 1085440K
  class space    used 4710K, capacity 5000K, committed 5012K, reserved 1048576K
2020-12-20T10:01:58.047+0000: 11.379: [GC (Allocation Failure) 2020-12-20T10:01:58.047+0000: 11.379: [ParNew
Desired survivor size 3440640 bytes, new threshold 4 (max 6)
- age   1:    1920504 bytes,    1920504 total
- age   2:    1114152 bytes,    3034656 total
- age   3:     235520 bytes,    3270176 total
- age   4:     996536 bytes,    4266712 total
- age   5:     161944 bytes,    4428656 total
: 58280K->6121K(60864K), 0.0250123 secs] 78064K->26520K(196032K), 0.0251817 secs] [Times: user=0.17 sys=0.00, real=0.02 secs] 
Heap after GC invocations=69 (full 2):
 par new generation   total 60864K, used 6121K [0x00000006fb000000, 0x00000006ff200000, 0x0000000724990000)
  eden space 54144K,   0% used [0x00000006fb000000, 0x00000006fb000000, 0x00000006fe4e0000)
  from space 6720K,  91% used [0x00000006feb70000, 0x00000006ff16a5f0, 0x00000006ff200000)
  to   space 6720K,   0% used [0x00000006fe4e0000, 0x00000006fe4e0000, 0x00000006feb70000)
 concurrent mark-sweep generation total 135168K, used 20398K [0x0000000724990000, 0x000000072cd90000, 0x00000007c0000000)
 Metaspace       used 38295K, capacity 39932K, committed 40016K, reserved 1085440K
  class space    used 4710K, capacity 5000K, committed 5012K, reserved 1048576K
}
2020-12-20T10:01:58.073+0000: 11.404: Total time for which application threads were stopped: 0.0254930 seconds, Stopping threads took: 0.0001301 seconds
2020-12-20T10:01:58.141+0000: 11.472: Total time for which application threads were stopped: 0.0008102 seconds, Stopping threads took: 0.0001012 seconds
{Heap before GC invocations=69 (full 2):
 par new generation   total 60864K, used 60265K [0x00000006fb000000, 0x00000006ff200000, 0x0000000724990000)
  eden space 54144K, 100% used [0x00000006fb000000, 0x00000006fe4e0000, 0x00000006fe4e0000)
  from space 6720K,  91% used [0x00000006feb70000, 0x00000006ff16a5f0, 0x00000006ff200000)
  to   space 6720K,   0% used [0x00000006fe4e0000, 0x00000006fe4e0000, 0x00000006feb70000)
 concurrent mark-sweep generation total 135168K, used 20398K [0x0000000724990000, 0x000000072cd90000, 0x00000007c0000000)
 Metaspace       used 38974K, capacity 40610K, committed 40656K, reserved 1085440K
  class space    used 4799K, capacity 5133K, committed 5140K, reserved 1048576K
2020-12-20T10:01:58.438+0000: 11.770: [GC (Allocation Failure) 2020-12-20T10:01:58.438+0000: 11.770: [ParNew
Desired survivor size 3440640 bytes, new threshold 6 (max 6)
- age   1:    1444744 bytes,    1444744 total
- age   2:     348984 bytes,    1793728 total
- age   3:    1108824 bytes,    2902552 total
- age   4:     235360 bytes,    3137912 total
: 60265K->4460K(60864K), 0.0109254 secs] 80664K->26027K(196032K), 0.0111675 secs] [Times: user=0.05 sys=0.00, real=0.01 secs] 
Heap after GC invocations=70 (full 2):
 par new generation   total 60864K, used 4460K [0x00000006fb000000, 0x00000006ff200000, 0x0000000724990000)
  eden space 54144K,   0% used [0x00000006fb000000, 0x00000006fb000000, 0x00000006fe4e0000)
  from space 6720K,  66% used [0x00000006fe4e0000, 0x00000006fe93b1c0, 0x00000006feb70000)
  to   space 6720K,   0% used [0x00000006feb70000, 0x00000006feb70000, 0x00000006ff200000)
 concurrent mark-sweep generation total 135168K, used 21566K [0x0000000724990000, 0x000000072cd90000, 0x00000007c0000000)
 Metaspace       used 38974K, capacity 40610K, committed 40656K, reserved 1085440K
  class space    used 4799K, capacity 5133K, committed 5140K, reserved 1048576K
}
2020-12-20T10:01:58.450+0000: 11.782: Total time for which application threads were stopped: 0.0119965 seconds, Stopping threads took: 0.0001448 seconds
2020-12-20T10:01:58.829+0000: 12.161: Total time for which application threads were stopped: 0.0007843 seconds, Stopping threads took: 0.0000375 seconds
{Heap before GC invocations=70 (full 2):
 par new generation   total 60864K, used 58604K [0x00000006fb000000, 0x00000006ff200000, 0x0000000724990000)
  eden space 54144K, 100% used [0x00000006fb000000, 0x00000006fe4e0000, 0x00000006fe4e0000)
  from space 6720K,  66% used [0x00000006fe4e0000, 0x00000006fe93b1c0, 0x00000006feb70000)
  to   space 6720K,   0% used [0x00000006feb70000, 0x00000006feb70000, 0x00000006ff200000)
 concurrent mark-sweep generation total 135168K, used 21566K [0x0000000724990000, 0x000000072cd90000, 0x00000007c0000000)
 Metaspace       used 39916K, capacity 41982K, committed 42192K, reserved 1085440K
  class space    used 4949K, capacity 5311K, committed 5396K, reserved 1048576K
2020-12-20T10:01:58.855+0000: 12.186: [GC (Allocation Failure) 2020-12-20T10:01:58.855+0000: 12.187: [ParNew
Desired survivor size 3440640 bytes, new threshold 4 (max 6)
- age   1:    2179008 bytes,    2179008 total
- age   2:     532848 bytes,    2711856 total
- age   3:     343488 bytes,    3055344 total
- age   4:    1107392 bytes,    4162736 total
- age   5:     233072 bytes,    4395808 total
: 58604K->5195K(60864K), 0.0108840 secs] 80171K->26761K(196032K), 0.0110425 secs] [Times: user=0.09 sys=0.02, real=0.02 secs] 
Heap after GC invocations=71 (full 2):
 par new generation   total 60864K, used 5195K [0x00000006fb000000, 0x00000006ff200000, 0x0000000724990000)
  eden space 54144K,   0% used [0x00000006fb000000, 0x00000006fb000000, 0x00000006fe4e0000)
  from space 6720K,  77% used [0x00000006feb70000, 0x00000006ff082c40, 0x00000006ff200000)
  to   space 6720K,   0% used [0x00000006fe4e0000, 0x00000006fe4e0000, 0x00000006feb70000)
 concurrent mark-sweep generation total 135168K, used 21566K [0x0000000724990000, 0x000000072cd90000, 0x00000007c0000000)
 Metaspace       used 39916K, capacity 41982K, committed 42192K, reserved 1085440K
  class space    used 4949K, capacity 5311K, committed 5396K, reserved 1048576K
}
2020-12-20T10:01:58.866+0000: 12.198: Total time for which application threads were stopped: 0.0112009 seconds, Stopping threads took: 0.0000298 seconds
2020-12-20T10:01:58.981+0000: 12.313: Total time for which application threads were stopped: 0.0007658 seconds, Stopping threads took: 0.0000347 seconds
{Heap before GC invocations=71 (full 2):
 par new generation   total 60864K, used 59339K [0x00000006fb000000, 0x00000006ff200000, 0x0000000724990000)
  eden space 54144K, 100% used [0x00000006fb000000, 0x00000006fe4e0000, 0x00000006fe4e0000)
  from space 6720K,  77% used [0x00000006feb70000, 0x00000006ff082c40, 0x00000006ff200000)
  to   space 6720K,   0% used [0x00000006fe4e0000, 0x00000006fe4e0000, 0x00000006feb70000)
 concurrent mark-sweep generation total 135168K, used 21566K [0x0000000724990000, 0x000000072cd90000, 0x00000007c0000000)
 Metaspace       used 40892K, capacity 42986K, committed 43156K, reserved 1087488K
  class space    used 5047K, capacity 5409K, committed 5524K, reserved 1048576K
2020-12-20T10:01:59.074+0000: 12.405: [GC (Allocation Failure) 2020-12-20T10:01:59.074+0000: 12.405: [ParNew
Desired survivor size 3440640 bytes, new threshold 3 (max 6)
- age   1:    1802776 bytes,    1802776 total
- age   2:    1131064 bytes,    2933840 total
- age   3:     530152 bytes,    3463992 total
- age   4:     343072 bytes,    3807064 total
: 59339K->5505K(60864K), 0.0126266 secs] 80905K->28414K(196032K), 0.0130087 secs] [Times: user=0.08 sys=0.00, real=0.02 secs] 
Heap after GC invocations=72 (full 2):
 par new generation   total 60864K, used 5505K [0x00000006fb000000, 0x00000006ff200000, 0x0000000724990000)
  eden space 54144K,   0% used [0x00000006fb000000, 0x00000006fb000000, 0x00000006fe4e0000)
  from space 6720K,  81% used [0x00000006fe4e0000, 0x00000006fea407e8, 0x00000006feb70000)
  to   space 6720K,   0% used [0x00000006feb70000, 0x00000006feb70000, 0x00000006ff200000)
 concurrent mark-sweep generation total 135168K, used 22908K [0x0000000724990000, 0x000000072cd90000, 0x00000007c0000000)
 Metaspace       used 40892K, capacity 42986K, committed 43156K, reserved 1087488K
  class space    used 5047K, capacity 5409K, committed 5524K, reserved 1048576K
}
2020-12-20T10:01:59.087+0000: 12.418: Total time for which application threads were stopped: 0.0132695 seconds, Stopping threads took: 0.0000383 seconds
2020-12-20T10:01:59.107+0000: 12.438: Total time for which application threads were stopped: 0.0008010 seconds, Stopping threads took: 0.0000303 seconds
2020-12-20T10:01:59.215+0000: 12.546: Total time for which application threads were stopped: 0.0005597 seconds, Stopping threads took: 0.0000306 seconds
{Heap before GC invocations=72 (full 2):
 par new generation   total 60864K, used 59649K [0x00000006fb000000, 0x00000006ff200000, 0x0000000724990000)
  eden space 54144K, 100% used [0x00000006fb000000, 0x00000006fe4e0000, 0x00000006fe4e0000)
  from space 6720K,  81% used [0x00000006fe4e0000, 0x00000006fea407e8, 0x00000006feb70000)
  to   space 6720K,   0% used [0x00000006feb70000, 0x00000006feb70000, 0x00000006ff200000)
 concurrent mark-sweep generation total 135168K, used 22908K [0x0000000724990000, 0x000000072cd90000, 0x00000007c0000000)
 Metaspace       used 41687K, capacity 43772K, committed 43924K, reserved 1087488K
  class space    used 5124K, capacity 5476K, committed 5524K, reserved 1048576K
2020-12-20T10:01:59.302+0000: 12.634: [GC (Allocation Failure) 2020-12-20T10:01:59.303+0000: 12.634: [ParNew
Desired survivor size 3440640 bytes, new threshold 3 (max 6)
- age   1:    2115152 bytes,    2115152 total
- age   2:     454896 bytes,    2570048 total
- age   3:    1126576 bytes,    3696624 total
: 59649K->4217K(60864K), 0.0102411 secs] 82558K->27995K(196032K), 0.0104174 secs] [Times: user=0.06 sys=0.00, real=0.01 secs] 
Heap after GC invocations=73 (full 2):
 par new generation   total 60864K, used 4217K [0x00000006fb000000, 0x00000006ff200000, 0x0000000724990000)
  eden space 54144K,   0% used [0x00000006fb000000, 0x00000006fb000000, 0x00000006fe4e0000)
  from space 6720K,  62% used [0x00000006feb70000, 0x00000006fef8e748, 0x00000006ff200000)
  to   space 6720K,   0% used [0x00000006fe4e0000, 0x00000006fe4e0000, 0x00000006feb70000)
 concurrent mark-sweep generation total 135168K, used 23777K [0x0000000724990000, 0x000000072cd90000, 0x00000007c0000000)
 Metaspace       used 41687K, capacity 43772K, committed 43924K, reserved 1087488K
  class space    used 5124K, capacity 5476K, committed 5524K, reserved 1048576K
}
2020-12-20T10:01:59.313+0000: 12.645: Total time for which application threads were stopped: 0.0105858 seconds, Stopping threads took: 0.0000290 seconds
{Heap before GC invocations=73 (full 2):
 par new generation   total 60864K, used 58361K [0x00000006fb000000, 0x00000006ff200000, 0x0000000724990000)
  eden space 54144K, 100% used [0x00000006fb000000, 0x00000006fe4e0000, 0x00000006fe4e0000)
  from space 6720K,  62% used [0x00000006feb70000, 0x00000006fef8e748, 0x00000006ff200000)
  to   space 6720K,   0% used [0x00000006fe4e0000, 0x00000006fe4e0000, 0x00000006feb70000)
 concurrent mark-sweep generation total 135168K, used 23777K [0x0000000724990000, 0x000000072cd90000, 0x00000007c0000000)
 Metaspace       used 42468K, capacity 44682K, committed 44820K, reserved 1089536K
  class space    used 5242K, capacity 5645K, committed 5652K, reserved 1048576K
2020-12-20T10:01:59.579+0000: 12.911: [GC (Allocation Failure) 2020-12-20T10:01:59.579+0000: 12.911: [ParNew
Desired survivor size 3440640 bytes, new threshold 6 (max 6)
- age   1:    1886008 bytes,    1886008 total
- age   2:     275696 bytes,    2161704 total
- age   3:     451832 bytes,    2613536 total
: 58361K->3638K(60864K), 0.0289239 secs] 82139K->28518K(196032K), 0.0292180 secs] [Times: user=0.19 sys=0.00, real=0.03 secs] 
Heap after GC invocations=74 (full 2):
 par new generation   total 60864K, used 3638K [0x00000006fb000000, 0x00000006ff200000, 0x0000000724990000)
  eden space 54144K,   0% used [0x00000006fb000000, 0x00000006fb000000, 0x00000006fe4e0000)
  from space 6720K,  54% used [0x00000006fe4e0000, 0x00000006fe86daa8, 0x00000006feb70000)
  to   space 6720K,   0% used [0x00000006feb70000, 0x00000006feb70000, 0x00000006ff200000)
 concurrent mark-sweep generation total 135168K, used 24879K [0x0000000724990000, 0x000000072cd90000, 0x00000007c0000000)
 Metaspace       used 42468K, capacity 44682K, committed 44820K, reserved 1089536K
  class space    used 5242K, capacity 5645K, committed 5652K, reserved 1048576K
}
2020-12-20T10:01:59.609+0000: 12.940: Total time for which application threads were stopped: 0.0296788 seconds, Stopping threads took: 0.0000580 seconds
2020-12-20T10:01:59.639+0000: 12.970: Total time for which application threads were stopped: 0.0005472 seconds, Stopping threads took: 0.0000283 seconds
2020-12-20T10:01:59.956+0000: 13.288: Total time for which application threads were stopped: 0.0002147 seconds, Stopping threads took: 0.0000372 seconds
{Heap before GC invocations=74 (full 2):
 par new generation   total 60864K, used 57782K [0x00000006fb000000, 0x00000006ff200000, 0x0000000724990000)
  eden space 54144K, 100% used [0x00000006fb000000, 0x00000006fe4e0000, 0x00000006fe4e0000)
  from space 6720K,  54% used [0x00000006fe4e0000, 0x00000006fe86daa8, 0x00000006feb70000)
  to   space 6720K,   0% used [0x00000006feb70000, 0x00000006feb70000, 0x00000006ff200000)
 concurrent mark-sweep generation total 135168K, used 24879K [0x0000000724990000, 0x000000072cd90000, 0x00000007c0000000)
 Metaspace       used 43275K, capacity 45668K, committed 45844K, reserved 1089536K
  class space    used 5379K, capacity 5820K, committed 5908K, reserved 1048576K
2020-12-20T10:01:59.969+0000: 13.301: [GC (Allocation Failure) 2020-12-20T10:01:59.969+0000: 13.301: [ParNew
Desired survivor size 3440640 bytes, new threshold 6 (max 6)
- age   1:    1520400 bytes,    1520400 total
- age   2:     753312 bytes,    2273712 total
- age   3:     274864 bytes,    2548576 total
- age   4:     451832 bytes,    3000408 total
: 57782K->3439K(60864K), 0.0252769 secs] 82662K->28319K(196032K), 0.0254303 secs] [Times: user=0.17 sys=0.00, real=0.02 secs] 
Heap after GC invocations=75 (full 2):
 par new generation   total 60864K, used 3439K [0x00000006fb000000, 0x00000006ff200000, 0x0000000724990000)
  eden space 54144K,   0% used [0x00000006fb000000, 0x00000006fb000000, 0x00000006fe4e0000)
  from space 6720K,  51% used [0x00000006feb70000, 0x00000006feecbe50, 0x00000006ff200000)
  to   space 6720K,   0% used [0x00000006fe4e0000, 0x00000006fe4e0000, 0x00000006feb70000)
 concurrent mark-sweep generation total 135168K, used 24879K [0x0000000724990000, 0x000000072cd90000, 0x00000007c0000000)
 Metaspace       used 43275K, capacity 45668K, committed 45844K, reserved 1089536K
  class space    used 5379K, capacity 5820K, committed 5908K, reserved 1048576K
}
2020-12-20T10:01:59.995+0000: 13.326: Total time for which application threads were stopped: 0.0256312 seconds, Stopping threads took: 0.0000352 seconds
{Heap before GC invocations=75 (full 2):
 par new generation   total 60864K, used 57583K [0x00000006fb000000, 0x00000006ff200000, 0x0000000724990000)
  eden space 54144K, 100% used [0x00000006fb000000, 0x00000006fe4e0000, 0x00000006fe4e0000)
  from space 6720K,  51% used [0x00000006feb70000, 0x00000006feecbe50, 0x00000006ff200000)
  to   space 6720K,   0% used [0x00000006fe4e0000, 0x00000006fe4e0000, 0x00000006feb70000)
 concurrent mark-sweep generation total 135168K, used 24879K [0x0000000724990000, 0x000000072cd90000, 0x00000007c0000000)
 Metaspace       used 43657K, capacity 46008K, committed 46100K, reserved 1089536K
  class space    used 5436K, capacity 5866K, committed 5908K, reserved 1048576K
2020-12-20T10:02:00.122+0000: 13.454: [GC (Allocation Failure) 2020-12-20T10:02:00.122+0000: 13.454: [ParNew
Desired survivor size 3440640 bytes, new threshold 3 (max 6)
- age   1:    1970408 bytes,    1970408 total
- age   2:    1027232 bytes,    2997640 total
- age   3:     746528 bytes,    3744168 total
- age   4:     274784 bytes,    4018952 total
- age   5:     451808 bytes,    4470760 total
: 57583K->4904K(60864K), 0.0166659 secs] 82463K->29784K(196032K), 0.0168641 secs] [Times: user=0.12 sys=0.00, real=0.02 secs] 
Heap after GC invocations=76 (full 2):
 par new generation   total 60864K, used 4904K [0x00000006fb000000, 0x00000006ff200000, 0x0000000724990000)
  eden space 54144K,   0% used [0x00000006fb000000, 0x00000006fb000000, 0x00000006fe4e0000)
  from space 6720K,  72% used [0x00000006fe4e0000, 0x00000006fe9aa278, 0x00000006feb70000)
  to   space 6720K,   0% used [0x00000006feb70000, 0x00000006feb70000, 0x00000006ff200000)
 concurrent mark-sweep generation total 135168K, used 24879K [0x0000000724990000, 0x000000072cd90000, 0x00000007c0000000)
 Metaspace       used 43657K, capacity 46008K, committed 46100K, reserved 1089536K
  class space    used 5436K, capacity 5866K, committed 5908K, reserved 1048576K
}
2020-12-20T10:02:00.139+0000: 13.471: Total time for which application threads were stopped: 0.0171565 seconds, Stopping threads took: 0.0000760 seconds
{Heap before GC invocations=76 (full 2):
 par new generation   total 60864K, used 59048K [0x00000006fb000000, 0x00000006ff200000, 0x0000000724990000)
  eden space 54144K, 100% used [0x00000006fb000000, 0x00000006fe4e0000, 0x00000006fe4e0000)
  from space 6720K,  72% used [0x00000006fe4e0000, 0x00000006fe9aa278, 0x00000006feb70000)
  to   space 6720K,   0% used [0x00000006feb70000, 0x00000006feb70000, 0x00000006ff200000)
 concurrent mark-sweep generation total 135168K, used 24879K [0x0000000724990000, 0x000000072cd90000, 0x00000007c0000000)
 Metaspace       used 44080K, capacity 46480K, committed 46740K, reserved 1089536K
  class space    used 5483K, capacity 5936K, committed 6036K, reserved 1048576K
2020-12-20T10:02:00.345+0000: 13.676: [GC (Allocation Failure) 2020-12-20T10:02:00.345+0000: 13.676: [ParNew
Desired survivor size 3440640 bytes, new threshold 6 (max 6)
- age   1:    1603744 bytes,    1603744 total
- age   2:     279208 bytes,    1882952 total
- age   3:    1026624 bytes,    2909576 total
: 59048K->4181K(60864K), 0.0132719 secs] 83928K->30517K(196032K), 0.0135081 secs] [Times: user=0.11 sys=0.00, real=0.02 secs] 
Heap after GC invocations=77 (full 2):
 par new generation   total 60864K, used 4181K [0x00000006fb000000, 0x00000006ff200000, 0x0000000724990000)
  eden space 54144K,   0% used [0x00000006fb000000, 0x00000006fb000000, 0x00000006fe4e0000)
  from space 6720K,  62% used [0x00000006feb70000, 0x00000006fef85590, 0x00000006ff200000)
  to   space 6720K,   0% used [0x00000006fe4e0000, 0x00000006fe4e0000, 0x00000006feb70000)
 concurrent mark-sweep generation total 135168K, used 26335K [0x0000000724990000, 0x000000072cd90000, 0x00000007c0000000)
 Metaspace       used 44080K, capacity 46480K, committed 46740K, reserved 1089536K
  class space    used 5483K, capacity 5936K, committed 6036K, reserved 1048576K
}
2020-12-20T10:02:00.358+0000: 13.690: Total time for which application threads were stopped: 0.0140328 seconds, Stopping threads took: 0.0000524 seconds
2020-12-20T10:02:00.479+0000: 13.811: Total time for which application threads were stopped: 0.0014995 seconds, Stopping threads took: 0.0000540 seconds
{Heap before GC invocations=77 (full 2):
 par new generation   total 60864K, used 58325K [0x00000006fb000000, 0x00000006ff200000, 0x0000000724990000)
  eden space 54144K, 100% used [0x00000006fb000000, 0x00000006fe4e0000, 0x00000006fe4e0000)
  from space 6720K,  62% used [0x00000006feb70000, 0x00000006fef85590, 0x00000006ff200000)
  to   space 6720K,   0% used [0x00000006fe4e0000, 0x00000006fe4e0000, 0x00000006feb70000)
 concurrent mark-sweep generation total 135168K, used 26335K [0x0000000724990000, 0x000000072cd90000, 0x00000007c0000000)
 Metaspace       used 45275K, capacity 47688K, committed 47764K, reserved 1091584K
  class space    used 5602K, capacity 6016K, committed 6036K, reserved 1048576K
2020-12-20T10:02:00.787+0000: 14.119: [GC (Allocation Failure) 2020-12-20T10:02:00.788+0000: 14.119: [ParNew
Desired survivor size 3440640 bytes, new threshold 4 (max 6)
- age   1:    1962736 bytes,    1962736 total
- age   2:     651184 bytes,    2613920 total
- age   3:     278376 bytes,    2892296 total
- age   4:    1008408 bytes,    3900704 total
: 58325K->4907K(60864K), 0.0223515 secs] 84661K->31243K(196032K), 0.0226457 secs] [Times: user=0.13 sys=0.00, real=0.02 secs] 
Heap after GC invocations=78 (full 2):
 par new generation   total 60864K, used 4907K [0x00000006fb000000, 0x00000006ff200000, 0x0000000724990000)
  eden space 54144K,   0% used [0x00000006fb000000, 0x00000006fb000000, 0x00000006fe4e0000)
  from space 6720K,  73% used [0x00000006fe4e0000, 0x00000006fe9aad18, 0x00000006feb70000)
  to   space 6720K,   0% used [0x00000006feb70000, 0x00000006feb70000, 0x00000006ff200000)
 concurrent mark-sweep generation total 135168K, used 26335K [0x0000000724990000, 0x000000072cd90000, 0x00000007c0000000)
 Metaspace       used 45275K, capacity 47688K, committed 47764K, reserved 1091584K
  class space    used 5602K, capacity 6016K, committed 6036K, reserved 1048576K
}
2020-12-20T10:02:00.810+0000: 14.142: Total time for which application threads were stopped: 0.0229461 seconds, Stopping threads took: 0.0000376 seconds
{Heap before GC invocations=78 (full 2):
 par new generation   total 60864K, used 59051K [0x00000006fb000000, 0x00000006ff200000, 0x0000000724990000)
  eden space 54144K, 100% used [0x00000006fb000000, 0x00000006fe4e0000, 0x00000006fe4e0000)
  from space 6720K,  73% used [0x00000006fe4e0000, 0x00000006fe9aad18, 0x00000006feb70000)
  to   space 6720K,   0% used [0x00000006feb70000, 0x00000006feb70000, 0x00000006ff200000)
 concurrent mark-sweep generation total 135168K, used 26335K [0x0000000724990000, 0x000000072cd90000, 0x00000007c0000000)
 Metaspace       used 46046K, capacity 48454K, committed 48660K, reserved 1091584K
  class space    used 5703K, capacity 6117K, committed 6164K, reserved 1048576K
2020-12-20T10:02:01.092+0000: 14.423: [GC (Allocation Failure) 2020-12-20T10:02:01.092+0000: 14.423: [ParNew
Desired survivor size 3440640 bytes, new threshold 4 (max 6)
- age   1:    2182200 bytes,    2182200 total
- age   2:     381904 bytes,    2564104 total
- age   3:     645768 bytes,    3209872 total
- age   4:     278232 bytes,    3488104 total
: 59051K->4531K(60864K), 0.0144023 secs] 85387K->31863K(196032K), 0.0147585 secs] [Times: user=0.10 sys=0.00, real=0.02 secs] 
Heap after GC invocations=79 (full 2):
 par new generation   total 60864K, used 4531K [0x00000006fb000000, 0x00000006ff200000, 0x0000000724990000)
  eden space 54144K,   0% used [0x00000006fb000000, 0x00000006fb000000, 0x00000006fe4e0000)
  from space 6720K,  67% used [0x00000006feb70000, 0x00000006fefdcea0, 0x00000006ff200000)
  to   space 6720K,   0% used [0x00000006fe4e0000, 0x00000006fe4e0000, 0x00000006feb70000)
 concurrent mark-sweep generation total 135168K, used 27332K [0x0000000724990000, 0x000000072cd90000, 0x00000007c0000000)
 Metaspace       used 46046K, capacity 48454K, committed 48660K, reserved 1091584K
  class space    used 5703K, capacity 6117K, committed 6164K, reserved 1048576K
}
2020-12-20T10:02:01.107+0000: 14.438: Total time for which application threads were stopped: 0.0153180 seconds, Stopping threads took: 0.0001027 seconds
{Heap before GC invocations=79 (full 2):
 par new generation   total 60864K, used 58675K [0x00000006fb000000, 0x00000006ff200000, 0x0000000724990000)
  eden space 54144K, 100% used [0x00000006fb000000, 0x00000006fe4e0000, 0x00000006fe4e0000)
  from space 6720K,  67% used [0x00000006feb70000, 0x00000006fefdcea0, 0x00000006ff200000)
  to   space 6720K,   0% used [0x00000006fe4e0000, 0x00000006fe4e0000, 0x00000006feb70000)
 concurrent mark-sweep generation total 135168K, used 27332K [0x0000000724990000, 0x000000072cd90000, 0x00000007c0000000)
 Metaspace       used 46663K, capacity 49140K, committed 49300K, reserved 1091584K
  class space    used 5779K, capacity 6216K, committed 6292K, reserved 1048576K
2020-12-20T10:02:01.379+0000: 14.710: [GC (Allocation Failure) 2020-12-20T10:02:01.379+0000: 14.710: [ParNew
Desired survivor size 3440640 bytes, new threshold 2 (max 6)
- age   1:    3107328 bytes,    3107328 total
- age   2:     400528 bytes,    3507856 total
- age   3:     378992 bytes,    3886848 total
- age   4:     645680 bytes,    4532528 total
: 58675K->4613K(60864K), 0.0220194 secs] 86007K->32222K(196032K), 0.0222793 secs] [Times: user=0.11 sys=0.00, real=0.02 secs] 
Heap after GC invocations=80 (full 2):
 par new generation   total 60864K, used 4613K [0x00000006fb000000, 0x00000006ff200000, 0x0000000724990000)
  eden space 54144K,   0% used [0x00000006fb000000, 0x00000006fb000000, 0x00000006fe4e0000)
  from space 6720K,  68% used [0x00000006fe4e0000, 0x00000006fe961788, 0x00000006feb70000)
  to   space 6720K,   0% used [0x00000006feb70000, 0x00000006feb70000, 0x00000006ff200000)
 concurrent mark-sweep generation total 135168K, used 27609K [0x0000000724990000, 0x000000072cd90000, 0x00000007c0000000)
 Metaspace       used 46663K, capacity 49140K, committed 49300K, reserved 1091584K
  class space    used 5779K, capacity 6216K, committed 6292K, reserved 1048576K
}
2020-12-20T10:02:01.401+0000: 14.733: Total time for which application threads were stopped: 0.0225639 seconds, Stopping threads took: 0.0000597 seconds
{Heap before GC invocations=80 (full 2):
 par new generation   total 60864K, used 58757K [0x00000006fb000000, 0x00000006ff200000, 0x0000000724990000)
  eden space 54144K, 100% used [0x00000006fb000000, 0x00000006fe4e0000, 0x00000006fe4e0000)
  from space 6720K,  68% used [0x00000006fe4e0000, 0x00000006fe961788, 0x00000006feb70000)
  to   space 6720K,   0% used [0x00000006feb70000, 0x00000006feb70000, 0x00000006ff200000)
 concurrent mark-sweep generation total 135168K, used 27609K [0x0000000724990000, 0x000000072cd90000, 0x00000007c0000000)
 Metaspace       used 46977K, capacity 49428K, committed 49556K, reserved 1093632K
  class space    used 5822K, capacity 6248K, committed 6292K, reserved 1048576K
2020-12-20T10:02:01.604+0000: 14.936: [GC (Allocation Failure) 2020-12-20T10:02:01.604+0000: 14.936: [ParNew
Desired survivor size 3440640 bytes, new threshold 6 (max 6)
- age   1:    2413608 bytes,    2413608 total
- age   2:     103704 bytes,    2517312 total
: 58757K->3887K(60864K), 0.0196278 secs] 86366K->32913K(196032K), 0.0198460 secs] [Times: user=0.13 sys=0.01, real=0.02 secs] 
Heap after GC invocations=81 (full 2):
 par new generation   total 60864K, used 3887K [0x00000006fb000000, 0x00000006ff200000, 0x0000000724990000)
  eden space 54144K,   0% used [0x00000006fb000000, 0x00000006fb000000, 0x00000006fe4e0000)
  from space 6720K,  57% used [0x00000006feb70000, 0x00000006fef3bfd8, 0x00000006ff200000)
  to   space 6720K,   0% used [0x00000006fe4e0000, 0x00000006fe4e0000, 0x00000006feb70000)
 concurrent mark-sweep generation total 135168K, used 29025K [0x0000000724990000, 0x000000072cd90000, 0x00000007c0000000)
 Metaspace       used 46977K, capacity 49428K, committed 49556K, reserved 1093632K
  class space    used 5822K, capacity 6248K, committed 6292K, reserved 1048576K
}
2020-12-20T10:02:01.624+0000: 14.956: Total time for which application threads were stopped: 0.0200624 seconds, Stopping threads took: 0.0000328 seconds
{Heap before GC invocations=81 (full 2):
 par new generation   total 60864K, used 58031K [0x00000006fb000000, 0x00000006ff200000, 0x0000000724990000)
  eden space 54144K, 100% used [0x00000006fb000000, 0x00000006fe4e0000, 0x00000006fe4e0000)
  from space 6720K,  57% used [0x00000006feb70000, 0x00000006fef3bfd8, 0x00000006ff200000)
  to   space 6720K,   0% used [0x00000006fe4e0000, 0x00000006fe4e0000, 0x00000006feb70000)
 concurrent mark-sweep generation total 135168K, used 29025K [0x0000000724990000, 0x000000072cd90000, 0x00000007c0000000)
 Metaspace       used 47384K, capacity 49812K, committed 50196K, reserved 1093632K
  class space    used 5899K, capacity 6312K, committed 6420K, reserved 1048576K
2020-12-20T10:02:01.786+0000: 15.118: [GC (Allocation Failure) 2020-12-20T10:02:01.786+0000: 15.118: [ParNew
Desired survivor size 3440640 bytes, new threshold 6 (max 6)
- age   1:     615248 bytes,     615248 total
- age   2:      76256 bytes,     691504 total
- age   3:     103288 bytes,     794792 total
: 58031K->1115K(60864K), 0.0039277 secs] 87057K->30141K(196032K), 0.0041317 secs] [Times: user=0.02 sys=0.00, real=0.00 secs] 
Heap after GC invocations=82 (full 2):
 par new generation   total 60864K, used 1115K [0x00000006fb000000, 0x00000006ff200000, 0x0000000724990000)
  eden space 54144K,   0% used [0x00000006fb000000, 0x00000006fb000000, 0x00000006fe4e0000)
  from space 6720K,  16% used [0x00000006fe4e0000, 0x00000006fe5f6f78, 0x00000006feb70000)
  to   space 6720K,   0% used [0x00000006feb70000, 0x00000006feb70000, 0x00000006ff200000)
 concurrent mark-sweep generation total 135168K, used 29025K [0x0000000724990000, 0x000000072cd90000, 0x00000007c0000000)
 Metaspace       used 47384K, capacity 49812K, committed 50196K, reserved 1093632K
  class space    used 5899K, capacity 6312K, committed 6420K, reserved 1048576K
}
2020-12-20T10:02:01.790+0000: 15.122: Total time for which application threads were stopped: 0.0044149 seconds, Stopping threads took: 0.0000724 seconds
{Heap before GC invocations=82 (full 2):
 par new generation   total 60864K, used 55259K [0x00000006fb000000, 0x00000006ff200000, 0x0000000724990000)
  eden space 54144K, 100% used [0x00000006fb000000, 0x00000006fe4e0000, 0x00000006fe4e0000)
  from space 6720K,  16% used [0x00000006fe4e0000, 0x00000006fe5f6f78, 0x00000006feb70000)
  to   space 6720K,   0% used [0x00000006feb70000, 0x00000006feb70000, 0x00000006ff200000)
 concurrent mark-sweep generation total 135168K, used 29025K [0x0000000724990000, 0x000000072cd90000, 0x00000007c0000000)
 Metaspace       used 47699K, capacity 50134K, committed 50452K, reserved 1093632K
  class space    used 5964K, capacity 6377K, committed 6420K, reserved 1048576K
2020-12-20T10:02:01.933+0000: 15.265: [GC (Allocation Failure) 2020-12-20T10:02:01.933+0000: 15.265: [ParNew
Desired survivor size 3440640 bytes, new threshold 6 (max 6)
- age   1:     493912 bytes,     493912 total
- age   2:      50520 bytes,     544432 total
- age   3:      74032 bytes,     618464 total
- age   4:     103224 bytes,     721688 total
: 55259K->811K(60864K), 0.0026930 secs] 84285K->29836K(196032K), 0.0028606 secs] [Times: user=0.01 sys=0.00, real=0.01 secs] 
Heap after GC invocations=83 (full 2):
 par new generation   total 60864K, used 811K [0x00000006fb000000, 0x00000006ff200000, 0x0000000724990000)
  eden space 54144K,   0% used [0x00000006fb000000, 0x00000006fb000000, 0x00000006fe4e0000)
  from space 6720K,  12% used [0x00000006feb70000, 0x00000006fec3acc8, 0x00000006ff200000)
  to   space 6720K,   0% used [0x00000006fe4e0000, 0x00000006fe4e0000, 0x00000006feb70000)
 concurrent mark-sweep generation total 135168K, used 29025K [0x0000000724990000, 0x000000072cd90000, 0x00000007c0000000)
 Metaspace       used 47699K, capacity 50134K, committed 50452K, reserved 1093632K
  class space    used 5964K, capacity 6377K, committed 6420K, reserved 1048576K
}
2020-12-20T10:02:01.936+0000: 15.268: Total time for which application threads were stopped: 0.0030497 seconds, Stopping threads took: 0.0000313 seconds
{Heap before GC invocations=83 (full 2):
 par new generation   total 60864K, used 54955K [0x00000006fb000000, 0x00000006ff200000, 0x0000000724990000)
  eden space 54144K, 100% used [0x00000006fb000000, 0x00000006fe4e0000, 0x00000006fe4e0000)
  from space 6720K,  12% used [0x00000006feb70000, 0x00000006fec3acc8, 0x00000006ff200000)
  to   space 6720K,   0% used [0x00000006fe4e0000, 0x00000006fe4e0000, 0x00000006feb70000)
 concurrent mark-sweep generation total 135168K, used 29025K [0x0000000724990000, 0x000000072cd90000, 0x00000007c0000000)
 Metaspace       used 47987K, capacity 50390K, committed 50836K, reserved 1093632K
  class space    used 6026K, capacity 6441K, committed 6548K, reserved 1048576K
2020-12-20T10:02:02.028+0000: 15.360: [GC (Allocation Failure) 2020-12-20T10:02:02.028+0000: 15.360: [ParNew
Desired survivor size 3440640 bytes, new threshold 6 (max 6)
- age   1:     686840 bytes,     686840 total
- age   2:      54016 bytes,     740856 total
- age   3:      50072 bytes,     790928 total
- age   4:      71912 bytes,     862840 total
- age   5:     103224 bytes,     966064 total
: 54955K->1115K(60864K), 0.0029290 secs] 83980K->30141K(196032K), 0.0030855 secs] [Times: user=0.01 sys=0.00, real=0.00 secs] 
Heap after GC invocations=84 (full 2):
 par new generation   total 60864K, used 1115K [0x00000006fb000000, 0x00000006ff200000, 0x0000000724990000)
  eden space 54144K,   0% used [0x00000006fb000000, 0x00000006fb000000, 0x00000006fe4e0000)
  from space 6720K,  16% used [0x00000006fe4e0000, 0x00000006fe5f6ee8, 0x00000006feb70000)
  to   space 6720K,   0% used [0x00000006feb70000, 0x00000006feb70000, 0x00000006ff200000)
 concurrent mark-sweep generation total 135168K, used 29025K [0x0000000724990000, 0x000000072cd90000, 0x00000007c0000000)
 Metaspace       used 47987K, capacity 50390K, committed 50836K, reserved 1093632K
  class space    used 6026K, capacity 6441K, committed 6548K, reserved 1048576K
}
2020-12-20T10:02:02.032+0000: 15.363: Total time for which application threads were stopped: 0.0032737 seconds, Stopping threads took: 0.0000192 seconds
{Heap before GC invocations=84 (full 2):
 par new generation   total 60864K, used 55259K [0x00000006fb000000, 0x00000006ff200000, 0x0000000724990000)
  eden space 54144K, 100% used [0x00000006fb000000, 0x00000006fe4e0000, 0x00000006fe4e0000)
  from space 6720K,  16% used [0x00000006fe4e0000, 0x00000006fe5f6ee8, 0x00000006feb70000)
  to   space 6720K,   0% used [0x00000006feb70000, 0x00000006feb70000, 0x00000006ff200000)
 concurrent mark-sweep generation total 135168K, used 29025K [0x0000000724990000, 0x000000072cd90000, 0x00000007c0000000)
 Metaspace       used 48529K, capacity 51032K, committed 51220K, reserved 1093632K
  class space    used 6109K, capacity 6580K, committed 6676K, reserved 1048576K
2020-12-20T10:02:02.178+0000: 15.509: [GC (Allocation Failure) 2020-12-20T10:02:02.178+0000: 15.509: [ParNew
Desired survivor size 3440640 bytes, new threshold 6 (max 6)
- age   1:    1975608 bytes,    1975608 total
- age   2:      77144 bytes,    2052752 total
- age   3:      51072 bytes,    2103824 total
- age   4:      50072 bytes,    2153896 total
- age   5:      64584 bytes,    2218480 total
- age   6:     103128 bytes,    2321608 total
: 55259K->2477K(60864K), 0.0082178 secs] 84285K->31502K(196032K), 0.0084120 secs] [Times: user=0.04 sys=0.00, real=0.01 secs] 
Heap after GC invocations=85 (full 2):
 par new generation   total 60864K, used 2477K [0x00000006fb000000, 0x00000006ff200000, 0x0000000724990000)
  eden space 54144K,   0% used [0x00000006fb000000, 0x00000006fb000000, 0x00000006fe4e0000)
  from space 6720K,  36% used [0x00000006feb70000, 0x00000006feddb418, 0x00000006ff200000)
  to   space 6720K,   0% used [0x00000006fe4e0000, 0x00000006fe4e0000, 0x00000006feb70000)
 concurrent mark-sweep generation total 135168K, used 29025K [0x0000000724990000, 0x000000072cd90000, 0x00000007c0000000)
 Metaspace       used 48529K, capacity 51032K, committed 51220K, reserved 1093632K
  class space    used 6109K, capacity 6580K, committed 6676K, reserved 1048576K
}
2020-12-20T10:02:02.186+0000: 15.518: Total time for which application threads were stopped: 0.0087326 seconds, Stopping threads took: 0.0000489 seconds
{Heap before GC invocations=85 (full 2):
 par new generation   total 60864K, used 56621K [0x00000006fb000000, 0x00000006ff200000, 0x0000000724990000)
  eden space 54144K, 100% used [0x00000006fb000000, 0x00000006fe4e0000, 0x00000006fe4e0000)
  from space 6720K,  36% used [0x00000006feb70000, 0x00000006feddb418, 0x00000006ff200000)
  to   space 6720K,   0% used [0x00000006fe4e0000, 0x00000006fe4e0000, 0x00000006feb70000)
 concurrent mark-sweep generation total 135168K, used 29025K [0x0000000724990000, 0x000000072cd90000, 0x00000007c0000000)
 Metaspace       used 49478K, capacity 52006K, committed 52116K, reserved 1095680K
  class space    used 6325K, capacity 6779K, committed 6804K, reserved 1048576K
2020-12-20T10:02:02.350+0000: 15.682: [GC (Allocation Failure) 2020-12-20T10:02:02.351+0000: 15.682: [ParNew
Desired survivor size 3440640 bytes, new threshold 6 (max 6)
- age   1:     359896 bytes,     359896 total
- age   2:     136016 bytes,     495912 total
- age   3:      76728 bytes,     572640 total
- age   4:      51072 bytes,     623712 total
- age   5:      50072 bytes,     673784 total
- age   6:      64584 bytes,     738368 total
: 56621K->1014K(60864K), 0.0060981 secs] 85646K->30144K(196032K), 0.0063038 secs] [Times: user=0.02 sys=0.01, real=0.01 secs] 
Heap after GC invocations=86 (full 2):
 par new generation   total 60864K, used 1014K [0x00000006fb000000, 0x00000006ff200000, 0x0000000724990000)
  eden space 54144K,   0% used [0x00000006fb000000, 0x00000006fb000000, 0x00000006fe4e0000)
  from space 6720K,  15% used [0x00000006fe4e0000, 0x00000006fe5dd838, 0x00000006feb70000)
  to   space 6720K,   0% used [0x00000006feb70000, 0x00000006feb70000, 0x00000006ff200000)
 concurrent mark-sweep generation total 135168K, used 29130K [0x0000000724990000, 0x000000072cd90000, 0x00000007c0000000)
 Metaspace       used 49478K, capacity 52006K, committed 52116K, reserved 1095680K
  class space    used 6325K, capacity 6779K, committed 6804K, reserved 1048576K
}
2020-12-20T10:02:02.357+0000: 15.688: Total time for which application threads were stopped: 0.0064879 seconds, Stopping threads took: 0.0000272 seconds
{Heap before GC invocations=86 (full 2):
 par new generation   total 60864K, used 55158K [0x00000006fb000000, 0x00000006ff200000, 0x0000000724990000)
  eden space 54144K, 100% used [0x00000006fb000000, 0x00000006fe4e0000, 0x00000006fe4e0000)
  from space 6720K,  15% used [0x00000006fe4e0000, 0x00000006fe5dd838, 0x00000006feb70000)
  to   space 6720K,   0% used [0x00000006feb70000, 0x00000006feb70000, 0x00000006ff200000)
 concurrent mark-sweep generation total 135168K, used 29130K [0x0000000724990000, 0x000000072cd90000, 0x00000007c0000000)
 Metaspace       used 50299K, capacity 52828K, committed 53012K, reserved 1095680K
  class space    used 6426K, capacity 6880K, committed 6932K, reserved 1048576K
2020-12-20T10:02:02.512+0000: 15.844: [GC (Allocation Failure) 2020-12-20T10:02:02.512+0000: 15.844: [ParNew
Desired survivor size 3440640 bytes, new threshold 6 (max 6)
- age   1:    1528304 bytes,    1528304 total
- age   2:     110712 bytes,    1639016 total
- age   3:     135104 bytes,    1774120 total
- age   4:      76728 bytes,    1850848 total
- age   5:      51072 bytes,    1901920 total
- age   6:      50072 bytes,    1951992 total
: 55158K->2103K(60864K), 0.0144495 secs] 84288K->31299K(196032K), 0.0146780 secs] [Times: user=0.08 sys=0.00, real=0.02 secs] 
Heap after GC invocations=87 (full 2):
 par new generation   total 60864K, used 2103K [0x00000006fb000000, 0x00000006ff200000, 0x0000000724990000)
  eden space 54144K,   0% used [0x00000006fb000000, 0x00000006fb000000, 0x00000006fe4e0000)
  from space 6720K,  31% used [0x00000006feb70000, 0x00000006fed7dd90, 0x00000006ff200000)
  to   space 6720K,   0% used [0x00000006fe4e0000, 0x00000006fe4e0000, 0x00000006feb70000)
 concurrent mark-sweep generation total 135168K, used 29196K [0x0000000724990000, 0x000000072cd90000, 0x00000007c0000000)
 Metaspace       used 50299K, capacity 52828K, committed 53012K, reserved 1095680K
  class space    used 6426K, capacity 6880K, committed 6932K, reserved 1048576K
}
2020-12-20T10:02:02.527+0000: 15.859: Total time for which application threads were stopped: 0.0149864 seconds, Stopping threads took: 0.0000297 seconds
2020-12-20T10:02:02.544+0000: 15.876: Total time for which application threads were stopped: 0.0006444 seconds, Stopping threads took: 0.0000300 seconds
{Heap before GC invocations=87 (full 2):
 par new generation   total 60864K, used 56247K [0x00000006fb000000, 0x00000006ff200000, 0x0000000724990000)
  eden space 54144K, 100% used [0x00000006fb000000, 0x00000006fe4e0000, 0x00000006fe4e0000)
  from space 6720K,  31% used [0x00000006feb70000, 0x00000006fed7dd90, 0x00000006ff200000)
  to   space 6720K,   0% used [0x00000006fe4e0000, 0x00000006fe4e0000, 0x00000006feb70000)
 concurrent mark-sweep generation total 135168K, used 29196K [0x0000000724990000, 0x000000072cd90000, 0x00000007c0000000)
 Metaspace       used 51761K, capacity 54210K, committed 54420K, reserved 1097728K
  class space    used 6589K, capacity 7041K, committed 7060K, reserved 1048576K
2020-12-20T10:02:02.764+0000: 16.095: [GC (Allocation Failure) 2020-12-20T10:02:02.764+0000: 16.095: [ParNew
Desired survivor size 3440640 bytes, new threshold 6 (max 6)
- age   1:    1643864 bytes,    1643864 total
- age   2:     180104 bytes,    1823968 total
- age   3:     110264 bytes,    1934232 total
- age   4:     134624 bytes,    2068856 total
- age   5:      76728 bytes,    2145584 total
- age   6:      51072 bytes,    2196656 total
: 56247K->2537K(60864K), 0.0048933 secs] 85443K->31784K(196032K), 0.0050269 secs] [Times: user=0.02 sys=0.00, real=0.01 secs] 
Heap after GC invocations=88 (full 2):
 par new generation   total 60864K, used 2537K [0x00000006fb000000, 0x00000006ff200000, 0x0000000724990000)
  eden space 54144K,   0% used [0x00000006fb000000, 0x00000006fb000000, 0x00000006fe4e0000)
  from space 6720K,  37% used [0x00000006fe4e0000, 0x00000006fe75a528, 0x00000006feb70000)
  to   space 6720K,   0% used [0x00000006feb70000, 0x00000006feb70000, 0x00000006ff200000)
 concurrent mark-sweep generation total 135168K, used 29247K [0x0000000724990000, 0x000000072cd90000, 0x00000007c0000000)
 Metaspace       used 51761K, capacity 54210K, committed 54420K, reserved 1097728K
  class space    used 6589K, capacity 7041K, committed 7060K, reserved 1048576K
}
2020-12-20T10:02:02.769+0000: 16.100: Total time for which application threads were stopped: 0.0052177 seconds, Stopping threads took: 0.0000313 seconds
{Heap before GC invocations=88 (full 2):
 par new generation   total 60864K, used 56681K [0x00000006fb000000, 0x00000006ff200000, 0x0000000724990000)
  eden space 54144K, 100% used [0x00000006fb000000, 0x00000006fe4e0000, 0x00000006fe4e0000)
  from space 6720K,  37% used [0x00000006fe4e0000, 0x00000006fe75a528, 0x00000006feb70000)
  to   space 6720K,   0% used [0x00000006feb70000, 0x00000006feb70000, 0x00000006ff200000)
 concurrent mark-sweep generation total 135168K, used 29247K [0x0000000724990000, 0x000000072cd90000, 0x00000007c0000000)
 Metaspace       used 53005K, capacity 55498K, committed 55828K, reserved 1097728K
  class space    used 6717K, capacity 7171K, committed 7188K, reserved 1048576K
2020-12-20T10:02:03.078+0000: 16.410: [GC (Allocation Failure) 2020-12-20T10:02:03.078+0000: 16.410: [ParNew
Desired survivor size 3440640 bytes, new threshold 6 (max 6)
- age   1:    1562304 bytes,    1562304 total
- age   2:     401176 bytes,    1963480 total
- age   3:     177040 bytes,    2140520 total
- age   4:     110272 bytes,    2250792 total
- age   5:     129704 bytes,    2380496 total
- age   6:      76728 bytes,    2457224 total
: 56681K->2872K(60864K), 0.0046727 secs] 85928K->32172K(196032K), 0.0048586 secs] [Times: user=0.02 sys=0.01, real=0.00 secs] 
Heap after GC invocations=89 (full 2):
 par new generation   total 60864K, used 2872K [0x00000006fb000000, 0x00000006ff200000, 0x0000000724990000)
  eden space 54144K,   0% used [0x00000006fb000000, 0x00000006fb000000, 0x00000006fe4e0000)
  from space 6720K,  42% used [0x00000006feb70000, 0x00000006fee3e2a8, 0x00000006ff200000)
  to   space 6720K,   0% used [0x00000006fe4e0000, 0x00000006fe4e0000, 0x00000006feb70000)
 concurrent mark-sweep generation total 135168K, used 29300K [0x0000000724990000, 0x000000072cd90000, 0x00000007c0000000)
 Metaspace       used 53005K, capacity 55498K, committed 55828K, reserved 1097728K
  class space    used 6717K, capacity 7171K, committed 7188K, reserved 1048576K
}
2020-12-20T10:02:03.083+0000: 16.415: Total time for which application threads were stopped: 0.0051687 seconds, Stopping threads took: 0.0000537 seconds
{Heap before GC invocations=89 (full 2):
 par new generation   total 60864K, used 57016K [0x00000006fb000000, 0x00000006ff200000, 0x0000000724990000)
  eden space 54144K, 100% used [0x00000006fb000000, 0x00000006fe4e0000, 0x00000006fe4e0000)
  from space 6720K,  42% used [0x00000006feb70000, 0x00000006fee3e2a8, 0x00000006ff200000)
  to   space 6720K,   0% used [0x00000006fe4e0000, 0x00000006fe4e0000, 0x00000006feb70000)
 concurrent mark-sweep generation total 135168K, used 29300K [0x0000000724990000, 0x000000072cd90000, 0x00000007c0000000)
 Metaspace       used 53664K, capacity 56170K, committed 56468K, reserved 1097728K
  class space    used 6816K, capacity 7267K, committed 7316K, reserved 1048576K
2020-12-20T10:02:03.305+0000: 16.636: [GC (Allocation Failure) 2020-12-20T10:02:03.305+0000: 16.636: [ParNew
Desired survivor size 3440640 bytes, new threshold 6 (max 6)
- age   1:     449432 bytes,     449432 total
- age   2:    1211712 bytes,    1661144 total
- age   3:     399096 bytes,    2060240 total
- age   4:     177056 bytes,    2237296 total
- age   5:     110248 bytes,    2347544 total
- age   6:     122712 bytes,    2470256 total
: 57016K->2989K(60864K), 0.0091697 secs] 86316K->32367K(196032K), 0.0093423 secs] [Times: user=0.05 sys=0.01, real=0.01 secs] 
Heap after GC invocations=90 (full 2):
 par new generation   total 60864K, used 2989K [0x00000006fb000000, 0x00000006ff200000, 0x0000000724990000)
  eden space 54144K,   0% used [0x00000006fb000000, 0x00000006fb000000, 0x00000006fe4e0000)
  from space 6720K,  44% used [0x00000006fe4e0000, 0x00000006fe7cb680, 0x00000006feb70000)
  to   space 6720K,   0% used [0x00000006feb70000, 0x00000006feb70000, 0x00000006ff200000)
 concurrent mark-sweep generation total 135168K, used 29377K [0x0000000724990000, 0x000000072cd90000, 0x00000007c0000000)
 Metaspace       used 53664K, capacity 56170K, committed 56468K, reserved 1097728K
  class space    used 6816K, capacity 7267K, committed 7316K, reserved 1048576K
}
2020-12-20T10:02:03.314+0000: 16.646: Total time for which application threads were stopped: 0.0095337 seconds, Stopping threads took: 0.0000179 seconds
2020-12-20T10:02:03.516+0000: 16.847: Total time for which application threads were stopped: 0.0008716 seconds, Stopping threads took: 0.0000325 seconds
{Heap before GC invocations=90 (full 2):
 par new generation   total 60864K, used 57133K [0x00000006fb000000, 0x00000006ff200000, 0x0000000724990000)
  eden space 54144K, 100% used [0x00000006fb000000, 0x00000006fe4e0000, 0x00000006fe4e0000)
  from space 6720K,  44% used [0x00000006fe4e0000, 0x00000006fe7cb680, 0x00000006feb70000)
  to   space 6720K,   0% used [0x00000006feb70000, 0x00000006feb70000, 0x00000006ff200000)
 concurrent mark-sweep generation total 135168K, used 29377K [0x0000000724990000, 0x000000072cd90000, 0x00000007c0000000)
 Metaspace       used 54562K, capacity 57102K, committed 57364K, reserved 1099776K
  class space    used 6944K, capacity 7401K, committed 7444K, reserved 1048576K
2020-12-20T10:02:03.636+0000: 16.967: [GC (Allocation Failure) 2020-12-20T10:02:03.636+0000: 16.967: [ParNew
Desired survivor size 3440640 bytes, new threshold 6 (max 6)
- age   1:    1488416 bytes,    1488416 total
- age   2:     139488 bytes,    1627904 total
- age   3:    1209184 bytes,    2837088 total
- age   4:     399064 bytes,    3236152 total
- age   5:     174808 bytes,    3410960 total
- age   6:     110248 bytes,    3521208 total
: 57133K->4302K(60864K), 0.0095291 secs] 86511K->33804K(196032K), 0.0097045 secs] [Times: user=0.06 sys=0.01, real=0.01 secs] 
Heap after GC invocations=91 (full 2):
 par new generation   total 60864K, used 4302K [0x00000006fb000000, 0x00000006ff200000, 0x0000000724990000)
  eden space 54144K,   0% used [0x00000006fb000000, 0x00000006fb000000, 0x00000006fe4e0000)
  from space 6720K,  64% used [0x00000006feb70000, 0x00000006fefa3b88, 0x00000006ff200000)
  to   space 6720K,   0% used [0x00000006fe4e0000, 0x00000006fe4e0000, 0x00000006feb70000)
 concurrent mark-sweep generation total 135168K, used 29501K [0x0000000724990000, 0x000000072cd90000, 0x00000007c0000000)
 Metaspace       used 54562K, capacity 57102K, committed 57364K, reserved 1099776K
  class space    used 6944K, capacity 7401K, committed 7444K, reserved 1048576K
}
2020-12-20T10:02:03.646+0000: 16.977: Total time for which application threads were stopped: 0.0099345 seconds, Stopping threads took: 0.0000359 seconds
{Heap before GC invocations=91 (full 2):
 par new generation   total 60864K, used 58446K [0x00000006fb000000, 0x00000006ff200000, 0x0000000724990000)
  eden space 54144K, 100% used [0x00000006fb000000, 0x00000006fe4e0000, 0x00000006fe4e0000)
  from space 6720K,  64% used [0x00000006feb70000, 0x00000006fefa3b88, 0x00000006ff200000)
  to   space 6720K,   0% used [0x00000006fe4e0000, 0x00000006fe4e0000, 0x00000006feb70000)
 concurrent mark-sweep generation total 135168K, used 29501K [0x0000000724990000, 0x000000072cd90000, 0x00000007c0000000)
 Metaspace       used 55218K, capacity 57770K, committed 58004K, reserved 1099776K
  class space    used 7047K, capacity 7535K, committed 7572K, reserved 1048576K
2020-12-20T10:02:03.799+0000: 17.131: [GC (Allocation Failure) 2020-12-20T10:02:03.799+0000: 17.131: [ParNew
Desired survivor size 3440640 bytes, new threshold 5 (max 6)
- age   1:     797184 bytes,     797184 total
- age   2:    1015720 bytes,    1812904 total
- age   3:     137528 bytes,    1950432 total
- age   4:    1208864 bytes,    3159296 total
- age   5:     399008 bytes,    3558304 total
- age   6:     173848 bytes,    3732152 total
: 58446K->4745K(60864K), 0.0217016 secs] 87948K->34361K(196032K), 0.0218654 secs] [Times: user=0.16 sys=0.00, real=0.02 secs] 
Heap after GC invocations=92 (full 2):
 par new generation   total 60864K, used 4745K [0x00000006fb000000, 0x00000006ff200000, 0x0000000724990000)
  eden space 54144K,   0% used [0x00000006fb000000, 0x00000006fb000000, 0x00000006fe4e0000)
  from space 6720K,  70% used [0x00000006fe4e0000, 0x00000006fe982770, 0x00000006feb70000)
  to   space 6720K,   0% used [0x00000006feb70000, 0x00000006feb70000, 0x00000006ff200000)
 concurrent mark-sweep generation total 135168K, used 29615K [0x0000000724990000, 0x000000072cd90000, 0x00000007c0000000)
 Metaspace       used 55218K, capacity 57770K, committed 58004K, reserved 1099776K
  class space    used 7047K, capacity 7535K, committed 7572K, reserved 1048576K
}
2020-12-20T10:02:03.821+0000: 17.153: Total time for which application threads were stopped: 0.0220949 seconds, Stopping threads took: 0.0000288 seconds
{Heap before GC invocations=92 (full 2):
 par new generation   total 60864K, used 58889K [0x00000006fb000000, 0x00000006ff200000, 0x0000000724990000)
  eden space 54144K, 100% used [0x00000006fb000000, 0x00000006fe4e0000, 0x00000006fe4e0000)
  from space 6720K,  70% used [0x00000006fe4e0000, 0x00000006fe982770, 0x00000006feb70000)
  to   space 6720K,   0% used [0x00000006feb70000, 0x00000006feb70000, 0x00000006ff200000)
 concurrent mark-sweep generation total 135168K, used 29615K [0x0000000724990000, 0x000000072cd90000, 0x00000007c0000000)
 Metaspace       used 56322K, capacity 58834K, committed 59156K, reserved 1101824K
  class space    used 7164K, capacity 7633K, committed 7700K, reserved 1048576K
2020-12-20T10:02:04.010+0000: 17.342: [GC (Allocation Failure) 2020-12-20T10:02:04.010+0000: 17.342: [ParNew
Desired survivor size 3440640 bytes, new threshold 5 (max 6)
- age   1:    1748944 bytes,    1748944 total
- age   2:     159536 bytes,    1908480 total
- age   3:    1007992 bytes,    2916472 total
- age   4:     131776 bytes,    3048248 total
- age   5:    1208768 bytes,    4257016 total
: 58889K->5301K(60864K), 0.0338401 secs] 88505K->35491K(196032K), 0.0340029 secs] [Times: user=0.23 sys=0.00, real=0.03 secs] 
Heap after GC invocations=93 (full 2):
 par new generation   total 60864K, used 5301K [0x00000006fb000000, 0x00000006ff200000, 0x0000000724990000)
  eden space 54144K,   0% used [0x00000006fb000000, 0x00000006fb000000, 0x00000006fe4e0000)
  from space 6720K,  78% used [0x00000006feb70000, 0x00000006ff09d7f0, 0x00000006ff200000)
  to   space 6720K,   0% used [0x00000006fe4e0000, 0x00000006fe4e0000, 0x00000006feb70000)
 concurrent mark-sweep generation total 135168K, used 30189K [0x0000000724990000, 0x000000072cd90000, 0x00000007c0000000)
 Metaspace       used 56322K, capacity 58834K, committed 59156K, reserved 1101824K
  class space    used 7164K, capacity 7633K, committed 7700K, reserved 1048576K
}
2020-12-20T10:02:04.044+0000: 17.376: Total time for which application threads were stopped: 0.0342185 seconds, Stopping threads took: 0.0000320 seconds
{Heap before GC invocations=93 (full 2):
 par new generation   total 60864K, used 59445K [0x00000006fb000000, 0x00000006ff200000, 0x0000000724990000)
  eden space 54144K, 100% used [0x00000006fb000000, 0x00000006fe4e0000, 0x00000006fe4e0000)
  from space 6720K,  78% used [0x00000006feb70000, 0x00000006ff09d7f0, 0x00000006ff200000)
  to   space 6720K,   0% used [0x00000006fe4e0000, 0x00000006fe4e0000, 0x00000006feb70000)
 concurrent mark-sweep generation total 135168K, used 30189K [0x0000000724990000, 0x000000072cd90000, 0x00000007c0000000)
 Metaspace       used 56725K, capacity 59262K, committed 59540K, reserved 1101824K
  class space    used 7240K, capacity 7731K, committed 7828K, reserved 1048576K
2020-12-20T10:02:04.150+0000: 17.482: [GC (Allocation Failure) 2020-12-20T10:02:04.150+0000: 17.482: [ParNew
Desired survivor size 3440640 bytes, new threshold 6 (max 6)
- age   1:     786408 bytes,     786408 total
- age   2:     432312 bytes,    1218720 total
- age   3:     158680 bytes,    1377400 total
- age   4:    1007944 bytes,    2385344 total
- age   5:     131776 bytes,    2517120 total
: 59445K->3982K(60864K), 0.0047354 secs] 89635K->35377K(196032K), 0.0048741 secs] [Times: user=0.02 sys=0.00, real=0.01 secs] 
Heap after GC invocations=94 (full 2):
 par new generation   total 60864K, used 3982K [0x00000006fb000000, 0x00000006ff200000, 0x0000000724990000)
  eden space 54144K,   0% used [0x00000006fb000000, 0x00000006fb000000, 0x00000006fe4e0000)
  from space 6720K,  59% used [0x00000006fe4e0000, 0x00000006fe8c3a78, 0x00000006feb70000)
  to   space 6720K,   0% used [0x00000006feb70000, 0x00000006feb70000, 0x00000006ff200000)
 concurrent mark-sweep generation total 135168K, used 31394K [0x0000000724990000, 0x000000072cd90000, 0x00000007c0000000)
 Metaspace       used 56725K, capacity 59262K, committed 59540K, reserved 1101824K
  class space    used 7240K, capacity 7731K, committed 7828K, reserved 1048576K
}
2020-12-20T10:02:04.155+0000: 17.487: Total time for which application threads were stopped: 0.0050199 seconds, Stopping threads took: 0.0000158 seconds
{Heap before GC invocations=94 (full 2):
 par new generation   total 60864K, used 58126K [0x00000006fb000000, 0x00000006ff200000, 0x0000000724990000)
  eden space 54144K, 100% used [0x00000006fb000000, 0x00000006fe4e0000, 0x00000006fe4e0000)
  from space 6720K,  59% used [0x00000006fe4e0000, 0x00000006fe8c3a78, 0x00000006feb70000)
  to   space 6720K,   0% used [0x00000006feb70000, 0x00000006feb70000, 0x00000006ff200000)
 concurrent mark-sweep generation total 135168K, used 31394K [0x0000000724990000, 0x000000072cd90000, 0x00000007c0000000)
 Metaspace       used 57121K, capacity 59710K, committed 60052K, reserved 1101824K
  class space    used 7336K, capacity 7795K, committed 7828K, reserved 1048576K
2020-12-20T10:02:04.229+0000: 17.561: [GC (Allocation Failure) 2020-12-20T10:02:04.229+0000: 17.561: [ParNew
Desired survivor size 3440640 bytes, new threshold 6 (max 6)
- age   1:     255520 bytes,     255520 total
- age   2:      99712 bytes,     355232 total
- age   3:     431896 bytes,     787128 total
- age   4:     158680 bytes,     945808 total
- age   5:    1007944 bytes,    1953752 total
- age   6:     131776 bytes,    2085528 total
: 58126K->2517K(60864K), 0.0031596 secs] 89521K->33912K(196032K), 0.0032781 secs] [Times: user=0.01 sys=0.00, real=0.00 secs] 
Heap after GC invocations=95 (full 2):
 par new generation   total 60864K, used 2517K [0x00000006fb000000, 0x00000006ff200000, 0x0000000724990000)
  eden space 54144K,   0% used [0x00000006fb000000, 0x00000006fb000000, 0x00000006fe4e0000)
  from space 6720K,  37% used [0x00000006feb70000, 0x00000006fede5758, 0x00000006ff200000)
  to   space 6720K,   0% used [0x00000006fe4e0000, 0x00000006fe4e0000, 0x00000006feb70000)
 concurrent mark-sweep generation total 135168K, used 31394K [0x0000000724990000, 0x000000072cd90000, 0x00000007c0000000)
 Metaspace       used 57121K, capacity 59710K, committed 60052K, reserved 1101824K
  class space    used 7336K, capacity 7795K, committed 7828K, reserved 1048576K
}
2020-12-20T10:02:04.233+0000: 17.564: Total time for which application threads were stopped: 0.0034129 seconds, Stopping threads took: 0.0000159 seconds
{Heap before GC invocations=95 (full 2):
 par new generation   total 60864K, used 56661K [0x00000006fb000000, 0x00000006ff200000, 0x0000000724990000)
  eden space 54144K, 100% used [0x00000006fb000000, 0x00000006fe4e0000, 0x00000006fe4e0000)
  from space 6720K,  37% used [0x00000006feb70000, 0x00000006fede5758, 0x00000006ff200000)
  to   space 6720K,   0% used [0x00000006fe4e0000, 0x00000006fe4e0000, 0x00000006feb70000)
 concurrent mark-sweep generation total 135168K, used 31394K [0x0000000724990000, 0x000000072cd90000, 0x00000007c0000000)
 Metaspace       used 57460K, capacity 60068K, committed 60436K, reserved 1101824K
  class space    used 7415K, capacity 7892K, committed 7956K, reserved 1048576K
2020-12-20T10:02:04.349+0000: 17.681: [GC (Allocation Failure) 2020-12-20T10:02:04.349+0000: 17.681: [ParNew
Desired survivor size 3440640 bytes, new threshold 6 (max 6)
- age   1:     155264 bytes,     155264 total
- age   2:      62672 bytes,     217936 total
- age   3:      98480 bytes,     316416 total
- age   4:     432072 bytes,     748488 total
- age   5:     158680 bytes,     907168 total
- age   6:    1007944 bytes,    1915112 total
: 56661K->2704K(60864K), 0.0073835 secs] 88056K->34235K(196032K), 0.0075378 secs] [Times: user=0.05 sys=0.00, real=0.01 secs] 
Heap after GC invocations=96 (full 2):
 par new generation   total 60864K, used 2704K [0x00000006fb000000, 0x00000006ff200000, 0x0000000724990000)
  eden space 54144K,   0% used [0x00000006fb000000, 0x00000006fb000000, 0x00000006fe4e0000)
  from space 6720K,  40% used [0x00000006fe4e0000, 0x00000006fe7843c0, 0x00000006feb70000)
  to   space 6720K,   0% used [0x00000006feb70000, 0x00000006feb70000, 0x00000006ff200000)
 concurrent mark-sweep generation total 135168K, used 31530K [0x0000000724990000, 0x000000072cd90000, 0x00000007c0000000)
 Metaspace       used 57460K, capacity 60068K, committed 60436K, reserved 1101824K
  class space    used 7415K, capacity 7892K, committed 7956K, reserved 1048576K
}
2020-12-20T10:02:04.357+0000: 17.688: Total time for which application threads were stopped: 0.0076931 seconds, Stopping threads took: 0.0000170 seconds
{Heap before GC invocations=96 (full 2):
 par new generation   total 60864K, used 56848K [0x00000006fb000000, 0x00000006ff200000, 0x0000000724990000)
  eden space 54144K, 100% used [0x00000006fb000000, 0x00000006fe4e0000, 0x00000006fe4e0000)
  from space 6720K,  40% used [0x00000006fe4e0000, 0x00000006fe7843c0, 0x00000006feb70000)
  to   space 6720K,   0% used [0x00000006feb70000, 0x00000006feb70000, 0x00000006ff200000)
 concurrent mark-sweep generation total 135168K, used 31530K [0x0000000724990000, 0x000000072cd90000, 0x00000007c0000000)
 Metaspace       used 57875K, capacity 60494K, committed 60820K, reserved 1101824K
  class space    used 7472K, capacity 7963K, committed 8084K, reserved 1048576K
2020-12-20T10:02:04.490+0000: 17.821: [GC (Allocation Failure) 2020-12-20T10:02:04.490+0000: 17.821: [ParNew
Desired survivor size 3440640 bytes, new threshold 6 (max 6)
- age   1:     378272 bytes,     378272 total
- age   2:      89736 bytes,     468008 total
- age   3:      61672 bytes,     529680 total
- age   4:      98480 bytes,     628160 total
- age   5:     431896 bytes,    1060056 total
- age   6:     158680 bytes,    1218736 total
: 56848K->2307K(60864K), 0.0069734 secs] 88379K->34840K(196032K), 0.0071381 secs] [Times: user=0.03 sys=0.01, real=0.01 secs] 
Heap after GC invocations=97 (full 2):
 par new generation   total 60864K, used 2307K [0x00000006fb000000, 0x00000006ff200000, 0x0000000724990000)
  eden space 54144K,   0% used [0x00000006fb000000, 0x00000006fb000000, 0x00000006fe4e0000)
  from space 6720K,  34% used [0x00000006feb70000, 0x00000006fedb0c30, 0x00000006ff200000)
  to   space 6720K,   0% used [0x00000006fe4e0000, 0x00000006fe4e0000, 0x00000006feb70000)
 concurrent mark-sweep generation total 135168K, used 32533K [0x0000000724990000, 0x000000072cd90000, 0x00000007c0000000)
 Metaspace       used 57875K, capacity 60494K, committed 60820K, reserved 1101824K
  class space    used 7472K, capacity 7963K, committed 8084K, reserved 1048576K
}
2020-12-20T10:02:04.497+0000: 17.828: Total time for which application threads were stopped: 0.0073667 seconds, Stopping threads took: 0.0000245 seconds
{Heap before GC invocations=97 (full 2):
 par new generation   total 60864K, used 56451K [0x00000006fb000000, 0x00000006ff200000, 0x0000000724990000)
  eden space 54144K, 100% used [0x00000006fb000000, 0x00000006fe4e0000, 0x00000006fe4e0000)
  from space 6720K,  34% used [0x00000006feb70000, 0x00000006fedb0c30, 0x00000006ff200000)
  to   space 6720K,   0% used [0x00000006fe4e0000, 0x00000006fe4e0000, 0x00000006feb70000)
 concurrent mark-sweep generation total 135168K, used 32533K [0x0000000724990000, 0x000000072cd90000, 0x00000007c0000000)
 Metaspace       used 58256K, capacity 60884K, committed 61332K, reserved 1101824K
  class space    used 7546K, capacity 8028K, committed 8084K, reserved 1048576K
2020-12-20T10:02:04.603+0000: 17.935: [GC (Allocation Failure) 2020-12-20T10:02:04.603+0000: 17.935: [ParNew
Desired survivor size 3440640 bytes, new threshold 6 (max 6)
- age   1:     421912 bytes,     421912 total
- age   2:      57080 bytes,     478992 total
- age   3:      89448 bytes,     568440 total
- age   4:      61648 bytes,     630088 total
- age   5:      98480 bytes,     728568 total
- age   6:     434712 bytes,    1163280 total
: 56451K->1563K(60864K), 0.0047560 secs] 88984K->34257K(196032K), 0.0048968 secs] [Times: user=0.03 sys=0.00, real=0.01 secs] 
Heap after GC invocations=98 (full 2):
 par new generation   total 60864K, used 1563K [0x00000006fb000000, 0x00000006ff200000, 0x0000000724990000)
  eden space 54144K,   0% used [0x00000006fb000000, 0x00000006fb000000, 0x00000006fe4e0000)
  from space 6720K,  23% used [0x00000006fe4e0000, 0x00000006fe666e38, 0x00000006feb70000)
  to   space 6720K,   0% used [0x00000006feb70000, 0x00000006feb70000, 0x00000006ff200000)
 concurrent mark-sweep generation total 135168K, used 32694K [0x0000000724990000, 0x000000072cd90000, 0x00000007c0000000)
 Metaspace       used 58256K, capacity 60884K, committed 61332K, reserved 1101824K
  class space    used 7546K, capacity 8028K, committed 8084K, reserved 1048576K
}
2020-12-20T10:02:04.608+0000: 17.940: Total time for which application threads were stopped: 0.0050737 seconds, Stopping threads took: 0.0000161 seconds
2020-12-20T10:02:04.733+0000: 18.064: Total time for which application threads were stopped: 0.0001910 seconds, Stopping threads took: 0.0000393 seconds
2020-12-20T10:02:04.816+0000: 18.148: Total time for which application threads were stopped: 0.0001889 seconds, Stopping threads took: 0.0000291 seconds
{Heap before GC invocations=98 (full 2):
 par new generation   total 60864K, used 55707K [0x00000006fb000000, 0x00000006ff200000, 0x0000000724990000)
  eden space 54144K, 100% used [0x00000006fb000000, 0x00000006fe4e0000, 0x00000006fe4e0000)
  from space 6720K,  23% used [0x00000006fe4e0000, 0x00000006fe666e38, 0x00000006feb70000)
  to   space 6720K,   0% used [0x00000006feb70000, 0x00000006feb70000, 0x00000006ff200000)
 concurrent mark-sweep generation total 135168K, used 32694K [0x0000000724990000, 0x000000072cd90000, 0x00000007c0000000)
 Metaspace       used 58816K, capacity 61394K, committed 61844K, reserved 1103872K
  class space    used 7590K, capacity 8065K, committed 8084K, reserved 1048576K
2020-12-20T10:02:04.883+0000: 18.215: [GC (Allocation Failure) 2020-12-20T10:02:04.883+0000: 18.215: [ParNew
Desired survivor size 3440640 bytes, new threshold 6 (max 6)
- age   1:     935928 bytes,     935928 total
- age   2:      50760 bytes,     986688 total
- age   3:      46560 bytes,    1033248 total
- age   4:      42736 bytes,    1075984 total
- age   5:      60064 bytes,    1136048 total
- age   6:      95600 bytes,    1231648 total
: 55707K->1411K(60864K), 0.0099099 secs] 88401K->34536K(196032K), 0.0100903 secs] [Times: user=0.09 sys=0.00, real=0.01 secs] 
Heap after GC invocations=99 (full 2):
 par new generation   total 60864K, used 1411K [0x00000006fb000000, 0x00000006ff200000, 0x0000000724990000)
  eden space 54144K,   0% used [0x00000006fb000000, 0x00000006fb000000, 0x00000006fe4e0000)
  from space 6720K,  21% used [0x00000006feb70000, 0x00000006fecd0d58, 0x00000006ff200000)
  to   space 6720K,   0% used [0x00000006fe4e0000, 0x00000006fe4e0000, 0x00000006feb70000)
 concurrent mark-sweep generation total 135168K, used 33125K [0x0000000724990000, 0x000000072cd90000, 0x00000007c0000000)
 Metaspace       used 58816K, capacity 61394K, committed 61844K, reserved 1103872K
  class space    used 7590K, capacity 8065K, committed 8084K, reserved 1048576K
}
2020-12-20T10:02:04.893+0000: 18.225: Total time for which application threads were stopped: 0.0105072 seconds, Stopping threads took: 0.0001321 seconds
{Heap before GC invocations=99 (full 2):
 par new generation   total 60864K, used 55555K [0x00000006fb000000, 0x00000006ff200000, 0x0000000724990000)
  eden space 54144K, 100% used [0x00000006fb000000, 0x00000006fe4e0000, 0x00000006fe4e0000)
  from space 6720K,  21% used [0x00000006feb70000, 0x00000006fecd0d58, 0x00000006ff200000)
  to   space 6720K,   0% used [0x00000006fe4e0000, 0x00000006fe4e0000, 0x00000006feb70000)
 concurrent mark-sweep generation total 135168K, used 33125K [0x0000000724990000, 0x000000072cd90000, 0x00000007c0000000)
 Metaspace       used 59384K, capacity 61922K, committed 62228K, reserved 1103872K
  class space    used 7673K, capacity 8135K, committed 8212K, reserved 1048576K
2020-12-20T10:02:05.026+0000: 18.357: [GC (Allocation Failure) 2020-12-20T10:02:05.026+0000: 18.357: [ParNew
Desired survivor size 3440640 bytes, new threshold 6 (max 6)
- age   1:    1025856 bytes,    1025856 total
- age   2:     680568 bytes,    1706424 total
- age   3:      50344 bytes,    1756768 total
- age   4:      46544 bytes,    1803312 total
- age   5:      41920 bytes,    1845232 total
- age   6:      59664 bytes,    1904896 total
: 55555K->2426K(60864K), 0.0034150 secs] 88680K->35639K(196032K), 0.0035317 secs] [Times: user=0.02 sys=0.00, real=0.00 secs] 
Heap after GC invocations=100 (full 2):
 par new generation   total 60864K, used 2426K [0x00000006fb000000, 0x00000006ff200000, 0x0000000724990000)
  eden space 54144K,   0% used [0x00000006fb000000, 0x00000006fb000000, 0x00000006fe4e0000)
  from space 6720K,  36% used [0x00000006fe4e0000, 0x00000006fe73e8f8, 0x00000006feb70000)
  to   space 6720K,   0% used [0x00000006feb70000, 0x00000006feb70000, 0x00000006ff200000)
 concurrent mark-sweep generation total 135168K, used 33213K [0x0000000724990000, 0x000000072cd90000, 0x00000007c0000000)
 Metaspace       used 59384K, capacity 61922K, committed 62228K, reserved 1103872K
  class space    used 7673K, capacity 8135K, committed 8212K, reserved 1048576K
}
2020-12-20T10:02:05.029+0000: 18.361: Total time for which application threads were stopped: 0.0037045 seconds, Stopping threads took: 0.0000132 seconds
{Heap before GC invocations=100 (full 2):
 par new generation   total 60864K, used 56570K [0x00000006fb000000, 0x00000006ff200000, 0x0000000724990000)
  eden space 54144K, 100% used [0x00000006fb000000, 0x00000006fe4e0000, 0x00000006fe4e0000)
  from space 6720K,  36% used [0x00000006fe4e0000, 0x00000006fe73e8f8, 0x00000006feb70000)
  to   space 6720K,   0% used [0x00000006feb70000, 0x00000006feb70000, 0x00000006ff200000)
 concurrent mark-sweep generation total 135168K, used 33213K [0x0000000724990000, 0x000000072cd90000, 0x00000007c0000000)
 Metaspace       used 60002K, capacity 62596K, committed 63124K, reserved 1103872K
  class space    used 7759K, capacity 8232K, committed 8340K, reserved 1048576K
2020-12-20T10:02:05.154+0000: 18.486: [GC (Allocation Failure) 2020-12-20T10:02:05.154+0000: 18.486: [ParNew
Desired survivor size 3440640 bytes, new threshold 6 (max 6)
- age   1:     842200 bytes,     842200 total
- age   2:     280408 bytes,    1122608 total
- age   3:     680152 bytes,    1802760 total
- age   4:      50344 bytes,    1853104 total
- age   5:      46544 bytes,    1899648 total
- age   6:      41920 bytes,    1941568 total
: 56570K->2706K(60864K), 0.0055355 secs] 89783K->35980K(196032K), 0.0057579 secs] [Times: user=0.03 sys=0.00, real=0.01 secs] 
Heap after GC invocations=101 (full 2):
 par new generation   total 60864K, used 2706K [0x00000006fb000000, 0x00000006ff200000, 0x0000000724990000)
  eden space 54144K,   0% used [0x00000006fb000000, 0x00000006fb000000, 0x00000006fe4e0000)
  from space 6720K,  40% used [0x00000006feb70000, 0x00000006fee14a38, 0x00000006ff200000)
  to   space 6720K,   0% used [0x00000006fe4e0000, 0x00000006fe4e0000, 0x00000006feb70000)
 concurrent mark-sweep generation total 135168K, used 33274K [0x0000000724990000, 0x000000072cd90000, 0x00000007c0000000)
 Metaspace       used 60002K, capacity 62596K, committed 63124K, reserved 1103872K
  class space    used 7759K, capacity 8232K, committed 8340K, reserved 1048576K
}
2020-12-20T10:02:05.160+0000: 18.492: Total time for which application threads were stopped: 0.0061786 seconds, Stopping threads took: 0.0002235 seconds
{Heap before GC invocations=101 (full 2):
 par new generation   total 60864K, used 56850K [0x00000006fb000000, 0x00000006ff200000, 0x0000000724990000)
  eden space 54144K, 100% used [0x00000006fb000000, 0x00000006fe4e0000, 0x00000006fe4e0000)
  from space 6720K,  40% used [0x00000006feb70000, 0x00000006fee14a38, 0x00000006ff200000)
  to   space 6720K,   0% used [0x00000006fe4e0000, 0x00000006fe4e0000, 0x00000006feb70000)
 concurrent mark-sweep generation total 135168K, used 33274K [0x0000000724990000, 0x000000072cd90000, 0x00000007c0000000)
 Metaspace       used 60151K, capacity 62762K, committed 63124K, reserved 1103872K
  class space    used 7783K, capacity 8265K, committed 8340K, reserved 1048576K
2020-12-20T10:02:05.250+0000: 18.582: [GC (Allocation Failure) 2020-12-20T10:02:05.250+0000: 18.582: [ParNew
Desired survivor size 3440640 bytes, new threshold 6 (max 6)
- age   1:     370536 bytes,     370536 total
- age   2:     566944 bytes,     937480 total
- age   3:     279992 bytes,    1217472 total
- age   4:     680152 bytes,    1897624 total
- age   5:      50344 bytes,    1947968 total
- age   6:      46544 bytes,    1994512 total
: 56850K->2749K(60864K), 0.0032757 secs] 90124K->36067K(196032K), 0.0034000 secs] [Times: user=0.02 sys=0.00, real=0.00 secs] 
Heap after GC invocations=102 (full 2):
 par new generation   total 60864K, used 2749K [0x00000006fb000000, 0x00000006ff200000, 0x0000000724990000)
  eden space 54144K,   0% used [0x00000006fb000000, 0x00000006fb000000, 0x00000006fe4e0000)
  from space 6720K,  40% used [0x00000006fe4e0000, 0x00000006fe78f7c8, 0x00000006feb70000)
  to   space 6720K,   0% used [0x00000006feb70000, 0x00000006feb70000, 0x00000006ff200000)
 concurrent mark-sweep generation total 135168K, used 33317K [0x0000000724990000, 0x000000072cd90000, 0x00000007c0000000)
 Metaspace       used 60151K, capacity 62762K, committed 63124K, reserved 1103872K
  class space    used 7783K, capacity 8265K, committed 8340K, reserved 1048576K
}
2020-12-20T10:02:05.254+0000: 18.585: Total time for which application threads were stopped: 0.0035698 seconds, Stopping threads took: 0.0000159 seconds
{Heap before GC invocations=102 (full 2):
 par new generation   total 60864K, used 56893K [0x00000006fb000000, 0x00000006ff200000, 0x0000000724990000)
  eden space 54144K, 100% used [0x00000006fb000000, 0x00000006fe4e0000, 0x00000006fe4e0000)
  from space 6720K,  40% used [0x00000006fe4e0000, 0x00000006fe78f7c8, 0x00000006feb70000)
  to   space 6720K,   0% used [0x00000006feb70000, 0x00000006feb70000, 0x00000006ff200000)
 concurrent mark-sweep generation total 135168K, used 33317K [0x0000000724990000, 0x000000072cd90000, 0x00000007c0000000)
 Metaspace       used 61108K, capacity 63752K, committed 64020K, reserved 1105920K
  class space    used 7901K, capacity 8376K, committed 8468K, reserved 1048576K
2020-12-20T10:02:05.464+0000: 18.796: [GC (Allocation Failure) 2020-12-20T10:02:05.465+0000: 18.796: [ParNew
Desired survivor size 3440640 bytes, new threshold 6 (max 6)
- age   1:    1549592 bytes,    1549592 total
- age   2:      84320 bytes,    1633912 total
- age   3:     566552 bytes,    2200464 total
- age   4:     278744 bytes,    2479208 total
- age   5:     677152 bytes,    3156360 total
- age   6:      50376 bytes,    3206736 total
: 56893K->3693K(60864K), 0.0307764 secs] 90211K->37058K(196032K), 0.0310127 secs] [Times: user=0.22 sys=0.00, real=0.04 secs] 
Heap after GC invocations=103 (full 2):
 par new generation   total 60864K, used 3693K [0x00000006fb000000, 0x00000006ff200000, 0x0000000724990000)
  eden space 54144K,   0% used [0x00000006fb000000, 0x00000006fb000000, 0x00000006fe4e0000)
  from space 6720K,  54% used [0x00000006feb70000, 0x00000006fef0b5b8, 0x00000006ff200000)
  to   space 6720K,   0% used [0x00000006fe4e0000, 0x00000006fe4e0000, 0x00000006feb70000)
 concurrent mark-sweep generation total 135168K, used 33364K [0x0000000724990000, 0x000000072cd90000, 0x00000007c0000000)
 Metaspace       used 61108K, capacity 63752K, committed 64020K, reserved 1105920K
  class space    used 7901K, capacity 8376K, committed 8468K, reserved 1048576K
}
2020-12-20T10:02:05.495+0000: 18.827: Total time for which application threads were stopped: 0.0313618 seconds, Stopping threads took: 0.0000500 seconds
{Heap before GC invocations=103 (full 2):
 par new generation   total 60864K, used 57837K [0x00000006fb000000, 0x00000006ff200000, 0x0000000724990000)
  eden space 54144K, 100% used [0x00000006fb000000, 0x00000006fe4e0000, 0x00000006fe4e0000)
  from space 6720K,  54% used [0x00000006feb70000, 0x00000006fef0b5b8, 0x00000006ff200000)
  to   space 6720K,   0% used [0x00000006fe4e0000, 0x00000006fe4e0000, 0x00000006feb70000)
 concurrent mark-sweep generation total 135168K, used 33364K [0x0000000724990000, 0x000000072cd90000, 0x00000007c0000000)
 Metaspace       used 62005K, capacity 64966K, committed 65172K, reserved 1105920K
  class space    used 8041K, capacity 8571K, committed 8596K, reserved 1048576K
2020-12-20T10:02:05.717+0000: 19.048: [GC (Allocation Failure) 2020-12-20T10:02:05.717+0000: 19.048: [ParNew
Desired survivor size 3440640 bytes, new threshold 6 (max 6)
- age   1:     818024 bytes,     818024 total
- age   2:     417096 bytes,    1235120 total
- age   3:      83768 bytes,    1318888 total
- age   4:     566080 bytes,    1884968 total
- age   5:     278744 bytes,    2163712 total
- age   6:     677112 bytes,    2840824 total
: 57837K->3120K(60864K), 0.0104743 secs] 91202K->36536K(196032K), 0.0106464 secs] [Times: user=0.07 sys=0.01, real=0.01 secs] 
Heap after GC invocations=104 (full 2):
 par new generation   total 60864K, used 3120K [0x00000006fb000000, 0x00000006ff200000, 0x0000000724990000)
  eden space 54144K,   0% used [0x00000006fb000000, 0x00000006fb000000, 0x00000006fe4e0000)
  from space 6720K,  46% used [0x00000006fe4e0000, 0x00000006fe7ec320, 0x00000006feb70000)
  to   space 6720K,   0% used [0x00000006feb70000, 0x00000006feb70000, 0x00000006ff200000)
 concurrent mark-sweep generation total 135168K, used 33416K [0x0000000724990000, 0x000000072cd90000, 0x00000007c0000000)
 Metaspace       used 62005K, capacity 64966K, committed 65172K, reserved 1105920K
  class space    used 8041K, capacity 8571K, committed 8596K, reserved 1048576K
}
2020-12-20T10:02:05.727+0000: 19.059: Total time for which application threads were stopped: 0.0109496 seconds, Stopping threads took: 0.0000451 seconds
2020-12-20T10:02:05.772+0000: 19.104: Total time for which application threads were stopped: 0.0008928 seconds, Stopping threads took: 0.0000316 seconds
{Heap before GC invocations=104 (full 2):
 par new generation   total 60864K, used 57264K [0x00000006fb000000, 0x00000006ff200000, 0x0000000724990000)
  eden space 54144K, 100% used [0x00000006fb000000, 0x00000006fe4e0000, 0x00000006fe4e0000)
  from space 6720K,  46% used [0x00000006fe4e0000, 0x00000006fe7ec320, 0x00000006feb70000)
  to   space 6720K,   0% used [0x00000006feb70000, 0x00000006feb70000, 0x00000006ff200000)
 concurrent mark-sweep generation total 135168K, used 33416K [0x0000000724990000, 0x000000072cd90000, 0x00000007c0000000)
 Metaspace       used 62878K, capacity 65990K, committed 66068K, reserved 1105920K
  class space    used 8158K, capacity 8683K, committed 8724K, reserved 1048576K
2020-12-20T10:02:05.931+0000: 19.263: [GC (Allocation Failure) 2020-12-20T10:02:05.931+0000: 19.263: [ParNew
Desired survivor size 3440640 bytes, new threshold 6 (max 6)
- age   1:     962272 bytes,     962272 total
- age   2:     420080 bytes,    1382352 total
- age   3:     410408 bytes,    1792760 total
- age   4:      83792 bytes,    1876552 total
- age   5:     561960 bytes,    2438512 total
- age   6:     278744 bytes,    2717256 total
: 57264K->4050K(60864K), 0.0079725 secs] 90680K->38135K(196032K), 0.0081603 secs] [Times: user=0.05 sys=0.00, real=0.01 secs] 
Heap after GC invocations=105 (full 2):
 par new generation   total 60864K, used 4050K [0x00000006fb000000, 0x00000006ff200000, 0x0000000724990000)
  eden space 54144K,   0% used [0x00000006fb000000, 0x00000006fb000000, 0x00000006fe4e0000)
  from space 6720K,  60% used [0x00000006feb70000, 0x00000006fef64878, 0x00000006ff200000)
  to   space 6720K,   0% used [0x00000006fe4e0000, 0x00000006fe4e0000, 0x00000006feb70000)
 concurrent mark-sweep generation total 135168K, used 34084K [0x0000000724990000, 0x000000072cd90000, 0x00000007c0000000)
 Metaspace       used 62878K, capacity 65990K, committed 66068K, reserved 1105920K
  class space    used 8158K, capacity 8683K, committed 8724K, reserved 1048576K
}
2020-12-20T10:02:05.939+0000: 19.271: Total time for which application threads were stopped: 0.0083795 seconds, Stopping threads took: 0.0000273 seconds
2020-12-20T10:02:06.095+0000: 19.426: Total time for which application threads were stopped: 0.0002476 seconds, Stopping threads took: 0.0001116 seconds
{Heap before GC invocations=105 (full 2):
 par new generation   total 60864K, used 58194K [0x00000006fb000000, 0x00000006ff200000, 0x0000000724990000)
  eden space 54144K, 100% used [0x00000006fb000000, 0x00000006fe4e0000, 0x00000006fe4e0000)
  from space 6720K,  60% used [0x00000006feb70000, 0x00000006fef64878, 0x00000006ff200000)
  to   space 6720K,   0% used [0x00000006fe4e0000, 0x00000006fe4e0000, 0x00000006feb70000)
 concurrent mark-sweep generation total 135168K, used 34084K [0x0000000724990000, 0x000000072cd90000, 0x00000007c0000000)
 Metaspace       used 63567K, capacity 66758K, committed 66952K, reserved 1107968K
  class space    used 8253K, capacity 8791K, committed 8852K, reserved 1048576K
2020-12-20T10:02:06.191+0000: 19.523: [GC (Allocation Failure) 2020-12-20T10:02:06.192+0000: 19.523: [ParNew
Desired survivor size 3440640 bytes, new threshold 6 (max 6)
- age   1:    1245904 bytes,    1245904 total
- age   2:     338136 bytes,    1584040 total
- age   3:     414264 bytes,    1998304 total
- age   4:     408184 bytes,    2406488 total
- age   5:      83744 bytes,    2490232 total
- age   6:     561960 bytes,    3052192 total
: 58194K->4134K(60864K), 0.0062724 secs] 92279K->38497K(196032K), 0.0064104 secs] [Times: user=0.03 sys=0.02, real=0.01 secs] 
Heap after GC invocations=106 (full 2):
 par new generation   total 60864K, used 4134K [0x00000006fb000000, 0x00000006ff200000, 0x0000000724990000)
  eden space 54144K,   0% used [0x00000006fb000000, 0x00000006fb000000, 0x00000006fe4e0000)
  from space 6720K,  61% used [0x00000006fe4e0000, 0x00000006fe8e9900, 0x00000006feb70000)
  to   space 6720K,   0% used [0x00000006feb70000, 0x00000006feb70000, 0x00000006ff200000)
 concurrent mark-sweep generation total 135168K, used 34363K [0x0000000724990000, 0x000000072cd90000, 0x00000007c0000000)
 Metaspace       used 63567K, capacity 66758K, committed 66952K, reserved 1107968K
  class space    used 8253K, capacity 8791K, committed 8852K, reserved 1048576K
}
2020-12-20T10:02:06.198+0000: 19.530: Total time for which application threads were stopped: 0.0066262 seconds, Stopping threads took: 0.0000301 seconds
2020-12-20T10:02:06.198+0000: 19.530: [GC (CMS Initial Mark) [1 CMS-initial-mark: 34363K(135168K)] 39582K(196032K), 0.0023068 secs] [Times: user=0.01 sys=0.00, real=0.00 secs] 
2020-12-20T10:02:06.201+0000: 19.532: Total time for which application threads were stopped: 0.0026302 seconds, Stopping threads took: 0.0001645 seconds
2020-12-20T10:02:06.201+0000: 19.532: [CMS-concurrent-mark-start]
2020-12-20T10:02:06.229+0000: 19.561: Total time for which application threads were stopped: 0.0001430 seconds, Stopping threads took: 0.0000320 seconds
2020-12-20T10:02:06.259+0000: 19.590: [CMS-concurrent-mark: 0.057/0.058 secs] [Times: user=0.35 sys=0.00, real=0.06 secs] 
2020-12-20T10:02:06.259+0000: 19.590: [CMS-concurrent-preclean-start]
2020-12-20T10:02:06.261+0000: 19.592: [CMS-concurrent-preclean: 0.002/0.002 secs] [Times: user=0.00 sys=0.00, real=0.00 secs] 
2020-12-20T10:02:06.261+0000: 19.592: [CMS-concurrent-abortable-preclean-start]
2020-12-20T10:02:06.295+0000: 19.627: Total time for which application threads were stopped: 0.0001212 seconds, Stopping threads took: 0.0000307 seconds
2020-12-20T10:02:06.337+0000: 19.668: Total time for which application threads were stopped: 0.0009947 seconds, Stopping threads took: 0.0000382 seconds
2020-12-20T10:02:06.360+0000: 19.692: Total time for which application threads were stopped: 0.0001722 seconds, Stopping threads took: 0.0000380 seconds
2020-12-20T10:02:06.393+0000: 19.725: Total time for which application threads were stopped: 0.0009069 seconds, Stopping threads took: 0.0000493 seconds
{Heap before GC invocations=106 (full 3):
 par new generation   total 60864K, used 58278K [0x00000006fb000000, 0x00000006ff200000, 0x0000000724990000)
  eden space 54144K, 100% used [0x00000006fb000000, 0x00000006fe4e0000, 0x00000006fe4e0000)
  from space 6720K,  61% used [0x00000006fe4e0000, 0x00000006fe8e9900, 0x00000006feb70000)
  to   space 6720K,   0% used [0x00000006feb70000, 0x00000006feb70000, 0x00000006ff200000)
 concurrent mark-sweep generation total 135168K, used 34363K [0x0000000724990000, 0x000000072cd90000, 0x00000007c0000000)
 Metaspace       used 64691K, capacity 67956K, committed 68024K, reserved 1107968K
  class space    used 8375K, capacity 8928K, committed 8928K, reserved 1048576K
2020-12-20T10:02:06.478+0000: 19.810: [GC (Allocation Failure) 2020-12-20T10:02:06.478+0000: 19.810: [ParNew
Desired survivor size 3440640 bytes, new threshold 6 (max 6)
- age   1:     887224 bytes,     887224 total
- age   2:     884928 bytes,    1772152 total
- age   3:     331224 bytes,    2103376 total
- age   4:     413848 bytes,    2517224 total
- age   5:     407360 bytes,    2924584 total
- age   6:      83688 bytes,    3008272 total
: 58278K->4326K(60864K), 0.0052407 secs] 92641K->39243K(196032K), 0.0053665 secs] [Times: user=0.02 sys=0.00, real=0.00 secs] 
Heap after GC invocations=107 (full 3):
 par new generation   total 60864K, used 4326K [0x00000006fb000000, 0x00000006ff200000, 0x0000000724990000)
  eden space 54144K,   0% used [0x00000006fb000000, 0x00000006fb000000, 0x00000006fe4e0000)
  from space 6720K,  64% used [0x00000006feb70000, 0x00000006fefa9a10, 0x00000006ff200000)
  to   space 6720K,   0% used [0x00000006fe4e0000, 0x00000006fe4e0000, 0x00000006feb70000)
 concurrent mark-sweep generation total 135168K, used 34916K [0x0000000724990000, 0x000000072cd90000, 0x00000007c0000000)
 Metaspace       used 64691K, capacity 67956K, committed 68024K, reserved 1107968K
  class space    used 8375K, capacity 8928K, committed 8928K, reserved 1048576K
}
2020-12-20T10:02:06.484+0000: 19.815: Total time for which application threads were stopped: 0.0055528 seconds, Stopping threads took: 0.0000253 seconds
2020-12-20T10:02:06.488+0000: 19.819: Total time for which application threads were stopped: 0.0001097 seconds, Stopping threads took: 0.0000281 seconds
2020-12-20T10:02:06.532+0000: 19.863: Total time for which application threads were stopped: 0.0001335 seconds, Stopping threads took: 0.0000177 seconds
2020-12-20T10:02:06.663+0000: 19.995: Total time for which application threads were stopped: 0.0002420 seconds, Stopping threads took: 0.0000336 seconds
2020-12-20T10:02:06.675+0000: 20.007: [CMS-concurrent-abortable-preclean: 0.192/0.414 secs] [Times: user=1.79 sys=0.05, real=0.42 secs] 
2020-12-20T10:02:06.676+0000: 20.007: [GC (CMS Final Remark) [YG occupancy: 33703 K (60864 K)]2020-12-20T10:02:06.676+0000: 20.007: [Rescan (parallel) , 0.0070484 secs]2020-12-20T10:02:06.683+0000: 20.015: [weak refs processing, 0.0001296 secs]2020-12-20T10:02:06.683+0000: 20.015: [class unloading, 0.0102935 secs]2020-12-20T10:02:06.693+0000: 20.025: [scrub symbol table, 0.0224878 secs]2020-12-20T10:02:06.716+0000: 20.048: [scrub string table, 0.0009831 secs][1 CMS-remark: 34916K(135168K)] 68619K(196032K), 0.0413968 secs] [Times: user=0.10 sys=0.00, real=0.04 secs] 
2020-12-20T10:02:06.717+0000: 20.049: Total time for which application threads were stopped: 0.0416961 seconds, Stopping threads took: 0.0001739 seconds
2020-12-20T10:02:06.717+0000: 20.049: [CMS-concurrent-sweep-start]
2020-12-20T10:02:06.749+0000: 20.080: [CMS-concurrent-sweep: 0.031/0.031 secs] [Times: user=0.16 sys=0.00, real=0.03 secs] 
2020-12-20T10:02:06.749+0000: 20.080: [CMS-concurrent-reset-start]
2020-12-20T10:02:06.752+0000: 20.083: [CMS-concurrent-reset: 0.003/0.003 secs] [Times: user=0.01 sys=0.00, real=0.00 secs] 
{Heap before GC invocations=107 (full 3):
 par new generation   total 60864K, used 58470K [0x00000006fb000000, 0x00000006ff200000, 0x0000000724990000)
  eden space 54144K, 100% used [0x00000006fb000000, 0x00000006fe4e0000, 0x00000006fe4e0000)
  from space 6720K,  64% used [0x00000006feb70000, 0x00000006fefa9a10, 0x00000006ff200000)
  to   space 6720K,   0% used [0x00000006fe4e0000, 0x00000006fe4e0000, 0x00000006feb70000)
 concurrent mark-sweep generation total 135168K, used 33780K [0x0000000724990000, 0x000000072cd90000, 0x00000007c0000000)
 Metaspace       used 65265K, capacity 68561K, committed 68612K, reserved 1110016K
  class space    used 8433K, capacity 8981K, committed 9004K, reserved 1048576K
2020-12-20T10:02:06.867+0000: 20.199: [GC (Allocation Failure) 2020-12-20T10:02:06.867+0000: 20.199: [ParNew
Desired survivor size 3440640 bytes, new threshold 5 (max 6)
- age   1:    1543616 bytes,    1543616 total
- age   2:     303400 bytes,    1847016 total
- age   3:     875448 bytes,    2722464 total
- age   4:     330984 bytes,    3053448 total
- age   5:     412248 bytes,    3465696 total
- age   6:     403232 bytes,    3868928 total
: 58470K->4715K(60864K), 0.0059469 secs] 92250K->38579K(196032K), 0.0061372 secs] [Times: user=0.03 sys=0.00, real=0.00 secs] 
Heap after GC invocations=108 (full 3):
 par new generation   total 60864K, used 4715K [0x00000006fb000000, 0x00000006ff200000, 0x0000000724990000)
  eden space 54144K,   0% used [0x00000006fb000000, 0x00000006fb000000, 0x00000006fe4e0000)
  from space 6720K,  70% used [0x00000006fe4e0000, 0x00000006fe97ae50, 0x00000006feb70000)
  to   space 6720K,   0% used [0x00000006feb70000, 0x00000006feb70000, 0x00000006ff200000)
 concurrent mark-sweep generation total 135168K, used 33863K [0x0000000724990000, 0x000000072cd90000, 0x00000007c0000000)
 Metaspace       used 65265K, capacity 68561K, committed 68612K, reserved 1110016K
  class space    used 8433K, capacity 8981K, committed 9004K, reserved 1048576K
}
2020-12-20T10:02:06.873+0000: 20.205: Total time for which application threads were stopped: 0.0065097 seconds, Stopping threads took: 0.0000420 seconds
{Heap before GC invocations=108 (full 3):
 par new generation   total 60864K, used 58859K [0x00000006fb000000, 0x00000006ff200000, 0x0000000724990000)
  eden space 54144K, 100% used [0x00000006fb000000, 0x00000006fe4e0000, 0x00000006fe4e0000)
  from space 6720K,  70% used [0x00000006fe4e0000, 0x00000006fe97ae50, 0x00000006feb70000)
  to   space 6720K,   0% used [0x00000006feb70000, 0x00000006feb70000, 0x00000006ff200000)
 concurrent mark-sweep generation total 135168K, used 33863K [0x0000000724990000, 0x000000072cd90000, 0x00000007c0000000)
 Metaspace       used 65907K, capacity 69263K, committed 69508K, reserved 1110016K
  class space    used 8519K, capacity 9096K, committed 9132K, reserved 1048576K
2020-12-20T10:02:07.181+0000: 20.513: [GC (Allocation Failure) 2020-12-20T10:02:07.181+0000: 20.513: [ParNew
Desired survivor size 3440640 bytes, new threshold 4 (max 6)
- age   1:    1692392 bytes,    1692392 total
- age   2:    1293224 bytes,    2985616 total
- age   3:     302456 bytes,    3288072 total
- age   4:     871936 bytes,    4160008 total
- age   5:     330816 bytes,    4490824 total
: 58859K->6176K(60864K), 0.0075526 secs] 92723K->40857K(196032K), 0.0077255 secs] [Times: user=0.06 sys=0.00, real=0.01 secs] 
Heap after GC invocations=109 (full 3):
 par new generation   total 60864K, used 6176K [0x00000006fb000000, 0x00000006ff200000, 0x0000000724990000)
  eden space 54144K,   0% used [0x00000006fb000000, 0x00000006fb000000, 0x00000006fe4e0000)
  from space 6720K,  91% used [0x00000006feb70000, 0x00000006ff178000, 0x00000006ff200000)
  to   space 6720K,   0% used [0x00000006fe4e0000, 0x00000006fe4e0000, 0x00000006feb70000)
 concurrent mark-sweep generation total 135168K, used 34681K [0x0000000724990000, 0x000000072cd90000, 0x00000007c0000000)
 Metaspace       used 65907K, capacity 69263K, committed 69508K, reserved 1110016K
  class space    used 8519K, capacity 9096K, committed 9132K, reserved 1048576K
}
2020-12-20T10:02:07.189+0000: 20.520: Total time for which application threads were stopped: 0.0080548 seconds, Stopping threads took: 0.0000542 seconds
{Heap before GC invocations=109 (full 3):
 par new generation   total 60864K, used 60320K [0x00000006fb000000, 0x00000006ff200000, 0x0000000724990000)
  eden space 54144K, 100% used [0x00000006fb000000, 0x00000006fe4e0000, 0x00000006fe4e0000)
  from space 6720K,  91% used [0x00000006feb70000, 0x00000006ff178000, 0x00000006ff200000)
  to   space 6720K,   0% used [0x00000006fe4e0000, 0x00000006fe4e0000, 0x00000006feb70000)
 concurrent mark-sweep generation total 135168K, used 34681K [0x0000000724990000, 0x000000072cd90000, 0x00000007c0000000)
 Metaspace       used 66457K, capacity 69813K, committed 70020K, reserved 1110016K
  class space    used 8548K, capacity 9113K, committed 9132K, reserved 1048576K
2020-12-20T10:02:07.522+0000: 20.853: [GC (Allocation Failure) 2020-12-20T10:02:07.522+0000: 20.853: [ParNew
Desired survivor size 3440640 bytes, new threshold 2 (max 6)
- age   1:    2044968 bytes,    2044968 total
- age   2:    1401152 bytes,    3446120 total
- age   3:    1289944 bytes,    4736064 total
- age   4:     302456 bytes,    5038520 total
: 60320K->6720K(60864K), 0.0250903 secs] 95001K->42727K(196032K), 0.0252664 secs] [Times: user=0.13 sys=0.01, real=0.03 secs] 
Heap after GC invocations=110 (full 3):
 par new generation   total 60864K, used 6720K [0x00000006fb000000, 0x00000006ff200000, 0x0000000724990000)
  eden space 54144K,   0% used [0x00000006fb000000, 0x00000006fb000000, 0x00000006fe4e0000)
  from space 6720K, 100% used [0x00000006fe4e0000, 0x00000006feb70000, 0x00000006feb70000)
  to   space 6720K,   0% used [0x00000006feb70000, 0x00000006feb70000, 0x00000006ff200000)
 concurrent mark-sweep generation total 135168K, used 36007K [0x0000000724990000, 0x000000072cd90000, 0x00000007c0000000)
 Metaspace       used 66457K, capacity 69813K, committed 70020K, reserved 1110016K
  class space    used 8548K, capacity 9113K, committed 9132K, reserved 1048576K
}
2020-12-20T10:02:07.547+0000: 20.879: Total time for which application threads were stopped: 0.0254929 seconds, Stopping threads took: 0.0000304 seconds
2020-12-20T10:02:07.559+0000: 20.891: Total time for which application threads were stopped: 0.0011523 seconds, Stopping threads took: 0.0001861 seconds
2020-12-20T10:02:07.561+0000: 20.892: Total time for which application threads were stopped: 0.0008185 seconds, Stopping threads took: 0.0000244 seconds
{Heap before GC invocations=110 (full 3):
 par new generation   total 60864K, used 60864K [0x00000006fb000000, 0x00000006ff200000, 0x0000000724990000)
  eden space 54144K, 100% used [0x00000006fb000000, 0x00000006fe4e0000, 0x00000006fe4e0000)
  from space 6720K, 100% used [0x00000006fe4e0000, 0x00000006feb70000, 0x00000006feb70000)
  to   space 6720K,   0% used [0x00000006feb70000, 0x00000006feb70000, 0x00000006ff200000)
 concurrent mark-sweep generation total 135168K, used 36007K [0x0000000724990000, 0x000000072cd90000, 0x00000007c0000000)
 Metaspace       used 68309K, capacity 71741K, committed 72068K, reserved 1112064K
  class space    used 8732K, capacity 9307K, committed 9388K, reserved 1048576K
2020-12-20T10:02:07.828+0000: 21.160: [GC (Allocation Failure) 2020-12-20T10:02:07.828+0000: 21.160: [ParNew
Desired survivor size 3440640 bytes, new threshold 6 (max 6)
- age   1:    1406872 bytes,    1406872 total
- age   2:    2028280 bytes,    3435152 total
: 60864K->5529K(60864K), 0.0146702 secs] 96871K->44543K(196032K), 0.0148238 secs] [Times: user=0.08 sys=0.00, real=0.01 secs] 
Heap after GC invocations=111 (full 3):
 par new generation   total 60864K, used 5529K [0x00000006fb000000, 0x00000006ff200000, 0x0000000724990000)
  eden space 54144K,   0% used [0x00000006fb000000, 0x00000006fb000000, 0x00000006fe4e0000)
  from space 6720K,  82% used [0x00000006feb70000, 0x00000006ff0d6478, 0x00000006ff200000)
  to   space 6720K,   0% used [0x00000006fe4e0000, 0x00000006fe4e0000, 0x00000006feb70000)
 concurrent mark-sweep generation total 135168K, used 39014K [0x0000000724990000, 0x000000072cd90000, 0x00000007c0000000)
 Metaspace       used 68309K, capacity 71741K, committed 72068K, reserved 1112064K
  class space    used 8732K, capacity 9307K, committed 9388K, reserved 1048576K
}
2020-12-20T10:02:07.843+0000: 21.175: Total time for which application threads were stopped: 0.0149958 seconds, Stopping threads took: 0.0000246 seconds
2020-12-20T10:02:08.057+0000: 21.389: Total time for which application threads were stopped: 0.0010803 seconds, Stopping threads took: 0.0000328 seconds
{Heap before GC invocations=111 (full 3):
 par new generation   total 60864K, used 59673K [0x00000006fb000000, 0x00000006ff200000, 0x0000000724990000)
  eden space 54144K, 100% used [0x00000006fb000000, 0x00000006fe4e0000, 0x00000006fe4e0000)
  from space 6720K,  82% used [0x00000006feb70000, 0x00000006ff0d6478, 0x00000006ff200000)
  to   space 6720K,   0% used [0x00000006fe4e0000, 0x00000006fe4e0000, 0x00000006feb70000)
 concurrent mark-sweep generation total 135168K, used 39014K [0x0000000724990000, 0x000000072cd90000, 0x00000007c0000000)
 Metaspace       used 69655K, capacity 73171K, committed 73476K, reserved 1114112K
  class space    used 8871K, capacity 9482K, committed 9516K, reserved 1048576K
2020-12-20T10:02:08.174+0000: 21.506: [GC (Allocation Failure) 2020-12-20T10:02:08.174+0000: 21.506: [ParNew
Desired survivor size 3440640 bytes, new threshold 3 (max 6)
- age   1:    1121504 bytes,    1121504 total
- age   2:     379960 bytes,    1501464 total
- age   3:    2026600 bytes,    3528064 total
: 59673K->4857K(60864K), 0.0094793 secs] 98687K->43871K(196032K), 0.0096456 secs] [Times: user=0.06 sys=0.00, real=0.01 secs] 
Heap after GC invocations=112 (full 3):
 par new generation   total 60864K, used 4857K [0x00000006fb000000, 0x00000006ff200000, 0x0000000724990000)
  eden space 54144K,   0% used [0x00000006fb000000, 0x00000006fb000000, 0x00000006fe4e0000)
  from space 6720K,  72% used [0x00000006fe4e0000, 0x00000006fe99e588, 0x00000006feb70000)
  to   space 6720K,   0% used [0x00000006feb70000, 0x00000006feb70000, 0x00000006ff200000)
 concurrent mark-sweep generation total 135168K, used 39014K [0x0000000724990000, 0x000000072cd90000, 0x00000007c0000000)
 Metaspace       used 69655K, capacity 73171K, committed 73476K, reserved 1114112K
  class space    used 8871K, capacity 9482K, committed 9516K, reserved 1048576K
}
2020-12-20T10:02:08.184+0000: 21.515: Total time for which application threads were stopped: 0.0100550 seconds, Stopping threads took: 0.0000597 seconds
{Heap before GC invocations=112 (full 3):
 par new generation   total 60864K, used 59001K [0x00000006fb000000, 0x00000006ff200000, 0x0000000724990000)
  eden space 54144K, 100% used [0x00000006fb000000, 0x00000006fe4e0000, 0x00000006fe4e0000)
  from space 6720K,  72% used [0x00000006fe4e0000, 0x00000006fe99e588, 0x00000006feb70000)
  to   space 6720K,   0% used [0x00000006feb70000, 0x00000006feb70000, 0x00000006ff200000)
 concurrent mark-sweep generation total 135168K, used 39014K [0x0000000724990000, 0x000000072cd90000, 0x00000007c0000000)
 Metaspace       used 70102K, capacity 73633K, committed 73732K, reserved 1114112K
  class space    used 8908K, capacity 9505K, committed 9516K, reserved 1048576K
2020-12-20T10:02:08.546+0000: 21.877: [GC (Allocation Failure) 2020-12-20T10:02:08.546+0000: 21.877: [ParNew
Desired survivor size 3440640 bytes, new threshold 6 (max 6)
- age   1:    1449176 bytes,    1449176 total
- age   2:     675384 bytes,    2124560 total
- age   3:     374760 bytes,    2499320 total
: 59001K->4017K(60864K), 0.0121248 secs] 98015K->45064K(196032K), 0.0122870 secs] [Times: user=0.07 sys=0.00, real=0.01 secs] 
Heap after GC invocations=113 (full 3):
 par new generation   total 60864K, used 4017K [0x00000006fb000000, 0x00000006ff200000, 0x0000000724990000)
  eden space 54144K,   0% used [0x00000006fb000000, 0x00000006fb000000, 0x00000006fe4e0000)
  from space 6720K,  59% used [0x00000006feb70000, 0x00000006fef5c6f8, 0x00000006ff200000)
  to   space 6720K,   0% used [0x00000006fe4e0000, 0x00000006fe4e0000, 0x00000006feb70000)
 concurrent mark-sweep generation total 135168K, used 41047K [0x0000000724990000, 0x000000072cd90000, 0x00000007c0000000)
 Metaspace       used 70102K, capacity 73633K, committed 73732K, reserved 1114112K
  class space    used 8908K, capacity 9505K, committed 9516K, reserved 1048576K
}
2020-12-20T10:02:08.558+0000: 21.889: Total time for which application threads were stopped: 0.0125636 seconds, Stopping threads took: 0.0000345 seconds
{Heap before GC invocations=113 (full 3):
 par new generation   total 60864K, used 58161K [0x00000006fb000000, 0x00000006ff200000, 0x0000000724990000)
  eden space 54144K, 100% used [0x00000006fb000000, 0x00000006fe4e0000, 0x00000006fe4e0000)
  from space 6720K,  59% used [0x00000006feb70000, 0x00000006fef5c6f8, 0x00000006ff200000)
  to   space 6720K,   0% used [0x00000006fe4e0000, 0x00000006fe4e0000, 0x00000006feb70000)
 concurrent mark-sweep generation total 135168K, used 41047K [0x0000000724990000, 0x000000072cd90000, 0x00000007c0000000)
 Metaspace       used 70567K, capacity 74203K, committed 74372K, reserved 1114112K
  class space    used 8943K, capacity 9562K, committed 9644K, reserved 1048576K
2020-12-20T10:02:08.859+0000: 22.191: [GC (Allocation Failure) 2020-12-20T10:02:08.859+0000: 22.191: [ParNew
Desired survivor size 3440640 bytes, new threshold 4 (max 6)
- age   1:    1164912 bytes,    1164912 total
- age   2:    1292440 bytes,    2457352 total
- age   3:     674400 bytes,    3131752 total
- age   4:     373880 bytes,    3505632 total
: 58161K->3566K(60864K), 0.0067975 secs] 99208K->44613K(196032K), 0.0069598 secs] [Times: user=0.05 sys=0.00, real=0.01 secs] 
Heap after GC invocations=114 (full 3):
 par new generation   total 60864K, used 3566K [0x00000006fb000000, 0x00000006ff200000, 0x0000000724990000)
  eden space 54144K,   0% used [0x00000006fb000000, 0x00000006fb000000, 0x00000006fe4e0000)
  from space 6720K,  53% used [0x00000006fe4e0000, 0x00000006fe85b8b8, 0x00000006feb70000)
  to   space 6720K,   0% used [0x00000006feb70000, 0x00000006feb70000, 0x00000006ff200000)
 concurrent mark-sweep generation total 135168K, used 41047K [0x0000000724990000, 0x000000072cd90000, 0x00000007c0000000)
 Metaspace       used 70567K, capacity 74203K, committed 74372K, reserved 1114112K
  class space    used 8943K, capacity 9562K, committed 9644K, reserved 1048576K
}
2020-12-20T10:02:08.866+0000: 22.198: Total time for which application threads were stopped: 0.0072482 seconds, Stopping threads took: 0.0000429 seconds
{Heap before GC invocations=114 (full 3):
 par new generation   total 60864K, used 57710K [0x00000006fb000000, 0x00000006ff200000, 0x0000000724990000)
  eden space 54144K, 100% used [0x00000006fb000000, 0x00000006fe4e0000, 0x00000006fe4e0000)
  from space 6720K,  53% used [0x00000006fe4e0000, 0x00000006fe85b8b8, 0x00000006feb70000)
  to   space 6720K,   0% used [0x00000006feb70000, 0x00000006feb70000, 0x00000006ff200000)
 concurrent mark-sweep generation total 135168K, used 41047K [0x0000000724990000, 0x000000072cd90000, 0x00000007c0000000)
 Metaspace       used 71047K, capacity 74723K, committed 74884K, reserved 1114112K
  class space    used 8992K, capacity 9616K, committed 9644K, reserved 1048576K
2020-12-20T10:02:09.220+0000: 22.551: [GC (Allocation Failure) 2020-12-20T10:02:09.220+0000: 22.552: [ParNew
Desired survivor size 3440640 bytes, new threshold 3 (max 6)
- age   1:    1944368 bytes,    1944368 total
- age   2:    1071080 bytes,    3015448 total
- age   3:    1285400 bytes,    4300848 total
- age   4:     674376 bytes,    4975224 total
: 57710K->6324K(60864K), 0.0107362 secs] 98757K->47745K(196032K), 0.0109810 secs] [Times: user=0.08 sys=0.00, real=0.01 secs] 
Heap after GC invocations=115 (full 3):
 par new generation   total 60864K, used 6324K [0x00000006fb000000, 0x00000006ff200000, 0x0000000724990000)
  eden space 54144K,   0% used [0x00000006fb000000, 0x00000006fb000000, 0x00000006fe4e0000)
  from space 6720K,  94% used [0x00000006feb70000, 0x00000006ff19d258, 0x00000006ff200000)
  to   space 6720K,   0% used [0x00000006fe4e0000, 0x00000006fe4e0000, 0x00000006feb70000)
 concurrent mark-sweep generation total 135168K, used 41420K [0x0000000724990000, 0x000000072cd90000, 0x00000007c0000000)
 Metaspace       used 71047K, capacity 74723K, committed 74884K, reserved 1114112K
  class space    used 8992K, capacity 9616K, committed 9644K, reserved 1048576K
}
2020-12-20T10:02:09.231+0000: 22.563: Total time for which application threads were stopped: 0.0113611 seconds, Stopping threads took: 0.0000492 seconds
2020-12-20T10:02:09.234+0000: 22.566: Total time for which application threads were stopped: 0.0011790 seconds, Stopping threads took: 0.0000596 seconds
{Heap before GC invocations=115 (full 3):
 par new generation   total 60864K, used 60468K [0x00000006fb000000, 0x00000006ff200000, 0x0000000724990000)
  eden space 54144K, 100% used [0x00000006fb000000, 0x00000006fe4e0000, 0x00000006fe4e0000)
  from space 6720K,  94% used [0x00000006feb70000, 0x00000006ff19d258, 0x00000006ff200000)
  to   space 6720K,   0% used [0x00000006fe4e0000, 0x00000006fe4e0000, 0x00000006feb70000)
 concurrent mark-sweep generation total 135168K, used 41420K [0x0000000724990000, 0x000000072cd90000, 0x00000007c0000000)
 Metaspace       used 71423K, capacity 75143K, committed 75396K, reserved 1116160K
  class space    used 9011K, capacity 9620K, committed 9644K, reserved 1048576K
2020-12-20T10:02:09.484+0000: 22.815: [GC (Allocation Failure) 2020-12-20T10:02:09.484+0000: 22.815: [ParNew
Desired survivor size 3440640 bytes, new threshold 3 (max 6)
- age   1:     959336 bytes,     959336 total
- age   2:    1852296 bytes,    2811632 total
- age   3:    1067624 bytes,    3879256 total
: 60468K->6499K(60864K), 0.0091922 secs] 101889K->49889K(196032K), 0.0093430 secs] [Times: user=0.06 sys=0.00, real=0.01 secs] 
Heap after GC invocations=116 (full 3):
 par new generation   total 60864K, used 6499K [0x00000006fb000000, 0x00000006ff200000, 0x0000000724990000)
  eden space 54144K,   0% used [0x00000006fb000000, 0x00000006fb000000, 0x00000006fe4e0000)
  from space 6720K,  96% used [0x00000006fe4e0000, 0x00000006feb38df0, 0x00000006feb70000)
  to   space 6720K,   0% used [0x00000006feb70000, 0x00000006feb70000, 0x00000006ff200000)
 concurrent mark-sweep generation total 135168K, used 43390K [0x0000000724990000, 0x000000072cd90000, 0x00000007c0000000)
 Metaspace       used 71423K, capacity 75143K, committed 75396K, reserved 1116160K
  class space    used 9011K, capacity 9620K, committed 9644K, reserved 1048576K
}
2020-12-20T10:02:09.493+0000: 22.825: Total time for which application threads were stopped: 0.0096505 seconds, Stopping threads took: 0.0001115 seconds
2020-12-20T10:02:09.514+0000: 22.846: Total time for which application threads were stopped: 0.0010306 seconds, Stopping threads took: 0.0000445 seconds
{Heap before GC invocations=116 (full 3):
 par new generation   total 60864K, used 60643K [0x00000006fb000000, 0x00000006ff200000, 0x0000000724990000)
  eden space 54144K, 100% used [0x00000006fb000000, 0x00000006fe4e0000, 0x00000006fe4e0000)
  from space 6720K,  96% used [0x00000006fe4e0000, 0x00000006feb38df0, 0x00000006feb70000)
  to   space 6720K,   0% used [0x00000006feb70000, 0x00000006feb70000, 0x00000006ff200000)
 concurrent mark-sweep generation total 135168K, used 43390K [0x0000000724990000, 0x000000072cd90000, 0x00000007c0000000)
 Metaspace       used 71940K, capacity 75651K, committed 75780K, reserved 1116160K
  class space    used 9055K, capacity 9670K, committed 9772K, reserved 1048576K
2020-12-20T10:02:09.799+0000: 23.130: [GC (Allocation Failure) 2020-12-20T10:02:09.799+0000: 23.130: [ParNew
Desired survivor size 3440640 bytes, new threshold 3 (max 6)
- age   1:    1487416 bytes,    1487416 total
- age   2:     938208 bytes,    2425624 total
- age   3:    1849152 bytes,    4274776 total
: 60643K->5045K(60864K), 0.0112842 secs] 104033K->49510K(196032K), 0.0114607 secs] [Times: user=0.07 sys=0.01, real=0.01 secs] 
Heap after GC invocations=117 (full 3):
 par new generation   total 60864K, used 5045K [0x00000006fb000000, 0x00000006ff200000, 0x0000000724990000)
  eden space 54144K,   0% used [0x00000006fb000000, 0x00000006fb000000, 0x00000006fe4e0000)
  from space 6720K,  75% used [0x00000006feb70000, 0x00000006ff05d748, 0x00000006ff200000)
  to   space 6720K,   0% used [0x00000006fe4e0000, 0x00000006fe4e0000, 0x00000006feb70000)
 concurrent mark-sweep generation total 135168K, used 44464K [0x0000000724990000, 0x000000072cd90000, 0x00000007c0000000)
 Metaspace       used 71940K, capacity 75651K, committed 75780K, reserved 1116160K
  class space    used 9055K, capacity 9670K, committed 9772K, reserved 1048576K
}
2020-12-20T10:02:09.810+0000: 23.142: Total time for which application threads were stopped: 0.0117516 seconds, Stopping threads took: 0.0000332 seconds
{Heap before GC invocations=117 (full 3):
 par new generation   total 60864K, used 59189K [0x00000006fb000000, 0x00000006ff200000, 0x0000000724990000)
  eden space 54144K, 100% used [0x00000006fb000000, 0x00000006fe4e0000, 0x00000006fe4e0000)
  from space 6720K,  75% used [0x00000006feb70000, 0x00000006ff05d748, 0x00000006ff200000)
  to   space 6720K,   0% used [0x00000006fe4e0000, 0x00000006fe4e0000, 0x00000006feb70000)
 concurrent mark-sweep generation total 135168K, used 44464K [0x0000000724990000, 0x000000072cd90000, 0x00000007c0000000)
 Metaspace       used 72741K, capacity 76467K, committed 76548K, reserved 1116160K
  class space    used 9126K, capacity 9770K, committed 9772K, reserved 1048576K
2020-12-20T10:02:10.063+0000: 23.395: [GC (Allocation Failure) 2020-12-20T10:02:10.063+0000: 23.395: [ParNew
Desired survivor size 3440640 bytes, new threshold 6 (max 6)
- age   1:     963432 bytes,     963432 total
- age   2:    1424472 bytes,    2387904 total
- age   3:     936800 bytes,    3324704 total
: 59189K->4946K(60864K), 0.0207341 secs] 103654K->51256K(196032K), 0.0208868 secs] [Times: user=0.15 sys=0.00, real=0.02 secs] 
Heap after GC invocations=118 (full 3):
 par new generation   total 60864K, used 4946K [0x00000006fb000000, 0x00000006ff200000, 0x0000000724990000)
  eden space 54144K,   0% used [0x00000006fb000000, 0x00000006fb000000, 0x00000006fe4e0000)
  from space 6720K,  73% used [0x00000006fe4e0000, 0x00000006fe9b4b70, 0x00000006feb70000)
  to   space 6720K,   0% used [0x00000006feb70000, 0x00000006feb70000, 0x00000006ff200000)
 concurrent mark-sweep generation total 135168K, used 46310K [0x0000000724990000, 0x000000072cd90000, 0x00000007c0000000)
 Metaspace       used 72741K, capacity 76467K, committed 76548K, reserved 1116160K
  class space    used 9126K, capacity 9770K, committed 9772K, reserved 1048576K
}
2020-12-20T10:02:10.084+0000: 23.416: Total time for which application threads were stopped: 0.0211513 seconds, Stopping threads took: 0.0000357 seconds
2020-12-20T10:02:10.315+0000: 23.647: Total time for which application threads were stopped: 0.0009600 seconds, Stopping threads took: 0.0000336 seconds
{Heap before GC invocations=118 (full 3):
 par new generation   total 60864K, used 59090K [0x00000006fb000000, 0x00000006ff200000, 0x0000000724990000)
  eden space 54144K, 100% used [0x00000006fb000000, 0x00000006fe4e0000, 0x00000006fe4e0000)
  from space 6720K,  73% used [0x00000006fe4e0000, 0x00000006fe9b4b70, 0x00000006feb70000)
  to   space 6720K,   0% used [0x00000006feb70000, 0x00000006feb70000, 0x00000006ff200000)
 concurrent mark-sweep generation total 135168K, used 46310K [0x0000000724990000, 0x000000072cd90000, 0x00000007c0000000)
 Metaspace       used 73968K, capacity 77885K, committed 78084K, reserved 1118208K
  class space    used 9291K, capacity 9975K, committed 10028K, reserved 1048576K
2020-12-20T10:02:10.426+0000: 23.757: [GC (Allocation Failure) 2020-12-20T10:02:10.426+0000: 23.758: [ParNew
Desired survivor size 3440640 bytes, new threshold 3 (max 6)
- age   1:    2307008 bytes,    2307008 total
- age   2:     601120 bytes,    2908128 total
- age   3:    1418952 bytes,    4327080 total
- age   4:     935920 bytes,    5263000 total
: 59090K->6007K(60864K), 0.0082169 secs] 105400K->52317K(196032K), 0.0083925 secs] [Times: user=0.05 sys=0.00, real=0.00 secs] 
Heap after GC invocations=119 (full 3):
 par new generation   total 60864K, used 6007K [0x00000006fb000000, 0x00000006ff200000, 0x0000000724990000)
  eden space 54144K,   0% used [0x00000006fb000000, 0x00000006fb000000, 0x00000006fe4e0000)
  from space 6720K,  89% used [0x00000006feb70000, 0x00000006ff14de40, 0x00000006ff200000)
  to   space 6720K,   0% used [0x00000006fe4e0000, 0x00000006fe4e0000, 0x00000006feb70000)
 concurrent mark-sweep generation total 135168K, used 46310K [0x0000000724990000, 0x000000072cd90000, 0x00000007c0000000)
 Metaspace       used 73968K, capacity 77885K, committed 78084K, reserved 1118208K
  class space    used 9291K, capacity 9975K, committed 10028K, reserved 1048576K
}
2020-12-20T10:02:10.434+0000: 23.766: Total time for which application threads were stopped: 0.0086636 seconds, Stopping threads took: 0.0000398 seconds
2020-12-20T10:02:10.489+0000: 23.820: Total time for which application threads were stopped: 0.0011489 seconds, Stopping threads took: 0.0000402 seconds
{Heap before GC invocations=119 (full 3):
 par new generation   total 60864K, used 60151K [0x00000006fb000000, 0x00000006ff200000, 0x0000000724990000)
  eden space 54144K, 100% used [0x00000006fb000000, 0x00000006fe4e0000, 0x00000006fe4e0000)
  from space 6720K,  89% used [0x00000006feb70000, 0x00000006ff14de40, 0x00000006ff200000)
  to   space 6720K,   0% used [0x00000006fe4e0000, 0x00000006fe4e0000, 0x00000006feb70000)
 concurrent mark-sweep generation total 135168K, used 46310K [0x0000000724990000, 0x000000072cd90000, 0x00000007c0000000)
 Metaspace       used 74392K, capacity 78333K, committed 78468K, reserved 1118208K
  class space    used 9347K, capacity 10039K, committed 10156K, reserved 1048576K
2020-12-20T10:02:10.768+0000: 24.100: [GC (Allocation Failure) 2020-12-20T10:02:10.768+0000: 24.100: [ParNew
Desired survivor size 3440640 bytes, new threshold 2 (max 6)
- age   1:    2084680 bytes,    2084680 total
- age   2:    1358432 bytes,    3443112 total
- age   3:     598184 bytes,    4041296 total
: 60151K->5616K(60864K), 0.0118502 secs] 106461K->54293K(196032K), 0.0120194 secs] [Times: user=0.07 sys=0.00, real=0.01 secs] 
Heap after GC invocations=120 (full 3):
 par new generation   total 60864K, used 5616K [0x00000006fb000000, 0x00000006ff200000, 0x0000000724990000)
  eden space 54144K,   0% used [0x00000006fb000000, 0x00000006fb000000, 0x00000006fe4e0000)
  from space 6720K,  83% used [0x00000006fe4e0000, 0x00000006fea5c158, 0x00000006feb70000)
  to   space 6720K,   0% used [0x00000006feb70000, 0x00000006feb70000, 0x00000006ff200000)
 concurrent mark-sweep generation total 135168K, used 48677K [0x0000000724990000, 0x000000072cd90000, 0x00000007c0000000)
 Metaspace       used 74392K, capacity 78333K, committed 78468K, reserved 1118208K
  class space    used 9347K, capacity 10039K, committed 10156K, reserved 1048576K
}
2020-12-20T10:02:10.780+0000: 24.112: Total time for which application threads were stopped: 0.0122325 seconds, Stopping threads took: 0.0000357 seconds
{Heap before GC invocations=120 (full 3):
 par new generation   total 60864K, used 59760K [0x00000006fb000000, 0x00000006ff200000, 0x0000000724990000)
  eden space 54144K, 100% used [0x00000006fb000000, 0x00000006fe4e0000, 0x00000006fe4e0000)
  from space 6720K,  83% used [0x00000006fe4e0000, 0x00000006fea5c158, 0x00000006feb70000)
  to   space 6720K,   0% used [0x00000006feb70000, 0x00000006feb70000, 0x00000006ff200000)
 concurrent mark-sweep generation total 135168K, used 48677K [0x0000000724990000, 0x000000072cd90000, 0x00000007c0000000)
 Metaspace       used 75051K, capacity 78991K, committed 79236K, reserved 1118208K
  class space    used 9426K, capacity 10106K, committed 10156K, reserved 1048576K
2020-12-20T10:02:10.972+0000: 24.304: [GC (Allocation Failure) 2020-12-20T10:02:10.972+0000: 24.304: [ParNew
Desired survivor size 3440640 bytes, new threshold 6 (max 6)
- age   1:    1344928 bytes,    1344928 total
- age   2:      71304 bytes,    1416232 total
: 59760K->2359K(60864K), 0.0118175 secs] 108437K->52980K(196032K), 0.0120160 secs] [Times: user=0.08 sys=0.00, real=0.01 secs] 
Heap after GC invocations=121 (full 3):
 par new generation   total 60864K, used 2359K [0x00000006fb000000, 0x00000006ff200000, 0x0000000724990000)
  eden space 54144K,   0% used [0x00000006fb000000, 0x00000006fb000000, 0x00000006fe4e0000)
  from space 6720K,  35% used [0x00000006feb70000, 0x00000006fedbddc0, 0x00000006ff200000)
  to   space 6720K,   0% used [0x00000006fe4e0000, 0x00000006fe4e0000, 0x00000006feb70000)
 concurrent mark-sweep generation total 135168K, used 50620K [0x0000000724990000, 0x000000072cd90000, 0x00000007c0000000)
 Metaspace       used 75051K, capacity 78991K, committed 79236K, reserved 1118208K
  class space    used 9426K, capacity 10106K, committed 10156K, reserved 1048576K
}
2020-12-20T10:02:10.984+0000: 24.316: Total time for which application threads were stopped: 0.0122973 seconds, Stopping threads took: 0.0000425 seconds
2020-12-20T10:02:11.098+0000: 24.430: Total time for which application threads were stopped: 0.0010929 seconds, Stopping threads took: 0.0000315 seconds
2020-12-20T10:02:11.147+0000: 24.478: Total time for which application threads were stopped: 0.0010223 seconds, Stopping threads took: 0.0000300 seconds
{Heap before GC invocations=121 (full 3):
 par new generation   total 60864K, used 56503K [0x00000006fb000000, 0x00000006ff200000, 0x0000000724990000)
  eden space 54144K, 100% used [0x00000006fb000000, 0x00000006fe4e0000, 0x00000006fe4e0000)
  from space 6720K,  35% used [0x00000006feb70000, 0x00000006fedbddc0, 0x00000006ff200000)
  to   space 6720K,   0% used [0x00000006fe4e0000, 0x00000006fe4e0000, 0x00000006feb70000)
 concurrent mark-sweep generation total 135168K, used 50620K [0x0000000724990000, 0x000000072cd90000, 0x00000007c0000000)
 Metaspace       used 75908K, capacity 79839K, committed 80132K, reserved 1120256K
  class space    used 9518K, capacity 10214K, committed 10284K, reserved 1048576K
2020-12-20T10:02:11.307+0000: 24.639: [GC (Allocation Failure) 2020-12-20T10:02:11.307+0000: 24.639: [ParNew
Desired survivor size 3440640 bytes, new threshold 6 (max 6)
- age   1:    1129000 bytes,    1129000 total
- age   2:     748144 bytes,    1877144 total
- age   3:      70888 bytes,    1948032 total
: 56503K->2282K(60864K), 0.0090231 secs] 107124K->52902K(196032K), 0.0091778 secs] [Times: user=0.07 sys=0.00, real=0.01 secs] 
Heap after GC invocations=122 (full 3):
 par new generation   total 60864K, used 2282K [0x00000006fb000000, 0x00000006ff200000, 0x0000000724990000)
  eden space 54144K,   0% used [0x00000006fb000000, 0x00000006fb000000, 0x00000006fe4e0000)
  from space 6720K,  33% used [0x00000006fe4e0000, 0x00000006fe71a808, 0x00000006feb70000)
  to   space 6720K,   0% used [0x00000006feb70000, 0x00000006feb70000, 0x00000006ff200000)
 concurrent mark-sweep generation total 135168K, used 50620K [0x0000000724990000, 0x000000072cd90000, 0x00000007c0000000)
 Metaspace       used 75908K, capacity 79839K, committed 80132K, reserved 1120256K
  class space    used 9518K, capacity 10214K, committed 10284K, reserved 1048576K
}
2020-12-20T10:02:11.317+0000: 24.648: Total time for which application threads were stopped: 0.0094044 seconds, Stopping threads took: 0.0000379 seconds
2020-12-20T10:02:11.466+0000: 24.798: Total time for which application threads were stopped: 0.0010951 seconds, Stopping threads took: 0.0000394 seconds
2020-12-20T10:02:11.484+0000: 24.815: Total time for which application threads were stopped: 0.0015866 seconds, Stopping threads took: 0.0000510 seconds
2020-12-20T10:02:11.535+0000: 24.866: Total time for which application threads were stopped: 0.0013241 seconds, Stopping threads took: 0.0000466 seconds
2020-12-20T10:02:11.567+0000: 24.899: Total time for which application threads were stopped: 0.0009548 seconds, Stopping threads took: 0.0000338 seconds
{Heap before GC invocations=122 (full 3):
 par new generation   total 60864K, used 56426K [0x00000006fb000000, 0x00000006ff200000, 0x0000000724990000)
  eden space 54144K, 100% used [0x00000006fb000000, 0x00000006fe4e0000, 0x00000006fe4e0000)
  from space 6720K,  33% used [0x00000006fe4e0000, 0x00000006fe71a808, 0x00000006feb70000)
  to   space 6720K,   0% used [0x00000006feb70000, 0x00000006feb70000, 0x00000006ff200000)
 concurrent mark-sweep generation total 135168K, used 50620K [0x0000000724990000, 0x000000072cd90000, 0x00000007c0000000)
 Metaspace       used 76389K, capacity 80329K, committed 80644K, reserved 1120256K
  class space    used 9583K, capacity 10249K, committed 10284K, reserved 1048576K
2020-12-20T10:02:11.576+0000: 24.908: [GC (Allocation Failure) 2020-12-20T10:02:11.576+0000: 24.908: [ParNew
Desired survivor size 3440640 bytes, new threshold 6 (max 6)
- age   1:    1570392 bytes,    1570392 total
- age   2:     993744 bytes,    2564136 total
- age   3:     746808 bytes,    3310944 total
- age   4:      70888 bytes,    3381832 total
: 56426K->3772K(60864K), 0.0117313 secs] 107046K->54393K(196032K), 0.0120410 secs] [Times: user=0.06 sys=0.01, real=0.01 secs] 
Heap after GC invocations=123 (full 3):
 par new generation   total 60864K, used 3772K [0x00000006fb000000, 0x00000006ff200000, 0x0000000724990000)
  eden space 54144K,   0% used [0x00000006fb000000, 0x00000006fb000000, 0x00000006fe4e0000)
  from space 6720K,  56% used [0x00000006feb70000, 0x00000006fef1f130, 0x00000006ff200000)
  to   space 6720K,   0% used [0x00000006fe4e0000, 0x00000006fe4e0000, 0x00000006feb70000)
 concurrent mark-sweep generation total 135168K, used 50620K [0x0000000724990000, 0x000000072cd90000, 0x00000007c0000000)
 Metaspace       used 76389K, capacity 80329K, committed 80644K, reserved 1120256K
  class space    used 9583K, capacity 10249K, committed 10284K, reserved 1048576K
}
2020-12-20T10:02:11.588+0000: 24.920: Total time for which application threads were stopped: 0.0123278 seconds, Stopping threads took: 0.0000509 seconds
{Heap before GC invocations=123 (full 3):
 par new generation   total 60864K, used 57916K [0x00000006fb000000, 0x00000006ff200000, 0x0000000724990000)
  eden space 54144K, 100% used [0x00000006fb000000, 0x00000006fe4e0000, 0x00000006fe4e0000)
  from space 6720K,  56% used [0x00000006feb70000, 0x00000006fef1f130, 0x00000006ff200000)
  to   space 6720K,   0% used [0x00000006fe4e0000, 0x00000006fe4e0000, 0x00000006feb70000)
 concurrent mark-sweep generation total 135168K, used 50620K [0x0000000724990000, 0x000000072cd90000, 0x00000007c0000000)
 Metaspace       used 76794K, capacity 80771K, committed 81028K, reserved 1120256K
  class space    used 9633K, capacity 10328K, committed 10412K, reserved 1048576K
2020-12-20T10:02:11.881+0000: 25.213: [GC (Allocation Failure) 2020-12-20T10:02:11.881+0000: 25.213: [ParNew
Desired survivor size 3440640 bytes, new threshold 5 (max 6)
- age   1:    1285248 bytes,    1285248 total
- age   2:     416720 bytes,    1701968 total
- age   3:     989128 bytes,    2691096 total
- age   4:     746696 bytes,    3437792 total
- age   5:      70960 bytes,    3508752 total
: 57916K->4803K(60864K), 0.0163925 secs] 108537K->55424K(196032K), 0.0165891 secs] [Times: user=0.14 sys=0.00, real=0.02 secs] 
Heap after GC invocations=124 (full 3):
 par new generation   total 60864K, used 4803K [0x00000006fb000000, 0x00000006ff200000, 0x0000000724990000)
  eden space 54144K,   0% used [0x00000006fb000000, 0x00000006fb000000, 0x00000006fe4e0000)
  from space 6720K,  71% used [0x00000006fe4e0000, 0x00000006fe990ea0, 0x00000006feb70000)
  to   space 6720K,   0% used [0x00000006feb70000, 0x00000006feb70000, 0x00000006ff200000)
 concurrent mark-sweep generation total 135168K, used 50620K [0x0000000724990000, 0x000000072cd90000, 0x00000007c0000000)
 Metaspace       used 76794K, capacity 80771K, committed 81028K, reserved 1120256K
  class space    used 9633K, capacity 10328K, committed 10412K, reserved 1048576K
}
2020-12-20T10:02:11.898+0000: 25.229: Total time for which application threads were stopped: 0.0170177 seconds, Stopping threads took: 0.0000488 seconds
{Heap before GC invocations=124 (full 3):
 par new generation   total 60864K, used 58947K [0x00000006fb000000, 0x00000006ff200000, 0x0000000724990000)
  eden space 54144K, 100% used [0x00000006fb000000, 0x00000006fe4e0000, 0x00000006fe4e0000)
  from space 6720K,  71% used [0x00000006fe4e0000, 0x00000006fe990ea0, 0x00000006feb70000)
  to   space 6720K,   0% used [0x00000006feb70000, 0x00000006feb70000, 0x00000006ff200000)
 concurrent mark-sweep generation total 135168K, used 50620K [0x0000000724990000, 0x000000072cd90000, 0x00000007c0000000)
 Metaspace       used 77380K, capacity 81453K, committed 81540K, reserved 1120256K
  class space    used 9704K, capacity 10399K, committed 10412K, reserved 1048576K
2020-12-20T10:02:12.144+0000: 25.475: [GC (Allocation Failure) 2020-12-20T10:02:12.144+0000: 25.475: [ParNew
Desired survivor size 3440640 bytes, new threshold 4 (max 6)
- age   1:    1300952 bytes,    1300952 total
- age   2:    1145632 bytes,    2446584 total
- age   3:     415424 bytes,    2862008 total
- age   4:     984656 bytes,    3846664 total
- age   5:     747856 bytes,    4594520 total
: 58947K->6247K(60864K), 0.0114482 secs] 109568K->56941K(196032K), 0.0116082 secs] [Times: user=0.11 sys=0.00, real=0.02 secs] 
Heap after GC invocations=125 (full 3):
 par new generation   total 60864K, used 6247K [0x00000006fb000000, 0x00000006ff200000, 0x0000000724990000)
  eden space 54144K,   0% used [0x00000006fb000000, 0x00000006fb000000, 0x00000006fe4e0000)
  from space 6720K,  92% used [0x00000006feb70000, 0x00000006ff189fa0, 0x00000006ff200000)
  to   space 6720K,   0% used [0x00000006fe4e0000, 0x00000006fe4e0000, 0x00000006feb70000)
 concurrent mark-sweep generation total 135168K, used 50693K [0x0000000724990000, 0x000000072cd90000, 0x00000007c0000000)
 Metaspace       used 77380K, capacity 81453K, committed 81540K, reserved 1120256K
  class space    used 9704K, capacity 10399K, committed 10412K, reserved 1048576K
}
2020-12-20T10:02:12.155+0000: 25.487: Total time for which application threads were stopped: 0.0118507 seconds, Stopping threads took: 0.0000350 seconds
2020-12-20T10:02:12.352+0000: 25.684: Total time for which application threads were stopped: 0.0010373 seconds, Stopping threads took: 0.0000407 seconds
{Heap before GC invocations=125 (full 3):
 par new generation   total 60864K, used 60391K [0x00000006fb000000, 0x00000006ff200000, 0x0000000724990000)
  eden space 54144K, 100% used [0x00000006fb000000, 0x00000006fe4e0000, 0x00000006fe4e0000)
  from space 6720K,  92% used [0x00000006feb70000, 0x00000006ff189fa0, 0x00000006ff200000)
  to   space 6720K,   0% used [0x00000006fe4e0000, 0x00000006fe4e0000, 0x00000006feb70000)
 concurrent mark-sweep generation total 135168K, used 50693K [0x0000000724990000, 0x000000072cd90000, 0x00000007c0000000)
 Metaspace       used 79150K, capacity 83299K, committed 83588K, reserved 1122304K
  class space    used 9912K, capacity 10628K, committed 10668K, reserved 1048576K
2020-12-20T10:02:12.624+0000: 25.955: [GC (Allocation Failure) 2020-12-20T10:02:12.624+0000: 25.955: [ParNew
Desired survivor size 3440640 bytes, new threshold 4 (max 6)
- age   1:    1392312 bytes,    1392312 total
- age   2:     877944 bytes,    2270256 total
- age   3:    1145040 bytes,    3415296 total
- age   4:     415424 bytes,    3830720 total
: 60391K->5750K(60864K), 0.0118148 secs] 111085K->58154K(196032K), 0.0119817 secs] [Times: user=0.06 sys=0.00, real=0.02 secs] 
Heap after GC invocations=126 (full 3):
 par new generation   total 60864K, used 5750K [0x00000006fb000000, 0x00000006ff200000, 0x0000000724990000)
  eden space 54144K,   0% used [0x00000006fb000000, 0x00000006fb000000, 0x00000006fe4e0000)
  from space 6720K,  85% used [0x00000006fe4e0000, 0x00000006fea7d9f8, 0x00000006feb70000)
  to   space 6720K,   0% used [0x00000006feb70000, 0x00000006feb70000, 0x00000006ff200000)
 concurrent mark-sweep generation total 135168K, used 52404K [0x0000000724990000, 0x000000072cd90000, 0x00000007c0000000)
 Metaspace       used 79150K, capacity 83299K, committed 83588K, reserved 1122304K
  class space    used 9912K, capacity 10628K, committed 10668K, reserved 1048576K
}
2020-12-20T10:02:12.636+0000: 25.967: Total time for which application threads were stopped: 0.0123167 seconds, Stopping threads took: 0.0000488 seconds
2020-12-20T10:02:12.894+0000: 26.226: Total time for which application threads were stopped: 0.0011227 seconds, Stopping threads took: 0.0000356 seconds
{Heap before GC invocations=126 (full 3):
 par new generation   total 60864K, used 59894K [0x00000006fb000000, 0x00000006ff200000, 0x0000000724990000)
  eden space 54144K, 100% used [0x00000006fb000000, 0x00000006fe4e0000, 0x00000006fe4e0000)
  from space 6720K,  85% used [0x00000006fe4e0000, 0x00000006fea7d9f8, 0x00000006feb70000)
  to   space 6720K,   0% used [0x00000006feb70000, 0x00000006feb70000, 0x00000006ff200000)
 concurrent mark-sweep generation total 135168K, used 52404K [0x0000000724990000, 0x000000072cd90000, 0x00000007c0000000)
 Metaspace       used 80202K, capacity 84411K, committed 84484K, reserved 1122304K
  class space    used 10011K, capacity 10732K, committed 10796K, reserved 1048576K
2020-12-20T10:02:13.056+0000: 26.388: [GC (Allocation Failure) 2020-12-20T10:02:13.056+0000: 26.388: [ParNew
Desired survivor size 3440640 bytes, new threshold 2 (max 6)
- age   1:    2954152 bytes,    2954152 total
- age   2:     798320 bytes,    3752472 total
- age   3:     642832 bytes,    4395304 total
- age   4:    1137992 bytes,    5533296 total
: 59894K->6720K(60864K), 0.0135626 secs] 112298K->60292K(196032K), 0.0137310 secs] [Times: user=0.08 sys=0.00, real=0.01 secs] 
Heap after GC invocations=127 (full 3):
 par new generation   total 60864K, used 6720K [0x00000006fb000000, 0x00000006ff200000, 0x0000000724990000)
  eden space 54144K,   0% used [0x00000006fb000000, 0x00000006fb000000, 0x00000006fe4e0000)
  from space 6720K, 100% used [0x00000006feb70000, 0x00000006ff200000, 0x00000006ff200000)
  to   space 6720K,   0% used [0x00000006fe4e0000, 0x00000006fe4e0000, 0x00000006feb70000)
 concurrent mark-sweep generation total 135168K, used 53572K [0x0000000724990000, 0x000000072cd90000, 0x00000007c0000000)
 Metaspace       used 80202K, capacity 84411K, committed 84484K, reserved 1122304K
  class space    used 10011K, capacity 10732K, committed 10796K, reserved 1048576K
}
2020-12-20T10:02:13.070+0000: 26.402: Total time for which application threads were stopped: 0.0140196 seconds, Stopping threads took: 0.0000393 seconds
2020-12-20T10:02:13.200+0000: 26.531: Total time for which application threads were stopped: 0.0010726 seconds, Stopping threads took: 0.0000345 seconds
2020-12-20T10:02:13.486+0000: 26.818: Total time for which application threads were stopped: 0.0009252 seconds, Stopping threads took: 0.0000328 seconds
{Heap before GC invocations=127 (full 3):
 par new generation   total 60864K, used 60864K [0x00000006fb000000, 0x00000006ff200000, 0x0000000724990000)
  eden space 54144K, 100% used [0x00000006fb000000, 0x00000006fe4e0000, 0x00000006fe4e0000)
  from space 6720K, 100% used [0x00000006feb70000, 0x00000006ff200000, 0x00000006ff200000)
  to   space 6720K,   0% used [0x00000006fe4e0000, 0x00000006fe4e0000, 0x00000006feb70000)
 concurrent mark-sweep generation total 135168K, used 53572K [0x0000000724990000, 0x000000072cd90000, 0x00000007c0000000)
 Metaspace       used 84369K, capacity 88835K, committed 89092K, reserved 1126400K
  class space    used 10589K, capacity 11440K, committed 11564K, reserved 1048576K
2020-12-20T10:02:13.586+0000: 26.918: [GC (Allocation Failure) 2020-12-20T10:02:13.586+0000: 26.918: [ParNew
Desired survivor size 3440640 bytes, new threshold 1 (max 6)
- age   1:    3740848 bytes,    3740848 total
- age   2:    1455728 bytes,    5196576 total
: 60864K->6720K(60864K), 0.0232072 secs] 114436K->66671K(196032K), 0.0234034 secs] [Times: user=0.11 sys=0.00, real=0.02 secs] 
Heap after GC invocations=128 (full 3):
 par new generation   total 60864K, used 6720K [0x00000006fb000000, 0x00000006ff200000, 0x0000000724990000)
  eden space 54144K,   0% used [0x00000006fb000000, 0x00000006fb000000, 0x00000006fe4e0000)
  from space 6720K, 100% used [0x00000006fe4e0000, 0x00000006feb70000, 0x00000006feb70000)
  to   space 6720K,   0% used [0x00000006feb70000, 0x00000006feb70000, 0x00000006ff200000)
 concurrent mark-sweep generation total 135168K, used 59951K [0x0000000724990000, 0x000000072cd90000, 0x00000007c0000000)
 Metaspace       used 84369K, capacity 88835K, committed 89092K, reserved 1126400K
  class space    used 10589K, capacity 11440K, committed 11564K, reserved 1048576K
}
2020-12-20T10:02:13.610+0000: 26.941: Total time for which application threads were stopped: 0.0238235 seconds, Stopping threads took: 0.0002047 seconds
{Heap before GC invocations=128 (full 3):
 par new generation   total 60864K, used 60864K [0x00000006fb000000, 0x00000006ff200000, 0x0000000724990000)
  eden space 54144K, 100% used [0x00000006fb000000, 0x00000006fe4e0000, 0x00000006fe4e0000)
  from space 6720K, 100% used [0x00000006fe4e0000, 0x00000006feb70000, 0x00000006feb70000)
  to   space 6720K,   0% used [0x00000006feb70000, 0x00000006feb70000, 0x00000006ff200000)
 concurrent mark-sweep generation total 135168K, used 59951K [0x0000000724990000, 0x000000072cd90000, 0x00000007c0000000)
 Metaspace       used 85324K, capacity 89827K, committed 90116K, reserved 1128448K
  class space    used 10651K, capacity 11520K, committed 11564K, reserved 1048576K
2020-12-20T10:02:13.899+0000: 27.231: [GC (Allocation Failure) 2020-12-20T10:02:13.900+0000: 27.231: [ParNew
Desired survivor size 3440640 bytes, new threshold 6 (max 6)
- age   1:    3249536 bytes,    3249536 total
: 60864K->5923K(60864K), 0.0187921 secs] 120815K->70886K(196032K), 0.0189573 secs] [Times: user=0.12 sys=0.00, real=0.02 secs] 
Heap after GC invocations=129 (full 3):
 par new generation   total 60864K, used 5923K [0x00000006fb000000, 0x00000006ff200000, 0x0000000724990000)
  eden space 54144K,   0% used [0x00000006fb000000, 0x00000006fb000000, 0x00000006fe4e0000)
  from space 6720K,  88% used [0x00000006feb70000, 0x00000006ff138e30, 0x00000006ff200000)
  to   space 6720K,   0% used [0x00000006fe4e0000, 0x00000006fe4e0000, 0x00000006feb70000)
 concurrent mark-sweep generation total 135168K, used 64962K [0x0000000724990000, 0x000000072cd90000, 0x00000007c0000000)
 Metaspace       used 85324K, capacity 89827K, committed 90116K, reserved 1128448K
  class space    used 10651K, capacity 11520K, committed 11564K, reserved 1048576K
}
2020-12-20T10:02:13.918+0000: 27.250: Total time for which application threads were stopped: 0.0192368 seconds, Stopping threads took: 0.0000448 seconds
{Heap before GC invocations=129 (full 3):
 par new generation   total 60864K, used 60067K [0x00000006fb000000, 0x00000006ff200000, 0x0000000724990000)
  eden space 54144K, 100% used [0x00000006fb000000, 0x00000006fe4e0000, 0x00000006fe4e0000)
  from space 6720K,  88% used [0x00000006feb70000, 0x00000006ff138e30, 0x00000006ff200000)
  to   space 6720K,   0% used [0x00000006fe4e0000, 0x00000006fe4e0000, 0x00000006feb70000)
 concurrent mark-sweep generation total 135168K, used 64962K [0x0000000724990000, 0x000000072cd90000, 0x00000007c0000000)
 Metaspace       used 86390K, capacity 90837K, committed 91012K, reserved 1128448K
  class space    used 10710K, capacity 11565K, committed 11692K, reserved 1048576K
2020-12-20T10:02:14.240+0000: 27.571: [GC (Allocation Failure) 2020-12-20T10:02:14.240+0000: 27.572: [ParNew
Desired survivor size 3440640 bytes, new threshold 2 (max 6)
- age   1:    2251592 bytes,    2251592 total
- age   2:    1894888 bytes,    4146480 total
: 60067K->5251K(60864K), 0.0091282 secs] 125030K->70214K(196032K), 0.0094809 secs] [Times: user=0.06 sys=0.00, real=0.01 secs] 
Heap after GC invocations=130 (full 3):
 par new generation   total 60864K, used 5251K [0x00000006fb000000, 0x00000006ff200000, 0x0000000724990000)
  eden space 54144K,   0% used [0x00000006fb000000, 0x00000006fb000000, 0x00000006fe4e0000)
  from space 6720K,  78% used [0x00000006fe4e0000, 0x00000006fea00e60, 0x00000006feb70000)
  to   space 6720K,   0% used [0x00000006feb70000, 0x00000006feb70000, 0x00000006ff200000)
 concurrent mark-sweep generation total 135168K, used 64962K [0x0000000724990000, 0x000000072cd90000, 0x00000007c0000000)
 Metaspace       used 86390K, capacity 90837K, committed 91012K, reserved 1128448K
  class space    used 10710K, capacity 11565K, committed 11692K, reserved 1048576K
}
2020-12-20T10:02:14.249+0000: 27.581: Total time for which application threads were stopped: 0.0098050 seconds, Stopping threads took: 0.0000530 seconds
{Heap before GC invocations=130 (full 3):
 par new generation   total 60864K, used 59395K [0x00000006fb000000, 0x00000006ff200000, 0x0000000724990000)
  eden space 54144K, 100% used [0x00000006fb000000, 0x00000006fe4e0000, 0x00000006fe4e0000)
  from space 6720K,  78% used [0x00000006fe4e0000, 0x00000006fea00e60, 0x00000006feb70000)
  to   space 6720K,   0% used [0x00000006feb70000, 0x00000006feb70000, 0x00000006ff200000)
 concurrent mark-sweep generation total 135168K, used 64962K [0x0000000724990000, 0x000000072cd90000, 0x00000007c0000000)
 Metaspace       used 87242K, capacity 91839K, committed 92036K, reserved 1130496K
  class space    used 10792K, capacity 11676K, committed 11692K, reserved 1048576K
2020-12-20T10:02:14.476+0000: 27.808: [GC (Allocation Failure) 2020-12-20T10:02:14.476+0000: 27.808: [ParNew
Desired survivor size 3440640 bytes, new threshold 6 (max 6)
- age   1:     985720 bytes,     985720 total
- age   2:    1489472 bytes,    2475192 total
: 59395K->3852K(60864K), 0.0116369 secs] 124358K->70678K(196032K), 0.0118132 secs] [Times: user=0.08 sys=0.00, real=0.01 secs] 
Heap after GC invocations=131 (full 3):
 par new generation   total 60864K, used 3852K [0x00000006fb000000, 0x00000006ff200000, 0x0000000724990000)
  eden space 54144K,   0% used [0x00000006fb000000, 0x00000006fb000000, 0x00000006fe4e0000)
  from space 6720K,  57% used [0x00000006feb70000, 0x00000006fef33050, 0x00000006ff200000)
  to   space 6720K,   0% used [0x00000006fe4e0000, 0x00000006fe4e0000, 0x00000006feb70000)
 concurrent mark-sweep generation total 135168K, used 66826K [0x0000000724990000, 0x000000072cd90000, 0x00000007c0000000)
 Metaspace       used 87242K, capacity 91839K, committed 92036K, reserved 1130496K
  class space    used 10792K, capacity 11676K, committed 11692K, reserved 1048576K
}
2020-12-20T10:02:14.488+0000: 27.820: Total time for which application threads were stopped: 0.0122720 seconds, Stopping threads took: 0.0001703 seconds
2020-12-20T10:02:14.613+0000: 27.945: Total time for which application threads were stopped: 0.0014673 seconds, Stopping threads took: 0.0000505 seconds
{Heap before GC invocations=131 (full 3):
 par new generation   total 60864K, used 57996K [0x00000006fb000000, 0x00000006ff200000, 0x0000000724990000)
  eden space 54144K, 100% used [0x00000006fb000000, 0x00000006fe4e0000, 0x00000006fe4e0000)
  from space 6720K,  57% used [0x00000006feb70000, 0x00000006fef33050, 0x00000006ff200000)
  to   space 6720K,   0% used [0x00000006fe4e0000, 0x00000006fe4e0000, 0x00000006feb70000)
 concurrent mark-sweep generation total 135168K, used 66826K [0x0000000724990000, 0x000000072cd90000, 0x00000007c0000000)
 Metaspace       used 89793K, capacity 94373K, committed 94724K, reserved 1132544K
  class space    used 11090K, capacity 11965K, committed 12076K, reserved 1048576K
2020-12-20T10:02:14.891+0000: 28.223: [GC (Allocation Failure) 2020-12-20T10:02:14.891+0000: 28.223: [ParNew
Desired survivor size 3440640 bytes, new threshold 2 (max 6)
- age   1:    3007336 bytes,    3007336 total
- age   2:     895248 bytes,    3902584 total
- age   3:    1488600 bytes,    5391184 total
: 57996K->6720K(60864K), 0.0123293 secs] 124822K->74170K(196032K), 0.0125254 secs] [Times: user=0.07 sys=0.00, real=0.01 secs] 
Heap after GC invocations=132 (full 3):
 par new generation   total 60864K, used 6720K [0x00000006fb000000, 0x00000006ff200000, 0x0000000724990000)
  eden space 54144K,   0% used [0x00000006fb000000, 0x00000006fb000000, 0x00000006fe4e0000)
  from space 6720K, 100% used [0x00000006fe4e0000, 0x00000006feb70000, 0x00000006feb70000)
  to   space 6720K,   0% used [0x00000006feb70000, 0x00000006feb70000, 0x00000006ff200000)
 concurrent mark-sweep generation total 135168K, used 67450K [0x0000000724990000, 0x000000072cd90000, 0x00000007c0000000)
 Metaspace       used 89793K, capacity 94373K, committed 94724K, reserved 1132544K
  class space    used 11090K, capacity 11965K, committed 12076K, reserved 1048576K
}
2020-12-20T10:02:14.904+0000: 28.236: Total time for which application threads were stopped: 0.0128074 seconds, Stopping threads took: 0.0000449 seconds
{Heap before GC invocations=132 (full 3):
 par new generation   total 60864K, used 60864K [0x00000006fb000000, 0x00000006ff200000, 0x0000000724990000)
  eden space 54144K, 100% used [0x00000006fb000000, 0x00000006fe4e0000, 0x00000006fe4e0000)
  from space 6720K, 100% used [0x00000006fe4e0000, 0x00000006feb70000, 0x00000006feb70000)
  to   space 6720K,   0% used [0x00000006feb70000, 0x00000006feb70000, 0x00000006ff200000)
 concurrent mark-sweep generation total 135168K, used 67450K [0x0000000724990000, 0x000000072cd90000, 0x00000007c0000000)
 Metaspace       used 90280K, capacity 94821K, committed 94980K, reserved 1132544K
  class space    used 11156K, capacity 12029K, committed 12076K, reserved 1048576K
2020-12-20T10:02:15.086+0000: 28.418: [GC (Allocation Failure) 2020-12-20T10:02:15.086+0000: 28.418: [ParNew
Desired survivor size 3440640 bytes, new threshold 6 (max 6)
- age   1:     994480 bytes,     994480 total
- age   2:    2143648 bytes,    3138128 total
: 60864K->5496K(60864K), 0.0213347 secs] 128314K->75306K(196032K), 0.0215832 secs] [Times: user=0.14 sys=0.00, real=0.02 secs] 
Heap after GC invocations=133 (full 3):
 par new generation   total 60864K, used 5496K [0x00000006fb000000, 0x00000006ff200000, 0x0000000724990000)
  eden space 54144K,   0% used [0x00000006fb000000, 0x00000006fb000000, 0x00000006fe4e0000)
  from space 6720K,  81% used [0x00000006feb70000, 0x00000006ff0ce3e0, 0x00000006ff200000)
  to   space 6720K,   0% used [0x00000006fe4e0000, 0x00000006fe4e0000, 0x00000006feb70000)
 concurrent mark-sweep generation total 135168K, used 69809K [0x0000000724990000, 0x000000072cd90000, 0x00000007c0000000)
 Metaspace       used 90280K, capacity 94821K, committed 94980K, reserved 1132544K
  class space    used 11156K, capacity 12029K, committed 12076K, reserved 1048576K
}
2020-12-20T10:02:15.108+0000: 28.439: Total time for which application threads were stopped: 0.0219394 seconds, Stopping threads took: 0.0000514 seconds
2020-12-20T10:02:15.238+0000: 28.569: Total time for which application threads were stopped: 0.0010777 seconds, Stopping threads took: 0.0000394 seconds
2020-12-20T10:02:15.240+0000: 28.571: Total time for which application threads were stopped: 0.0015551 seconds, Stopping threads took: 0.0000356 seconds
2020-12-20T10:02:15.243+0000: 28.574: Total time for which application threads were stopped: 0.0010816 seconds, Stopping threads took: 0.0000346 seconds
2020-12-20T10:02:15.271+0000: 28.602: Total time for which application threads were stopped: 0.0012174 seconds, Stopping threads took: 0.0000463 seconds
2020-12-20T10:02:15.274+0000: 28.605: Total time for which application threads were stopped: 0.0019211 seconds, Stopping threads took: 0.0000765 seconds
{Heap before GC invocations=133 (full 3):
 par new generation   total 60864K, used 59640K [0x00000006fb000000, 0x00000006ff200000, 0x0000000724990000)
  eden space 54144K, 100% used [0x00000006fb000000, 0x00000006fe4e0000, 0x00000006fe4e0000)
  from space 6720K,  81% used [0x00000006feb70000, 0x00000006ff0ce3e0, 0x00000006ff200000)
  to   space 6720K,   0% used [0x00000006fe4e0000, 0x00000006fe4e0000, 0x00000006feb70000)
 concurrent mark-sweep generation total 135168K, used 69809K [0x0000000724990000, 0x000000072cd90000, 0x00000007c0000000)
 Metaspace       used 90791K, capacity 95403K, committed 95620K, reserved 1132544K
  class space    used 11217K, capacity 12082K, committed 12204K, reserved 1048576K
2020-12-20T10:02:15.374+0000: 28.705: [GC (Allocation Failure) 2020-12-20T10:02:15.374+0000: 28.705: [ParNew
Desired survivor size 3440640 bytes, new threshold 3 (max 6)
- age   1:    1757080 bytes,    1757080 total
- age   2:     440632 bytes,    2197712 total
- age   3:    2141040 bytes,    4338752 total
: 59640K->4996K(60864K), 0.0082819 secs] 129450K->74805K(196032K), 0.0085185 secs] [Times: user=0.07 sys=0.00, real=0.01 secs] 
Heap after GC invocations=134 (full 3):
 par new generation   total 60864K, used 4996K [0x00000006fb000000, 0x00000006ff200000, 0x0000000724990000)
  eden space 54144K,   0% used [0x00000006fb000000, 0x00000006fb000000, 0x00000006fe4e0000)
  from space 6720K,  74% used [0x00000006fe4e0000, 0x00000006fe9c1230, 0x00000006feb70000)
  to   space 6720K,   0% used [0x00000006feb70000, 0x00000006feb70000, 0x00000006ff200000)
 concurrent mark-sweep generation total 135168K, used 69809K [0x0000000724990000, 0x000000072cd90000, 0x00000007c0000000)
 Metaspace       used 90791K, capacity 95403K, committed 95620K, reserved 1132544K
  class space    used 11217K, capacity 12082K, committed 12204K, reserved 1048576K
}
2020-12-20T10:02:15.382+0000: 28.714: Total time for which application threads were stopped: 0.0088886 seconds, Stopping threads took: 0.0000510 seconds
2020-12-20T10:02:15.442+0000: 28.774: Total time for which application threads were stopped: 0.0010835 seconds, Stopping threads took: 0.0000377 seconds
2020-12-20T10:02:15.464+0000: 28.796: Total time for which application threads were stopped: 0.0012576 seconds, Stopping threads took: 0.0000444 seconds
{Heap before GC invocations=134 (full 3):
 par new generation   total 60864K, used 59140K [0x00000006fb000000, 0x00000006ff200000, 0x0000000724990000)
  eden space 54144K, 100% used [0x00000006fb000000, 0x00000006fe4e0000, 0x00000006fe4e0000)
  from space 6720K,  74% used [0x00000006fe4e0000, 0x00000006fe9c1230, 0x00000006feb70000)
  to   space 6720K,   0% used [0x00000006feb70000, 0x00000006feb70000, 0x00000006ff200000)
 concurrent mark-sweep generation total 135168K, used 69809K [0x0000000724990000, 0x000000072cd90000, 0x00000007c0000000)
 Metaspace       used 91385K, capacity 96041K, committed 96132K, reserved 1132544K
  class space    used 11318K, capacity 12199K, committed 12204K, reserved 1048576K
2020-12-20T10:02:15.609+0000: 28.940: [GC (Allocation Failure) 2020-12-20T10:02:15.609+0000: 28.941: [ParNew
Desired survivor size 3440640 bytes, new threshold 6 (max 6)
- age   1:    1041024 bytes,    1041024 total
- age   2:    1074064 bytes,    2115088 total
- age   3:     427320 bytes,    2542408 total
: 59140K->4022K(60864K), 0.0109417 secs] 128949K->75939K(196032K), 0.0111168 secs] [Times: user=0.08 sys=0.00, real=0.01 secs] 
Heap after GC invocations=135 (full 3):
 par new generation   total 60864K, used 4022K [0x00000006fb000000, 0x00000006ff200000, 0x0000000724990000)
  eden space 54144K,   0% used [0x00000006fb000000, 0x00000006fb000000, 0x00000006fe4e0000)
  from space 6720K,  59% used [0x00000006feb70000, 0x00000006fef5da58, 0x00000006ff200000)
  to   space 6720K,   0% used [0x00000006fe4e0000, 0x00000006fe4e0000, 0x00000006feb70000)
 concurrent mark-sweep generation total 135168K, used 71917K [0x0000000724990000, 0x000000072cd90000, 0x00000007c0000000)
 Metaspace       used 91385K, capacity 96041K, committed 96132K, reserved 1132544K
  class space    used 11318K, capacity 12199K, committed 12204K, reserved 1048576K
}
2020-12-20T10:02:15.620+0000: 28.952: Total time for which application threads were stopped: 0.0113948 seconds, Stopping threads took: 0.0000508 seconds
{Heap before GC invocations=135 (full 3):
 par new generation   total 60864K, used 58166K [0x00000006fb000000, 0x00000006ff200000, 0x0000000724990000)
  eden space 54144K, 100% used [0x00000006fb000000, 0x00000006fe4e0000, 0x00000006fe4e0000)
  from space 6720K,  59% used [0x00000006feb70000, 0x00000006fef5da58, 0x00000006ff200000)
  to   space 6720K,   0% used [0x00000006fe4e0000, 0x00000006fe4e0000, 0x00000006feb70000)
 concurrent mark-sweep generation total 135168K, used 71917K [0x0000000724990000, 0x000000072cd90000, 0x00000007c0000000)
 Metaspace       used 91759K, capacity 96429K, committed 96516K, reserved 1134592K
  class space    used 11373K, capacity 12265K, committed 12332K, reserved 1048576K
2020-12-20T10:02:15.772+0000: 29.104: [GC (Allocation Failure) 2020-12-20T10:02:15.773+0000: 29.104: [ParNew
Desired survivor size 3440640 bytes, new threshold 3 (max 6)
- age   1:    1798248 bytes,    1798248 total
- age   2:     575040 bytes,    2373288 total
- age   3:    1070144 bytes,    3443432 total
- age   4:     424904 bytes,    3868336 total
: 58166K->4134K(60864K), 0.0088175 secs] 130083K->76051K(196032K), 0.0090139 secs] [Times: user=0.06 sys=0.00, real=0.01 secs] 
Heap after GC invocations=136 (full 3):
 par new generation   total 60864K, used 4134K [0x00000006fb000000, 0x00000006ff200000, 0x0000000724990000)
  eden space 54144K,   0% used [0x00000006fb000000, 0x00000006fb000000, 0x00000006fe4e0000)
  from space 6720K,  61% used [0x00000006fe4e0000, 0x00000006fe8e9af0, 0x00000006feb70000)
  to   space 6720K,   0% used [0x00000006feb70000, 0x00000006feb70000, 0x00000006ff200000)
 concurrent mark-sweep generation total 135168K, used 71917K [0x0000000724990000, 0x000000072cd90000, 0x00000007c0000000)
 Metaspace       used 91759K, capacity 96429K, committed 96516K, reserved 1134592K
  class space    used 11373K, capacity 12265K, committed 12332K, reserved 1048576K
}
2020-12-20T10:02:15.781+0000: 29.113: Total time for which application threads were stopped: 0.0093086 seconds, Stopping threads took: 0.0000516 seconds
{Heap before GC invocations=136 (full 3):
 par new generation   total 60864K, used 58278K [0x00000006fb000000, 0x00000006ff200000, 0x0000000724990000)
  eden space 54144K, 100% used [0x00000006fb000000, 0x00000006fe4e0000, 0x00000006fe4e0000)
  from space 6720K,  61% used [0x00000006fe4e0000, 0x00000006fe8e9af0, 0x00000006feb70000)
  to   space 6720K,   0% used [0x00000006feb70000, 0x00000006feb70000, 0x00000006ff200000)
 concurrent mark-sweep generation total 135168K, used 71917K [0x0000000724990000, 0x000000072cd90000, 0x00000007c0000000)
 Metaspace       used 92102K, capacity 96835K, committed 97156K, reserved 1134592K
  class space    used 11432K, capacity 12336K, committed 12460K, reserved 1048576K
2020-12-20T10:02:15.925+0000: 29.257: [GC (Allocation Failure) 2020-12-20T10:02:15.925+0000: 29.257: [ParNew
Desired survivor size 3440640 bytes, new threshold 6 (max 6)
- age   1:    1399424 bytes,    1399424 total
- age   2:     281464 bytes,    1680888 total
- age   3:     573072 bytes,    2253960 total
: 58278K->3296K(60864K), 0.0083000 secs] 130195K->76710K(196032K), 0.0084792 secs] [Times: user=0.04 sys=0.00, real=0.00 secs] 
Heap after GC invocations=137 (full 3):
 par new generation   total 60864K, used 3296K [0x00000006fb000000, 0x00000006ff200000, 0x0000000724990000)
  eden space 54144K,   0% used [0x00000006fb000000, 0x00000006fb000000, 0x00000006fe4e0000)
  from space 6720K,  49% used [0x00000006feb70000, 0x00000006feea8380, 0x00000006ff200000)
  to   space 6720K,   0% used [0x00000006fe4e0000, 0x00000006fe4e0000, 0x00000006feb70000)
 concurrent mark-sweep generation total 135168K, used 73413K [0x0000000724990000, 0x000000072cd90000, 0x00000007c0000000)
 Metaspace       used 92102K, capacity 96835K, committed 97156K, reserved 1134592K
  class space    used 11432K, capacity 12336K, committed 12460K, reserved 1048576K
}
2020-12-20T10:02:15.934+0000: 29.265: Total time for which application threads were stopped: 0.0087584 seconds, Stopping threads took: 0.0000995 seconds
{Heap before GC invocations=137 (full 3):
 par new generation   total 60864K, used 57440K [0x00000006fb000000, 0x00000006ff200000, 0x0000000724990000)
  eden space 54144K, 100% used [0x00000006fb000000, 0x00000006fe4e0000, 0x00000006fe4e0000)
  from space 6720K,  49% used [0x00000006feb70000, 0x00000006feea8380, 0x00000006ff200000)
  to   space 6720K,   0% used [0x00000006fe4e0000, 0x00000006fe4e0000, 0x00000006feb70000)
 concurrent mark-sweep generation total 135168K, used 73413K [0x0000000724990000, 0x000000072cd90000, 0x00000007c0000000)
 Metaspace       used 92291K, capacity 97009K, committed 97156K, reserved 1134592K
  class space    used 11462K, capacity 12347K, committed 12460K, reserved 1048576K
2020-12-20T10:02:16.098+0000: 29.429: [GC (Allocation Failure) 2020-12-20T10:02:16.098+0000: 29.429: [ParNew
Desired survivor size 3440640 bytes, new threshold 1 (max 6)
- age   1:    4071760 bytes,    4071760 total
- age   2:     175920 bytes,    4247680 total
- age   3:     279280 bytes,    4526960 total
- age   4:     573072 bytes,    5100032 total
: 57440K->5239K(60864K), 0.0150472 secs] 130854K->78653K(196032K), 0.0152194 secs] [Times: user=0.06 sys=0.00, real=0.01 secs] 
Heap after GC invocations=138 (full 3):
 par new generation   total 60864K, used 5239K [0x00000006fb000000, 0x00000006ff200000, 0x0000000724990000)
  eden space 54144K,   0% used [0x00000006fb000000, 0x00000006fb000000, 0x00000006fe4e0000)
  from space 6720K,  77% used [0x00000006fe4e0000, 0x00000006fe9fde80, 0x00000006feb70000)
  to   space 6720K,   0% used [0x00000006feb70000, 0x00000006feb70000, 0x00000006ff200000)
 concurrent mark-sweep generation total 135168K, used 73413K [0x0000000724990000, 0x000000072cd90000, 0x00000007c0000000)
 Metaspace       used 92291K, capacity 97009K, committed 97156K, reserved 1134592K
  class space    used 11462K, capacity 12347K, committed 12460K, reserved 1048576K
}
2020-12-20T10:02:16.113+0000: 29.445: Total time for which application threads were stopped: 0.0154485 seconds, Stopping threads took: 0.0000411 seconds
{Heap before GC invocations=138 (full 3):
 par new generation   total 60864K, used 59383K [0x00000006fb000000, 0x00000006ff200000, 0x0000000724990000)
  eden space 54144K, 100% used [0x00000006fb000000, 0x00000006fe4e0000, 0x00000006fe4e0000)
  from space 6720K,  77% used [0x00000006fe4e0000, 0x00000006fe9fde80, 0x00000006feb70000)
  to   space 6720K,   0% used [0x00000006feb70000, 0x00000006feb70000, 0x00000006ff200000)
 concurrent mark-sweep generation total 135168K, used 73413K [0x0000000724990000, 0x000000072cd90000, 0x00000007c0000000)
 Metaspace       used 92553K, capacity 97285K, committed 97412K, reserved 1134592K
  class space    used 11506K, capacity 12419K, committed 12460K, reserved 1048576K
2020-12-20T10:02:16.268+0000: 29.599: [GC (Allocation Failure) 2020-12-20T10:02:16.268+0000: 29.600: [ParNew
Desired survivor size 3440640 bytes, new threshold 6 (max 6)
- age   1:    2090808 bytes,    2090808 total
: 59383K->3091K(60864K), 0.0327285 secs] 132797K->77718K(196032K), 0.0329492 secs] [Times: user=0.21 sys=0.01, real=0.03 secs] 
Heap after GC invocations=139 (full 3):
 par new generation   total 60864K, used 3091K [0x00000006fb000000, 0x00000006ff200000, 0x0000000724990000)
  eden space 54144K,   0% used [0x00000006fb000000, 0x00000006fb000000, 0x00000006fe4e0000)
  from space 6720K,  45% used [0x00000006feb70000, 0x00000006fee74c90, 0x00000006ff200000)
  to   space 6720K,   0% used [0x00000006fe4e0000, 0x00000006fe4e0000, 0x00000006feb70000)
 concurrent mark-sweep generation total 135168K, used 74627K [0x0000000724990000, 0x000000072cd90000, 0x00000007c0000000)
 Metaspace       used 92553K, capacity 97285K, committed 97412K, reserved 1134592K
  class space    used 11506K, capacity 12419K, committed 12460K, reserved 1048576K
}
2020-12-20T10:02:16.301+0000: 29.633: Total time for which application threads were stopped: 0.0332080 seconds, Stopping threads took: 0.0000427 seconds
{Heap before GC invocations=139 (full 3):
 par new generation   total 60864K, used 57235K [0x00000006fb000000, 0x00000006ff200000, 0x0000000724990000)
  eden space 54144K, 100% used [0x00000006fb000000, 0x00000006fe4e0000, 0x00000006fe4e0000)
  from space 6720K,  45% used [0x00000006feb70000, 0x00000006fee74c90, 0x00000006ff200000)
  to   space 6720K,   0% used [0x00000006fe4e0000, 0x00000006fe4e0000, 0x00000006feb70000)
 concurrent mark-sweep generation total 135168K, used 74627K [0x0000000724990000, 0x000000072cd90000, 0x00000007c0000000)
 Metaspace       used 92782K, capacity 97547K, committed 97668K, reserved 1134592K
  class space    used 11542K, capacity 12432K, committed 12460K, reserved 1048576K
2020-12-20T10:02:16.498+0000: 29.830: [GC (Allocation Failure) 2020-12-20T10:02:16.498+0000: 29.830: [ParNew
Desired survivor size 3440640 bytes, new threshold 2 (max 6)
- age   1:    3434312 bytes,    3434312 total
- age   2:     392648 bytes,    3826960 total
: 57235K->3955K(60864K), 0.0098391 secs] 131862K->78583K(196032K), 0.0100626 secs] [Times: user=0.05 sys=0.00, real=0.01 secs] 
Heap after GC invocations=140 (full 3):
 par new generation   total 60864K, used 3955K [0x00000006fb000000, 0x00000006ff200000, 0x0000000724990000)
  eden space 54144K,   0% used [0x00000006fb000000, 0x00000006fb000000, 0x00000006fe4e0000)
  from space 6720K,  58% used [0x00000006fe4e0000, 0x00000006fe8bccd8, 0x00000006feb70000)
  to   space 6720K,   0% used [0x00000006feb70000, 0x00000006feb70000, 0x00000006ff200000)
 concurrent mark-sweep generation total 135168K, used 74627K [0x0000000724990000, 0x000000072cd90000, 0x00000007c0000000)
 Metaspace       used 92782K, capacity 97547K, committed 97668K, reserved 1134592K
  class space    used 11542K, capacity 12432K, committed 12460K, reserved 1048576K
}
2020-12-20T10:02:16.508+0000: 29.840: Total time for which application threads were stopped: 0.0103638 seconds, Stopping threads took: 0.0000514 seconds
2020-12-20T10:02:16.694+0000: 30.026: Total time for which application threads were stopped: 0.0013018 seconds, Stopping threads took: 0.0000426 seconds
{Heap before GC invocations=140 (full 3):
 par new generation   total 60864K, used 58084K [0x00000006fb000000, 0x00000006ff200000, 0x0000000724990000)
  eden space 54144K,  99% used [0x00000006fb000000, 0x00000006fe4dc4b8, 0x00000006fe4e0000)
  from space 6720K,  58% used [0x00000006fe4e0000, 0x00000006fe8bccd8, 0x00000006feb70000)
  to   space 6720K,   0% used [0x00000006feb70000, 0x00000006feb70000, 0x00000006ff200000)
 concurrent mark-sweep generation total 135168K, used 74627K [0x0000000724990000, 0x000000072cd90000, 0x00000007c0000000)
 Metaspace       used 93099K, capacity 97907K, committed 98052K, reserved 1134592K
  class space    used 11582K, capacity 12502K, committed 12588K, reserved 1048576K
2020-12-20T10:02:16.697+0000: 30.029: [GC (Allocation Failure) 2020-12-20T10:02:16.698+0000: 30.029: [ParNew
Desired survivor size 3440640 bytes, new threshold 2 (max 6)
- age   1:    3326520 bytes,    3326520 total
- age   2:     763088 bytes,    4089608 total
: 58084K->4556K(60864K), 0.0236704 secs] 132712K->79569K(196032K), 0.0238490 secs] [Times: user=0.15 sys=0.00, real=0.02 secs] 
Heap after GC invocations=141 (full 3):
 par new generation   total 60864K, used 4556K [0x00000006fb000000, 0x00000006ff200000, 0x0000000724990000)
  eden space 54144K,   0% used [0x00000006fb000000, 0x00000006fb000000, 0x00000006fe4e0000)
  from space 6720K,  67% used [0x00000006feb70000, 0x00000006fefe33b0, 0x00000006ff200000)
  to   space 6720K,   0% used [0x00000006fe4e0000, 0x00000006fe4e0000, 0x00000006feb70000)
 concurrent mark-sweep generation total 135168K, used 75012K [0x0000000724990000, 0x000000072cd90000, 0x00000007c0000000)
 Metaspace       used 93099K, capacity 97907K, committed 98052K, reserved 1134592K
  class space    used 11582K, capacity 12502K, committed 12588K, reserved 1048576K
}
2020-12-20T10:02:16.721+0000: 30.053: Total time for which application threads were stopped: 0.0240894 seconds, Stopping threads took: 0.0000383 seconds
2020-12-20T10:02:16.760+0000: 30.091: Total time for which application threads were stopped: 0.0010600 seconds, Stopping threads took: 0.0000419 seconds
2020-12-20T10:02:16.792+0000: 30.124: Total time for which application threads were stopped: 0.0013676 seconds, Stopping threads took: 0.0000822 seconds
{Heap before GC invocations=141 (full 3):
 par new generation   total 60864K, used 58700K [0x00000006fb000000, 0x00000006ff200000, 0x0000000724990000)
  eden space 54144K, 100% used [0x00000006fb000000, 0x00000006fe4e0000, 0x00000006fe4e0000)
  from space 6720K,  67% used [0x00000006feb70000, 0x00000006fefe33b0, 0x00000006ff200000)
  to   space 6720K,   0% used [0x00000006fe4e0000, 0x00000006fe4e0000, 0x00000006feb70000)
 concurrent mark-sweep generation total 135168K, used 75012K [0x0000000724990000, 0x000000072cd90000, 0x00000007c0000000)
 Metaspace       used 93516K, capacity 98383K, committed 98564K, reserved 1134592K
  class space    used 11642K, capacity 12556K, committed 12588K, reserved 1048576K
2020-12-20T10:02:16.891+0000: 30.222: [GC (Allocation Failure) 2020-12-20T10:02:16.891+0000: 30.222: [ParNew
Desired survivor size 3440640 bytes, new threshold 6 (max 6)
- age   1:    1163952 bytes,    1163952 total
- age   2:     376664 bytes,    1540616 total
: 58700K->2019K(60864K), 0.0075509 secs] 133713K->77652K(196032K), 0.0077138 secs] [Times: user=0.06 sys=0.00, real=0.01 secs] 
Heap after GC invocations=142 (full 3):
 par new generation   total 60864K, used 2019K [0x00000006fb000000, 0x00000006ff200000, 0x0000000724990000)
  eden space 54144K,   0% used [0x00000006fb000000, 0x00000006fb000000, 0x00000006fe4e0000)
  from space 6720K,  30% used [0x00000006fe4e0000, 0x00000006fe6d8cf8, 0x00000006feb70000)
  to   space 6720K,   0% used [0x00000006feb70000, 0x00000006feb70000, 0x00000006ff200000)
 concurrent mark-sweep generation total 135168K, used 75633K [0x0000000724990000, 0x000000072cd90000, 0x00000007c0000000)
 Metaspace       used 93516K, capacity 98383K, committed 98564K, reserved 1134592K
  class space    used 11642K, capacity 12556K, committed 12588K, reserved 1048576K
}
2020-12-20T10:02:16.899+0000: 30.230: Total time for which application threads were stopped: 0.0079268 seconds, Stopping threads took: 0.0000414 seconds
{Heap before GC invocations=142 (full 3):
 par new generation   total 60864K, used 56163K [0x00000006fb000000, 0x00000006ff200000, 0x0000000724990000)
  eden space 54144K, 100% used [0x00000006fb000000, 0x00000006fe4e0000, 0x00000006fe4e0000)
  from space 6720K,  30% used [0x00000006fe4e0000, 0x00000006fe6d8cf8, 0x00000006feb70000)
  to   space 6720K,   0% used [0x00000006feb70000, 0x00000006feb70000, 0x00000006ff200000)
 concurrent mark-sweep generation total 135168K, used 75633K [0x0000000724990000, 0x000000072cd90000, 0x00000007c0000000)
 Metaspace       used 94396K, capacity 99293K, committed 99460K, reserved 1136640K
  class space    used 11732K, capacity 12667K, committed 12716K, reserved 1048576K
2020-12-20T10:02:17.101+0000: 30.432: [GC (Allocation Failure) 2020-12-20T10:02:17.101+0000: 30.432: [ParNew
Desired survivor size 3440640 bytes, new threshold 6 (max 6)
- age   1:    1418784 bytes,    1418784 total
- age   2:     277424 bytes,    1696208 total
- age   3:     374208 bytes,    2070416 total
: 56163K->2158K(60864K), 0.0187862 secs] 131796K->77792K(196032K), 0.0189668 secs] [Times: user=0.14 sys=0.00, real=0.02 secs] 
Heap after GC invocations=143 (full 3):
 par new generation   total 60864K, used 2158K [0x00000006fb000000, 0x00000006ff200000, 0x0000000724990000)
  eden space 54144K,   0% used [0x00000006fb000000, 0x00000006fb000000, 0x00000006fe4e0000)
  from space 6720K,  32% used [0x00000006feb70000, 0x00000006fed8baf0, 0x00000006ff200000)
  to   space 6720K,   0% used [0x00000006fe4e0000, 0x00000006fe4e0000, 0x00000006feb70000)
 concurrent mark-sweep generation total 135168K, used 75633K [0x0000000724990000, 0x000000072cd90000, 0x00000007c0000000)
 Metaspace       used 94396K, capacity 99293K, committed 99460K, reserved 1136640K
  class space    used 11732K, capacity 12667K, committed 12716K, reserved 1048576K
}
2020-12-20T10:02:17.120+0000: 30.451: Total time for which application threads were stopped: 0.0192021 seconds, Stopping threads took: 0.0000403 seconds
2020-12-20T10:02:17.230+0000: 30.562: Total time for which application threads were stopped: 0.0011613 seconds, Stopping threads took: 0.0000463 seconds
{Heap before GC invocations=143 (full 3):
 par new generation   total 60864K, used 56302K [0x00000006fb000000, 0x00000006ff200000, 0x0000000724990000)
  eden space 54144K, 100% used [0x00000006fb000000, 0x00000006fe4e0000, 0x00000006fe4e0000)
  from space 6720K,  32% used [0x00000006feb70000, 0x00000006fed8baf0, 0x00000006ff200000)
  to   space 6720K,   0% used [0x00000006fe4e0000, 0x00000006fe4e0000, 0x00000006feb70000)
 concurrent mark-sweep generation total 135168K, used 75633K [0x0000000724990000, 0x000000072cd90000, 0x00000007c0000000)
 Metaspace       used 95055K, capacity 100015K, committed 100100K, reserved 1136640K
  class space    used 11850K, capacity 12788K, committed 12844K, reserved 1048576K
2020-12-20T10:02:17.290+0000: 30.622: [GC (Allocation Failure) 2020-12-20T10:02:17.290+0000: 30.622: [ParNew
Desired survivor size 3440640 bytes, new threshold 6 (max 6)
- age   1:    1065048 bytes,    1065048 total
- age   2:     366984 bytes,    1432032 total
- age   3:     277008 bytes,    1709040 total
- age   4:     372112 bytes,    2081152 total
: 56302K->2316K(60864K), 0.0164298 secs] 131936K->77949K(196032K), 0.0166268 secs] [Times: user=0.11 sys=0.01, real=0.02 secs] 
Heap after GC invocations=144 (full 3):
 par new generation   total 60864K, used 2316K [0x00000006fb000000, 0x00000006ff200000, 0x0000000724990000)
  eden space 54144K,   0% used [0x00000006fb000000, 0x00000006fb000000, 0x00000006fe4e0000)
  from space 6720K,  34% used [0x00000006fe4e0000, 0x00000006fe723240, 0x00000006feb70000)
  to   space 6720K,   0% used [0x00000006feb70000, 0x00000006feb70000, 0x00000006ff200000)
 concurrent mark-sweep generation total 135168K, used 75633K [0x0000000724990000, 0x000000072cd90000, 0x00000007c0000000)
 Metaspace       used 95055K, capacity 100015K, committed 100100K, reserved 1136640K
  class space    used 11850K, capacity 12788K, committed 12844K, reserved 1048576K
}
2020-12-20T10:02:17.307+0000: 30.638: Total time for which application threads were stopped: 0.0170739 seconds, Stopping threads took: 0.0001513 seconds
2020-12-20T10:02:17.438+0000: 30.769: Total time for which application threads were stopped: 0.0012149 seconds, Stopping threads took: 0.0000420 seconds
2020-12-20T10:02:17.451+0000: 30.783: Total time for which application threads were stopped: 0.0011897 seconds, Stopping threads took: 0.0000435 seconds
2020-12-20T10:02:17.473+0000: 30.804: Total time for which application threads were stopped: 0.0016194 seconds, Stopping threads took: 0.0000504 seconds
{Heap before GC invocations=144 (full 3):
 par new generation   total 60864K, used 56460K [0x00000006fb000000, 0x00000006ff200000, 0x0000000724990000)
  eden space 54144K, 100% used [0x00000006fb000000, 0x00000006fe4e0000, 0x00000006fe4e0000)
  from space 6720K,  34% used [0x00000006fe4e0000, 0x00000006fe723240, 0x00000006feb70000)
  to   space 6720K,   0% used [0x00000006feb70000, 0x00000006feb70000, 0x00000006ff200000)
 concurrent mark-sweep generation total 135168K, used 75633K [0x0000000724990000, 0x000000072cd90000, 0x00000007c0000000)
 Metaspace       used 96658K, capacity 101695K, committed 101892K, reserved 1138688K
  class space    used 12045K, capacity 13006K, committed 13100K, reserved 1048576K
2020-12-20T10:02:17.622+0000: 30.953: [GC (Allocation Failure) 2020-12-20T10:02:17.622+0000: 30.954: [ParNew
Desired survivor size 3440640 bytes, new threshold 1 (max 6)
- age   1:    4708368 bytes,    4708368 total
- age   2:     634576 bytes,    5342944 total
- age   3:     360432 bytes,    5703376 total
- age   4:     276592 bytes,    5979968 total
- age   5:     371696 bytes,    6351664 total
: 56460K->6495K(60864K), 0.0143915 secs] 132093K->82129K(196032K), 0.0146950 secs] [Times: user=0.11 sys=0.00, real=0.02 secs] 
Heap after GC invocations=145 (full 3):
 par new generation   total 60864K, used 6495K [0x00000006fb000000, 0x00000006ff200000, 0x0000000724990000)
  eden space 54144K,   0% used [0x00000006fb000000, 0x00000006fb000000, 0x00000006fe4e0000)
  from space 6720K,  96% used [0x00000006feb70000, 0x00000006ff1c7fc8, 0x00000006ff200000)
  to   space 6720K,   0% used [0x00000006fe4e0000, 0x00000006fe4e0000, 0x00000006feb70000)
 concurrent mark-sweep generation total 135168K, used 75633K [0x0000000724990000, 0x000000072cd90000, 0x00000007c0000000)
 Metaspace       used 96658K, capacity 101695K, committed 101892K, reserved 1138688K
  class space    used 12045K, capacity 13006K, committed 13100K, reserved 1048576K
}
2020-12-20T10:02:17.637+0000: 30.968: Total time for which application threads were stopped: 0.0150524 seconds, Stopping threads took: 0.0000521 seconds
{Heap before GC invocations=145 (full 3):
 par new generation   total 60864K, used 60639K [0x00000006fb000000, 0x00000006ff200000, 0x0000000724990000)
  eden space 54144K, 100% used [0x00000006fb000000, 0x00000006fe4e0000, 0x00000006fe4e0000)
  from space 6720K,  96% used [0x00000006feb70000, 0x00000006ff1c7fc8, 0x00000006ff200000)
  to   space 6720K,   0% used [0x00000006fe4e0000, 0x00000006fe4e0000, 0x00000006feb70000)
 concurrent mark-sweep generation total 135168K, used 75633K [0x0000000724990000, 0x000000072cd90000, 0x00000007c0000000)
 Metaspace       used 97067K, capacity 102079K, committed 102148K, reserved 1138688K
  class space    used 12115K, capacity 13070K, committed 13100K, reserved 1048576K
2020-12-20T10:02:17.780+0000: 31.112: [GC (Allocation Failure) 2020-12-20T10:02:17.780+0000: 31.112: [ParNew
Desired survivor size 3440640 bytes, new threshold 6 (max 6)
- age   1:    1433024 bytes,    1433024 total
: 60639K->4748K(60864K), 0.0195519 secs] 136273K->84581K(196032K), 0.0197181 secs] [Times: user=0.14 sys=0.00, real=0.02 secs] 
Heap after GC invocations=146 (full 3):
 par new generation   total 60864K, used 4748K [0x00000006fb000000, 0x00000006ff200000, 0x0000000724990000)
  eden space 54144K,   0% used [0x00000006fb000000, 0x00000006fb000000, 0x00000006fe4e0000)
  from space 6720K,  70% used [0x00000006fe4e0000, 0x00000006fe9831d0, 0x00000006feb70000)
  to   space 6720K,   0% used [0x00000006feb70000, 0x00000006feb70000, 0x00000006ff200000)
 concurrent mark-sweep generation total 135168K, used 79833K [0x0000000724990000, 0x000000072cd90000, 0x00000007c0000000)
 Metaspace       used 97067K, capacity 102079K, committed 102148K, reserved 1138688K
  class space    used 12115K, capacity 13070K, committed 13100K, reserved 1048576K
}
2020-12-20T10:02:17.800+0000: 31.132: Total time for which application threads were stopped: 0.0201488 seconds, Stopping threads took: 0.0001942 seconds
2020-12-20T10:02:17.906+0000: 31.238: Total time for which application threads were stopped: 0.0011651 seconds, Stopping threads took: 0.0000426 seconds
{Heap before GC invocations=146 (full 3):
 par new generation   total 60864K, used 58892K [0x00000006fb000000, 0x00000006ff200000, 0x0000000724990000)
  eden space 54144K, 100% used [0x00000006fb000000, 0x00000006fe4e0000, 0x00000006fe4e0000)
  from space 6720K,  70% used [0x00000006fe4e0000, 0x00000006fe9831d0, 0x00000006feb70000)
  to   space 6720K,   0% used [0x00000006feb70000, 0x00000006feb70000, 0x00000006ff200000)
 concurrent mark-sweep generation total 135168K, used 79833K [0x0000000724990000, 0x000000072cd90000, 0x00000007c0000000)
 Metaspace       used 97724K, capacity 102993K, committed 103044K, reserved 1138688K
  class space    used 12221K, capacity 13225K, committed 13228K, reserved 1048576K
2020-12-20T10:02:18.007+0000: 31.338: [GC (Allocation Failure) 2020-12-20T10:02:18.007+0000: 31.338: [ParNew
Desired survivor size 3440640 bytes, new threshold 6 (max 6)
- age   1:    2400680 bytes,    2400680 total
- age   2:     162336 bytes,    2563016 total
: 58892K->2938K(60864K), 0.0044104 secs] 138725K->82771K(196032K), 0.0045824 secs] [Times: user=0.02 sys=0.00, real=0.00 secs] 
Heap after GC invocations=147 (full 3):
 par new generation   total 60864K, used 2938K [0x00000006fb000000, 0x00000006ff200000, 0x0000000724990000)
  eden space 54144K,   0% used [0x00000006fb000000, 0x00000006fb000000, 0x00000006fe4e0000)
  from space 6720K,  43% used [0x00000006feb70000, 0x00000006fee4e930, 0x00000006ff200000)
  to   space 6720K,   0% used [0x00000006fe4e0000, 0x00000006fe4e0000, 0x00000006feb70000)
 concurrent mark-sweep generation total 135168K, used 79833K [0x0000000724990000, 0x000000072cd90000, 0x00000007c0000000)
 Metaspace       used 97724K, capacity 102993K, committed 103044K, reserved 1138688K
  class space    used 12221K, capacity 13225K, committed 13228K, reserved 1048576K
}
2020-12-20T10:02:18.011+0000: 31.343: Total time for which application threads were stopped: 0.0048215 seconds, Stopping threads took: 0.0000522 seconds
{Heap before GC invocations=147 (full 3):
 par new generation   total 60864K, used 57082K [0x00000006fb000000, 0x00000006ff200000, 0x0000000724990000)
  eden space 54144K, 100% used [0x00000006fb000000, 0x00000006fe4e0000, 0x00000006fe4e0000)
  from space 6720K,  43% used [0x00000006feb70000, 0x00000006fee4e930, 0x00000006ff200000)
  to   space 6720K,   0% used [0x00000006fe4e0000, 0x00000006fe4e0000, 0x00000006feb70000)
 concurrent mark-sweep generation total 135168K, used 79833K [0x0000000724990000, 0x000000072cd90000, 0x00000007c0000000)
 Metaspace       used 98838K, capacity 104277K, committed 104580K, reserved 1140736K
  class space    used 12358K, capacity 13363K, committed 13484K, reserved 1048576K
2020-12-20T10:02:18.304+0000: 31.635: [GC (Allocation Failure) 2020-12-20T10:02:18.304+0000: 31.635: [ParNew
Desired survivor size 3440640 bytes, new threshold 6 (max 6)
- age   1:    1100800 bytes,    1100800 total
- age   2:    1337832 bytes,    2438632 total
- age   3:     160632 bytes,    2599264 total
: 57082K->2936K(60864K), 0.0084342 secs] 136915K->82769K(196032K), 0.0086317 secs] [Times: user=0.08 sys=0.00, real=0.01 secs] 
Heap after GC invocations=148 (full 3):
 par new generation   total 60864K, used 2936K [0x00000006fb000000, 0x00000006ff200000, 0x0000000724990000)
  eden space 54144K,   0% used [0x00000006fb000000, 0x00000006fb000000, 0x00000006fe4e0000)
  from space 6720K,  43% used [0x00000006fe4e0000, 0x00000006fe7be2f0, 0x00000006feb70000)
  to   space 6720K,   0% used [0x00000006feb70000, 0x00000006feb70000, 0x00000006ff200000)
 concurrent mark-sweep generation total 135168K, used 79833K [0x0000000724990000, 0x000000072cd90000, 0x00000007c0000000)
 Metaspace       used 98838K, capacity 104277K, committed 104580K, reserved 1140736K
  class space    used 12358K, capacity 13363K, committed 13484K, reserved 1048576K
}
2020-12-20T10:02:18.313+0000: 31.644: Total time for which application threads were stopped: 0.0089775 seconds, Stopping threads took: 0.0000566 seconds
2020-12-20T10:02:18.486+0000: 31.818: Total time for which application threads were stopped: 0.0015567 seconds, Stopping threads took: 0.0000548 seconds
{Heap before GC invocations=148 (full 3):
 par new generation   total 60864K, used 57080K [0x00000006fb000000, 0x00000006ff200000, 0x0000000724990000)
  eden space 54144K, 100% used [0x00000006fb000000, 0x00000006fe4e0000, 0x00000006fe4e0000)
  from space 6720K,  43% used [0x00000006fe4e0000, 0x00000006fe7be2f0, 0x00000006feb70000)
  to   space 6720K,   0% used [0x00000006feb70000, 0x00000006feb70000, 0x00000006ff200000)
 concurrent mark-sweep generation total 135168K, used 79833K [0x0000000724990000, 0x000000072cd90000, 0x00000007c0000000)
 Metaspace       used 99330K, capacity 104799K, committed 105092K, reserved 1140736K
  class space    used 12421K, capacity 13444K, committed 13484K, reserved 1048576K
2020-12-20T10:02:18.524+0000: 31.856: [GC (Allocation Failure) 2020-12-20T10:02:18.524+0000: 31.856: [ParNew
Desired survivor size 3440640 bytes, new threshold 3 (max 6)
- age   1:    1520144 bytes,    1520144 total
- age   2:     747224 bytes,    2267368 total
- age   3:    1333664 bytes,    3601032 total
- age   4:     160632 bytes,    3761664 total
: 57080K->4710K(60864K), 0.0070628 secs] 136913K->84543K(196032K), 0.0072443 secs] [Times: user=0.06 sys=0.00, real=0.01 secs] 
Heap after GC invocations=149 (full 3):
 par new generation   total 60864K, used 4710K [0x00000006fb000000, 0x00000006ff200000, 0x0000000724990000)
  eden space 54144K,   0% used [0x00000006fb000000, 0x00000006fb000000, 0x00000006fe4e0000)
  from space 6720K,  70% used [0x00000006feb70000, 0x00000006ff009890, 0x00000006ff200000)
  to   space 6720K,   0% used [0x00000006fe4e0000, 0x00000006fe4e0000, 0x00000006feb70000)
 concurrent mark-sweep generation total 135168K, used 79833K [0x0000000724990000, 0x000000072cd90000, 0x00000007c0000000)
 Metaspace       used 99330K, capacity 104799K, committed 105092K, reserved 1140736K
  class space    used 12421K, capacity 13444K, committed 13484K, reserved 1048576K
}
2020-12-20T10:02:18.532+0000: 31.863: Total time for which application threads were stopped: 0.0075800 seconds, Stopping threads took: 0.0000758 seconds
{Heap before GC invocations=149 (full 3):
 par new generation   total 60864K, used 58854K [0x00000006fb000000, 0x00000006ff200000, 0x0000000724990000)
  eden space 54144K, 100% used [0x00000006fb000000, 0x00000006fe4e0000, 0x00000006fe4e0000)
  from space 6720K,  70% used [0x00000006feb70000, 0x00000006ff009890, 0x00000006ff200000)
  to   space 6720K,   0% used [0x00000006fe4e0000, 0x00000006fe4e0000, 0x00000006feb70000)
 concurrent mark-sweep generation total 135168K, used 79833K [0x0000000724990000, 0x000000072cd90000, 0x00000007c0000000)
 Metaspace       used 100436K, capacity 105887K, committed 105988K, reserved 1142784K
  class space    used 12547K, capacity 13572K, committed 13612K, reserved 1048576K
2020-12-20T10:02:18.777+0000: 32.109: [GC (Allocation Failure) 2020-12-20T10:02:18.777+0000: 32.109: [ParNew
Desired survivor size 3440640 bytes, new threshold 6 (max 6)
- age   1:     852240 bytes,     852240 total
- age   2:     807024 bytes,    1659264 total
- age   3:     745976 bytes,    2405240 total
: 58854K->3899K(60864K), 0.0084484 secs] 138687K->85208K(196032K), 0.0086595 secs] [Times: user=0.06 sys=0.00, real=0.01 secs] 
Heap after GC invocations=150 (full 3):
 par new generation   total 60864K, used 3899K [0x00000006fb000000, 0x00000006ff200000, 0x0000000724990000)
  eden space 54144K,   0% used [0x00000006fb000000, 0x00000006fb000000, 0x00000006fe4e0000)
  from space 6720K,  58% used [0x00000006fe4e0000, 0x00000006fe8aee58, 0x00000006feb70000)
  to   space 6720K,   0% used [0x00000006feb70000, 0x00000006feb70000, 0x00000006ff200000)
 concurrent mark-sweep generation total 135168K, used 81309K [0x0000000724990000, 0x000000072cd90000, 0x00000007c0000000)
 Metaspace       used 100436K, capacity 105887K, committed 105988K, reserved 1142784K
  class space    used 12547K, capacity 13572K, committed 13612K, reserved 1048576K
}
2020-12-20T10:02:18.786+0000: 32.118: Total time for which application threads were stopped: 0.0090353 seconds, Stopping threads took: 0.0000566 seconds
{Heap before GC invocations=150 (full 3):
 par new generation   total 60864K, used 58043K [0x00000006fb000000, 0x00000006ff200000, 0x0000000724990000)
  eden space 54144K, 100% used [0x00000006fb000000, 0x00000006fe4e0000, 0x00000006fe4e0000)
  from space 6720K,  58% used [0x00000006fe4e0000, 0x00000006fe8aee58, 0x00000006feb70000)
  to   space 6720K,   0% used [0x00000006feb70000, 0x00000006feb70000, 0x00000006ff200000)
 concurrent mark-sweep generation total 135168K, used 81309K [0x0000000724990000, 0x000000072cd90000, 0x00000007c0000000)
 Metaspace       used 100890K, capacity 106359K, committed 106628K, reserved 1142784K
  class space    used 12610K, capacity 13640K, committed 13740K, reserved 1048576K
2020-12-20T10:02:19.044+0000: 32.376: [GC (Allocation Failure) 2020-12-20T10:02:19.044+0000: 32.376: [ParNew
Desired survivor size 3440640 bytes, new threshold 6 (max 6)
- age   1:     291128 bytes,     291128 total
- age   2:     332656 bytes,     623784 total
- age   3:     806040 bytes,    1429824 total
- age   4:     745976 bytes,    2175800 total
: 58043K->2818K(60864K), 0.0042164 secs] 139352K->84127K(196032K), 0.0043881 secs] [Times: user=0.04 sys=0.00, real=0.01 secs] 
Heap after GC invocations=151 (full 3):
 par new generation   total 60864K, used 2818K [0x00000006fb000000, 0x00000006ff200000, 0x0000000724990000)
  eden space 54144K,   0% used [0x00000006fb000000, 0x00000006fb000000, 0x00000006fe4e0000)
  from space 6720K,  41% used [0x00000006feb70000, 0x00000006fee30880, 0x00000006ff200000)
  to   space 6720K,   0% used [0x00000006fe4e0000, 0x00000006fe4e0000, 0x00000006feb70000)
 concurrent mark-sweep generation total 135168K, used 81309K [0x0000000724990000, 0x000000072cd90000, 0x00000007c0000000)
 Metaspace       used 100890K, capacity 106359K, committed 106628K, reserved 1142784K
  class space    used 12610K, capacity 13640K, committed 13740K, reserved 1048576K
}
2020-12-20T10:02:19.049+0000: 32.380: Total time for which application threads were stopped: 0.0046903 seconds, Stopping threads took: 0.0000518 seconds
{Heap before GC invocations=151 (full 3):
 par new generation   total 60864K, used 56962K [0x00000006fb000000, 0x00000006ff200000, 0x0000000724990000)
  eden space 54144K, 100% used [0x00000006fb000000, 0x00000006fe4e0000, 0x00000006fe4e0000)
  from space 6720K,  41% used [0x00000006feb70000, 0x00000006fee30880, 0x00000006ff200000)
  to   space 6720K,   0% used [0x00000006fe4e0000, 0x00000006fe4e0000, 0x00000006feb70000)
 concurrent mark-sweep generation total 135168K, used 81309K [0x0000000724990000, 0x000000072cd90000, 0x00000007c0000000)
 Metaspace       used 101234K, capacity 106675K, committed 106884K, reserved 1142784K
  class space    used 12656K, capacity 13676K, committed 13740K, reserved 1048576K
2020-12-20T10:02:19.361+0000: 32.693: [GC (Allocation Failure) 2020-12-20T10:02:19.361+0000: 32.693: [ParNew
Desired survivor size 3440640 bytes, new threshold 6 (max 6)
- age   1:     469040 bytes,     469040 total
- age   2:     206584 bytes,     675624 total
- age   3:     326408 bytes,    1002032 total
- age   4:     806000 bytes,    1808032 total
- age   5:     745976 bytes,    2554008 total
: 56962K->3172K(60864K), 0.0064116 secs] 138271K->84481K(196032K), 0.0066159 secs] [Times: user=0.05 sys=0.00, real=0.01 secs] 
Heap after GC invocations=152 (full 3):
 par new generation   total 60864K, used 3172K [0x00000006fb000000, 0x00000006ff200000, 0x0000000724990000)
  eden space 54144K,   0% used [0x00000006fb000000, 0x00000006fb000000, 0x00000006fe4e0000)
  from space 6720K,  47% used [0x00000006fe4e0000, 0x00000006fe7f9290, 0x00000006feb70000)
  to   space 6720K,   0% used [0x00000006feb70000, 0x00000006feb70000, 0x00000006ff200000)
 concurrent mark-sweep generation total 135168K, used 81309K [0x0000000724990000, 0x000000072cd90000, 0x00000007c0000000)
 Metaspace       used 101234K, capacity 106675K, committed 106884K, reserved 1142784K
  class space    used 12656K, capacity 13676K, committed 13740K, reserved 1048576K
}
2020-12-20T10:02:19.368+0000: 32.699: Total time for which application threads were stopped: 0.0070017 seconds, Stopping threads took: 0.0000568 seconds
{Heap before GC invocations=152 (full 3):
 par new generation   total 60864K, used 57316K [0x00000006fb000000, 0x00000006ff200000, 0x0000000724990000)
  eden space 54144K, 100% used [0x00000006fb000000, 0x00000006fe4e0000, 0x00000006fe4e0000)
  from space 6720K,  47% used [0x00000006fe4e0000, 0x00000006fe7f9290, 0x00000006feb70000)
  to   space 6720K,   0% used [0x00000006feb70000, 0x00000006feb70000, 0x00000006ff200000)
 concurrent mark-sweep generation total 135168K, used 81309K [0x0000000724990000, 0x000000072cd90000, 0x00000007c0000000)
 Metaspace       used 101341K, capacity 106775K, committed 106884K, reserved 1142784K
  class space    used 12660K, capacity 13682K, committed 13740K, reserved 1048576K
2020-12-20T10:02:19.649+0000: 32.981: [GC (Allocation Failure) 2020-12-20T10:02:19.649+0000: 32.981: [ParNew
Desired survivor size 3440640 bytes, new threshold 6 (max 6)
- age   1:     317904 bytes,     317904 total
- age   2:     300192 bytes,     618096 total
- age   3:     204288 bytes,     822384 total
- age   4:     325368 bytes,    1147752 total
- age   5:     805904 bytes,    1953656 total
- age   6:     745976 bytes,    2699632 total
: 57316K->3184K(60864K), 0.0071450 secs] 138625K->84493K(196032K), 0.0073652 secs] [Times: user=0.05 sys=0.02, real=0.01 secs] 
Heap after GC invocations=153 (full 3):
 par new generation   total 60864K, used 3184K [0x00000006fb000000, 0x00000006ff200000, 0x0000000724990000)
  eden space 54144K,   0% used [0x00000006fb000000, 0x00000006fb000000, 0x00000006fe4e0000)
  from space 6720K,  47% used [0x00000006feb70000, 0x00000006fee8c1c0, 0x00000006ff200000)
  to   space 6720K,   0% used [0x00000006fe4e0000, 0x00000006fe4e0000, 0x00000006feb70000)
 concurrent mark-sweep generation total 135168K, used 81309K [0x0000000724990000, 0x000000072cd90000, 0x00000007c0000000)
 Metaspace       used 101341K, capacity 106775K, committed 106884K, reserved 1142784K
  class space    used 12660K, capacity 13682K, committed 13740K, reserved 1048576K
}
2020-12-20T10:02:19.656+0000: 32.988: Total time for which application threads were stopped: 0.0077412 seconds, Stopping threads took: 0.0000534 seconds
{Heap before GC invocations=153 (full 3):
 par new generation   total 60864K, used 57328K [0x00000006fb000000, 0x00000006ff200000, 0x0000000724990000)
  eden space 54144K, 100% used [0x00000006fb000000, 0x00000006fe4e0000, 0x00000006fe4e0000)
  from space 6720K,  47% used [0x00000006feb70000, 0x00000006fee8c1c0, 0x00000006ff200000)
  to   space 6720K,   0% used [0x00000006fe4e0000, 0x00000006fe4e0000, 0x00000006feb70000)
 concurrent mark-sweep generation total 135168K, used 81309K [0x0000000724990000, 0x000000072cd90000, 0x00000007c0000000)
 Metaspace       used 101416K, capacity 106973K, committed 107140K, reserved 1142784K
  class space    used 12660K, capacity 13683K, committed 13740K, reserved 1048576K
2020-12-20T10:02:20.047+0000: 33.379: [GC (Allocation Failure) 2020-12-20T10:02:20.047+0000: 33.379: [ParNew
Desired survivor size 3440640 bytes, new threshold 6 (max 6)
- age   1:     328936 bytes,     328936 total
- age   2:     223856 bytes,     552792 total
- age   3:     295976 bytes,     848768 total
- age   4:     203008 bytes,    1051776 total
- age   5:     321384 bytes,    1373160 total
- age   6:     805904 bytes,    2179064 total
: 57328K->2886K(60864K), 0.0072835 secs] 138637K->84941K(196032K), 0.0074627 secs] [Times: user=0.05 sys=0.00, real=0.00 secs] 
Heap after GC invocations=154 (full 3):
 par new generation   total 60864K, used 2886K [0x00000006fb000000, 0x00000006ff200000, 0x0000000724990000)
  eden space 54144K,   0% used [0x00000006fb000000, 0x00000006fb000000, 0x00000006fe4e0000)
  from space 6720K,  42% used [0x00000006fe4e0000, 0x00000006fe7b18a8, 0x00000006feb70000)
  to   space 6720K,   0% used [0x00000006feb70000, 0x00000006feb70000, 0x00000006ff200000)
 concurrent mark-sweep generation total 135168K, used 82055K [0x0000000724990000, 0x000000072cd90000, 0x00000007c0000000)
 Metaspace       used 101416K, capacity 106973K, committed 107140K, reserved 1142784K
  class space    used 12660K, capacity 13683K, committed 13740K, reserved 1048576K
}
2020-12-20T10:02:20.055+0000: 33.386: Total time for which application threads were stopped: 0.0077908 seconds, Stopping threads took: 0.0000485 seconds
{Heap before GC invocations=154 (full 3):
 par new generation   total 60864K, used 57030K [0x00000006fb000000, 0x00000006ff200000, 0x0000000724990000)
  eden space 54144K, 100% used [0x00000006fb000000, 0x00000006fe4e0000, 0x00000006fe4e0000)
  from space 6720K,  42% used [0x00000006fe4e0000, 0x00000006fe7b18a8, 0x00000006feb70000)
  to   space 6720K,   0% used [0x00000006feb70000, 0x00000006feb70000, 0x00000006ff200000)
 concurrent mark-sweep generation total 135168K, used 82055K [0x0000000724990000, 0x000000072cd90000, 0x00000007c0000000)
 Metaspace       used 101461K, capacity 106973K, committed 107140K, reserved 1142784K
  class space    used 12663K, capacity 13683K, committed 13740K, reserved 1048576K
2020-12-20T10:02:20.275+0000: 33.606: [GC (Allocation Failure) 2020-12-20T10:02:20.275+0000: 33.606: [ParNew
Desired survivor size 3440640 bytes, new threshold 6 (max 6)
- age   1:     295056 bytes,     295056 total
- age   2:     239232 bytes,     534288 total
- age   3:     223520 bytes,     757808 total
- age   4:     295936 bytes,    1053744 total
- age   5:     201440 bytes,    1255184 total
- age   6:     317696 bytes,    1572880 total
: 57030K->2432K(60864K), 0.0220655 secs] 139085K->85284K(196032K), 0.0223120 secs] [Times: user=0.20 sys=0.00, real=0.03 secs] 
Heap after GC invocations=155 (full 3):
 par new generation   total 60864K, used 2432K [0x00000006fb000000, 0x00000006ff200000, 0x0000000724990000)
  eden space 54144K,   0% used [0x00000006fb000000, 0x00000006fb000000, 0x00000006fe4e0000)
  from space 6720K,  36% used [0x00000006feb70000, 0x00000006fedd0068, 0x00000006ff200000)
  to   space 6720K,   0% used [0x00000006fe4e0000, 0x00000006fe4e0000, 0x00000006feb70000)
 concurrent mark-sweep generation total 135168K, used 82852K [0x0000000724990000, 0x000000072cd90000, 0x00000007c0000000)
 Metaspace       used 101461K, capacity 106973K, committed 107140K, reserved 1142784K
  class space    used 12663K, capacity 13683K, committed 13740K, reserved 1048576K
}
2020-12-20T10:02:20.297+0000: 33.629: Total time for which application threads were stopped: 0.0226444 seconds, Stopping threads took: 0.0000514 seconds
{Heap before GC invocations=155 (full 3):
 par new generation   total 60864K, used 56576K [0x00000006fb000000, 0x00000006ff200000, 0x0000000724990000)
  eden space 54144K, 100% used [0x00000006fb000000, 0x00000006fe4e0000, 0x00000006fe4e0000)
  from space 6720K,  36% used [0x00000006feb70000, 0x00000006fedd0068, 0x00000006ff200000)
  to   space 6720K,   0% used [0x00000006fe4e0000, 0x00000006fe4e0000, 0x00000006feb70000)
 concurrent mark-sweep generation total 135168K, used 82852K [0x0000000724990000, 0x000000072cd90000, 0x00000007c0000000)
 Metaspace       used 101524K, capacity 107037K, committed 107140K, reserved 1142784K
  class space    used 12665K, capacity 13683K, committed 13740K, reserved 1048576K
2020-12-20T10:02:20.537+0000: 33.869: [GC (Allocation Failure) 2020-12-20T10:02:20.538+0000: 33.869: [ParNew
Desired survivor size 3440640 bytes, new threshold 6 (max 6)
- age   1:     427464 bytes,     427464 total
- age   2:     219600 bytes,     647064 total
- age   3:     238640 bytes,     885704 total
- age   4:     223168 bytes,    1108872 total
- age   5:     291264 bytes,    1400136 total
- age   6:     200816 bytes,    1600952 total
: 56576K->2311K(60864K), 0.0134066 secs] 139428K->85483K(196032K), 0.0137155 secs] [Times: user=0.08 sys=0.01, real=0.01 secs] 
Heap after GC invocations=156 (full 3):
 par new generation   total 60864K, used 2311K [0x00000006fb000000, 0x00000006ff200000, 0x0000000724990000)
  eden space 54144K,   0% used [0x00000006fb000000, 0x00000006fb000000, 0x00000006fe4e0000)
  from space 6720K,  34% used [0x00000006fe4e0000, 0x00000006fe721cb0, 0x00000006feb70000)
  to   space 6720K,   0% used [0x00000006feb70000, 0x00000006feb70000, 0x00000006ff200000)
 concurrent mark-sweep generation total 135168K, used 83172K [0x0000000724990000, 0x000000072cd90000, 0x00000007c0000000)
 Metaspace       used 101524K, capacity 107037K, committed 107140K, reserved 1142784K
  class space    used 12665K, capacity 13683K, committed 13740K, reserved 1048576K
}
2020-12-20T10:02:20.551+0000: 33.883: Total time for which application threads were stopped: 0.0140571 seconds, Stopping threads took: 0.0000515 seconds
{Heap before GC invocations=156 (full 3):
 par new generation   total 60864K, used 56455K [0x00000006fb000000, 0x00000006ff200000, 0x0000000724990000)
  eden space 54144K, 100% used [0x00000006fb000000, 0x00000006fe4e0000, 0x00000006fe4e0000)
  from space 6720K,  34% used [0x00000006fe4e0000, 0x00000006fe721cb0, 0x00000006feb70000)
  to   space 6720K,   0% used [0x00000006feb70000, 0x00000006feb70000, 0x00000006ff200000)
 concurrent mark-sweep generation total 135168K, used 83172K [0x0000000724990000, 0x000000072cd90000, 0x00000007c0000000)
 Metaspace       used 101607K, capacity 107113K, committed 107396K, reserved 1142784K
  class space    used 12671K, capacity 13685K, committed 13740K, reserved 1048576K
2020-12-20T10:02:20.859+0000: 34.191: [GC (Allocation Failure) 2020-12-20T10:02:20.859+0000: 34.191: [ParNew
Desired survivor size 3440640 bytes, new threshold 6 (max 6)
- age   1:     244112 bytes,     244112 total
- age   2:     188880 bytes,     432992 total
- age   3:     219400 bytes,     652392 total
- age   4:     236888 bytes,     889280 total
- age   5:     219840 bytes,    1109120 total
- age   6:     290360 bytes,    1399480 total
: 56455K->2172K(60864K), 0.0093628 secs] 139627K->85545K(196032K), 0.0096274 secs] [Times: user=0.07 sys=0.00, real=0.01 secs] 
Heap after GC invocations=157 (full 3):
 par new generation   total 60864K, used 2172K [0x00000006fb000000, 0x00000006ff200000, 0x0000000724990000)
  eden space 54144K,   0% used [0x00000006fb000000, 0x00000006fb000000, 0x00000006fe4e0000)
  from space 6720K,  32% used [0x00000006feb70000, 0x00000006fed8f158, 0x00000006ff200000)
  to   space 6720K,   0% used [0x00000006fe4e0000, 0x00000006fe4e0000, 0x00000006feb70000)
 concurrent mark-sweep generation total 135168K, used 83373K [0x0000000724990000, 0x000000072cd90000, 0x00000007c0000000)
 Metaspace       used 101607K, capacity 107113K, committed 107396K, reserved 1142784K
  class space    used 12671K, capacity 13685K, committed 13740K, reserved 1048576K
}
2020-12-20T10:02:20.869+0000: 34.200: Total time for which application threads were stopped: 0.0100414 seconds, Stopping threads took: 0.0000797 seconds
{Heap before GC invocations=157 (full 3):
 par new generation   total 60864K, used 56316K [0x00000006fb000000, 0x00000006ff200000, 0x0000000724990000)
  eden space 54144K, 100% used [0x00000006fb000000, 0x00000006fe4e0000, 0x00000006fe4e0000)
  from space 6720K,  32% used [0x00000006feb70000, 0x00000006fed8f158, 0x00000006ff200000)
  to   space 6720K,   0% used [0x00000006fe4e0000, 0x00000006fe4e0000, 0x00000006feb70000)
 concurrent mark-sweep generation total 135168K, used 83373K [0x0000000724990000, 0x000000072cd90000, 0x00000007c0000000)
 Metaspace       used 101773K, capacity 107273K, committed 107396K, reserved 1142784K
  class space    used 12691K, capacity 13717K, committed 13740K, reserved 1048576K
2020-12-20T10:02:21.169+0000: 34.501: [GC (Allocation Failure) 2020-12-20T10:02:21.169+0000: 34.501: [ParNew
Desired survivor size 3440640 bytes, new threshold 6 (max 6)
- age   1:     562352 bytes,     562352 total
- age   2:     187400 bytes,     749752 total
- age   3:     180112 bytes,     929864 total
- age   4:     212872 bytes,    1142736 total
- age   5:     228384 bytes,    1371120 total
- age   6:     218640 bytes,    1589760 total
: 56316K->2138K(60864K), 0.0066524 secs] 139689K->85801K(196032K), 0.0068858 secs] [Times: user=0.05 sys=0.00, real=0.01 secs] 
Heap after GC invocations=158 (full 3):
 par new generation   total 60864K, used 2138K [0x00000006fb000000, 0x00000006ff200000, 0x0000000724990000)
  eden space 54144K,   0% used [0x00000006fb000000, 0x00000006fb000000, 0x00000006fe4e0000)
  from space 6720K,  31% used [0x00000006fe4e0000, 0x00000006fe6f6ae0, 0x00000006feb70000)
  to   space 6720K,   0% used [0x00000006feb70000, 0x00000006feb70000, 0x00000006ff200000)
 concurrent mark-sweep generation total 135168K, used 83662K [0x0000000724990000, 0x000000072cd90000, 0x00000007c0000000)
 Metaspace       used 101773K, capacity 107273K, committed 107396K, reserved 1142784K
  class space    used 12691K, capacity 13717K, committed 13740K, reserved 1048576K
}
2020-12-20T10:02:21.176+0000: 34.508: Total time for which application threads were stopped: 0.0072665 seconds, Stopping threads took: 0.0000516 seconds
{Heap before GC invocations=158 (full 3):
 par new generation   total 60864K, used 56282K [0x00000006fb000000, 0x00000006ff200000, 0x0000000724990000)
  eden space 54144K, 100% used [0x00000006fb000000, 0x00000006fe4e0000, 0x00000006fe4e0000)
  from space 6720K,  31% used [0x00000006fe4e0000, 0x00000006fe6f6ae0, 0x00000006feb70000)
  to   space 6720K,   0% used [0x00000006feb70000, 0x00000006feb70000, 0x00000006ff200000)
 concurrent mark-sweep generation total 135168K, used 83662K [0x0000000724990000, 0x000000072cd90000, 0x00000007c0000000)
 Metaspace       used 101830K, capacity 107343K, committed 107396K, reserved 1142784K
  class space    used 12693K, capacity 13718K, committed 13740K, reserved 1048576K
2020-12-20T10:02:21.426+0000: 34.758: [GC (Allocation Failure) 2020-12-20T10:02:21.426+0000: 34.758: [ParNew
Desired survivor size 3440640 bytes, new threshold 6 (max 6)
- age   1:     334936 bytes,     334936 total
- age   2:     427648 bytes,     762584 total
- age   3:     185864 bytes,     948448 total
- age   4:     180112 bytes,    1128560 total
- age   5:     212832 bytes,    1341392 total
- age   6:     228384 bytes,    1569776 total
: 56282K->2442K(60864K), 0.0053443 secs] 139945K->86323K(196032K), 0.0055216 secs] [Times: user=0.03 sys=0.00, real=0.00 secs] 
Heap after GC invocations=159 (full 3):
 par new generation   total 60864K, used 2442K [0x00000006fb000000, 0x00000006ff200000, 0x0000000724990000)
  eden space 54144K,   0% used [0x00000006fb000000, 0x00000006fb000000, 0x00000006fe4e0000)
  from space 6720K,  36% used [0x00000006feb70000, 0x00000006fedd2a50, 0x00000006ff200000)
  to   space 6720K,   0% used [0x00000006fe4e0000, 0x00000006fe4e0000, 0x00000006feb70000)
 concurrent mark-sweep generation total 135168K, used 83881K [0x0000000724990000, 0x000000072cd90000, 0x00000007c0000000)
 Metaspace       used 101830K, capacity 107343K, committed 107396K, reserved 1142784K
  class space    used 12693K, capacity 13718K, committed 13740K, reserved 1048576K
}
2020-12-20T10:02:21.432+0000: 34.763: Total time for which application threads were stopped: 0.0058416 seconds, Stopping threads took: 0.0000503 seconds
{Heap before GC invocations=159 (full 3):
 par new generation   total 60864K, used 56586K [0x00000006fb000000, 0x00000006ff200000, 0x0000000724990000)
  eden space 54144K, 100% used [0x00000006fb000000, 0x00000006fe4e0000, 0x00000006fe4e0000)
  from space 6720K,  36% used [0x00000006feb70000, 0x00000006fedd2a50, 0x00000006ff200000)
  to   space 6720K,   0% used [0x00000006fe4e0000, 0x00000006fe4e0000, 0x00000006feb70000)
 concurrent mark-sweep generation total 135168K, used 83881K [0x0000000724990000, 0x000000072cd90000, 0x00000007c0000000)
 Metaspace       used 101899K, capacity 107407K, committed 107652K, reserved 1142784K
  class space    used 12700K, capacity 13718K, committed 13740K, reserved 1048576K
2020-12-20T10:02:21.668+0000: 34.999: [GC (Allocation Failure) 2020-12-20T10:02:21.668+0000: 34.999: [ParNew
Desired survivor size 3440640 bytes, new threshold 6 (max 6)
- age   1:     366784 bytes,     366784 total
- age   2:     186920 bytes,     553704 total
- age   3:     409640 bytes,     963344 total
- age   4:     181976 bytes,    1145320 total
- age   5:     178432 bytes,    1323752 total
- age   6:     211328 bytes,    1535080 total
: 56586K->2065K(60864K), 0.0170344 secs] 140467K->86170K(196032K), 0.0172198 secs] [Times: user=0.12 sys=0.00, real=0.01 secs] 
Heap after GC invocations=160 (full 3):
 par new generation   total 60864K, used 2065K [0x00000006fb000000, 0x00000006ff200000, 0x0000000724990000)
  eden space 54144K,   0% used [0x00000006fb000000, 0x00000006fb000000, 0x00000006fe4e0000)
  from space 6720K,  30% used [0x00000006fe4e0000, 0x00000006fe6e4528, 0x00000006feb70000)
  to   space 6720K,   0% used [0x00000006feb70000, 0x00000006feb70000, 0x00000006ff200000)
 concurrent mark-sweep generation total 135168K, used 84105K [0x0000000724990000, 0x000000072cd90000, 0x00000007c0000000)
 Metaspace       used 101899K, capacity 107407K, committed 107652K, reserved 1142784K
  class space    used 12700K, capacity 13718K, committed 13740K, reserved 1048576K
}
2020-12-20T10:02:21.685+0000: 35.016: Total time for which application threads were stopped: 0.0175738 seconds, Stopping threads took: 0.0000529 seconds
{Heap before GC invocations=160 (full 3):
 par new generation   total 60864K, used 56209K [0x00000006fb000000, 0x00000006ff200000, 0x0000000724990000)
  eden space 54144K, 100% used [0x00000006fb000000, 0x00000006fe4e0000, 0x00000006fe4e0000)
  from space 6720K,  30% used [0x00000006fe4e0000, 0x00000006fe6e4528, 0x00000006feb70000)
  to   space 6720K,   0% used [0x00000006feb70000, 0x00000006feb70000, 0x00000006ff200000)
 concurrent mark-sweep generation total 135168K, used 84105K [0x0000000724990000, 0x000000072cd90000, 0x00000007c0000000)
 Metaspace       used 101964K, capacity 107477K, committed 107652K, reserved 1142784K
  class space    used 12702K, capacity 13719K, committed 13740K, reserved 1048576K
2020-12-20T10:02:21.920+0000: 35.252: [GC (Allocation Failure) 2020-12-20T10:02:21.920+0000: 35.252: [ParNew
Desired survivor size 3440640 bytes, new threshold 6 (max 6)
- age   1:     576904 bytes,     576904 total
- age   2:     297112 bytes,     874016 total
- age   3:     186152 bytes,    1060168 total
- age   4:     400472 bytes,    1460640 total
- age   5:     181368 bytes,    1642008 total
- age   6:     178304 bytes,    1820312 total
: 56209K->2434K(60864K), 0.0096444 secs] 140314K->86750K(196032K), 0.0098106 secs] [Times: user=0.08 sys=0.00, real=0.01 secs] 
Heap after GC invocations=161 (full 3):
 par new generation   total 60864K, used 2434K [0x00000006fb000000, 0x00000006ff200000, 0x0000000724990000)
  eden space 54144K,   0% used [0x00000006fb000000, 0x00000006fb000000, 0x00000006fe4e0000)
  from space 6720K,  36% used [0x00000006feb70000, 0x00000006fedd0a30, 0x00000006ff200000)
  to   space 6720K,   0% used [0x00000006fe4e0000, 0x00000006fe4e0000, 0x00000006feb70000)
 concurrent mark-sweep generation total 135168K, used 84316K [0x0000000724990000, 0x000000072cd90000, 0x00000007c0000000)
 Metaspace       used 101964K, capacity 107477K, committed 107652K, reserved 1142784K
  class space    used 12702K, capacity 13719K, committed 13740K, reserved 1048576K
}
2020-12-20T10:02:21.930+0000: 35.262: Total time for which application threads were stopped: 0.0101226 seconds, Stopping threads took: 0.0000488 seconds
{Heap before GC invocations=161 (full 3):
 par new generation   total 60864K, used 56578K [0x00000006fb000000, 0x00000006ff200000, 0x0000000724990000)
  eden space 54144K, 100% used [0x00000006fb000000, 0x00000006fe4e0000, 0x00000006fe4e0000)
  from space 6720K,  36% used [0x00000006feb70000, 0x00000006fedd0a30, 0x00000006ff200000)
  to   space 6720K,   0% used [0x00000006fe4e0000, 0x00000006fe4e0000, 0x00000006feb70000)
 concurrent mark-sweep generation total 135168K, used 84316K [0x0000000724990000, 0x000000072cd90000, 0x00000007c0000000)
 Metaspace       used 101974K, capacity 107477K, committed 107652K, reserved 1142784K
  class space    used 12702K, capacity 13719K, committed 13740K, reserved 1048576K
2020-12-20T10:02:22.091+0000: 35.423: [GC (Allocation Failure) 2020-12-20T10:02:22.091+0000: 35.423: [ParNew
Desired survivor size 3440640 bytes, new threshold 6 (max 6)
- age   1:     155048 bytes,     155048 total
- age   2:     277440 bytes,     432488 total
- age   3:     296696 bytes,     729184 total
- age   4:     186152 bytes,     915336 total
- age   5:     400472 bytes,    1315808 total
- age   6:     181368 bytes,    1497176 total
: 56578K->2306K(60864K), 0.0229418 secs] 140894K->86801K(196032K), 0.0231337 secs] [Times: user=0.17 sys=0.00, real=0.02 secs] 
Heap after GC invocations=162 (full 3):
 par new generation   total 60864K, used 2306K [0x00000006fb000000, 0x00000006ff200000, 0x0000000724990000)
  eden space 54144K,   0% used [0x00000006fb000000, 0x00000006fb000000, 0x00000006fe4e0000)
  from space 6720K,  34% used [0x00000006fe4e0000, 0x00000006fe720ad0, 0x00000006feb70000)
  to   space 6720K,   0% used [0x00000006feb70000, 0x00000006feb70000, 0x00000006ff200000)
 concurrent mark-sweep generation total 135168K, used 84494K [0x0000000724990000, 0x000000072cd90000, 0x00000007c0000000)
 Metaspace       used 101974K, capacity 107477K, committed 107652K, reserved 1142784K
  class space    used 12702K, capacity 13719K, committed 13740K, reserved 1048576K
}
2020-12-20T10:02:22.115+0000: 35.446: Total time for which application threads were stopped: 0.0234553 seconds, Stopping threads took: 0.0000606 seconds
{Heap before GC invocations=162 (full 3):
 par new generation   total 60864K, used 56450K [0x00000006fb000000, 0x00000006ff200000, 0x0000000724990000)
  eden space 54144K, 100% used [0x00000006fb000000, 0x00000006fe4e0000, 0x00000006fe4e0000)
  from space 6720K,  34% used [0x00000006fe4e0000, 0x00000006fe720ad0, 0x00000006feb70000)
  to   space 6720K,   0% used [0x00000006feb70000, 0x00000006feb70000, 0x00000006ff200000)
 concurrent mark-sweep generation total 135168K, used 84494K [0x0000000724990000, 0x000000072cd90000, 0x00000007c0000000)
 Metaspace       used 101978K, capacity 107477K, committed 107652K, reserved 1142784K
  class space    used 12702K, capacity 13719K, committed 13740K, reserved 1048576K
2020-12-20T10:02:22.282+0000: 35.614: [GC (Allocation Failure) 2020-12-20T10:02:22.283+0000: 35.614: [ParNew
Desired survivor size 3440640 bytes, new threshold 6 (max 6)
- age   1:     139368 bytes,     139368 total
- age   2:      58704 bytes,     198072 total
- age   3:     276336 bytes,     474408 total
- age   4:     296528 bytes,     770936 total
- age   5:     186192 bytes,     957128 total
- age   6:     398976 bytes,    1356104 total
: 56450K->2270K(60864K), 0.0094401 secs] 140945K->86946K(196032K), 0.0096509 secs] [Times: user=0.08 sys=0.00, real=0.01 secs] 
Heap after GC invocations=163 (full 3):
 par new generation   total 60864K, used 2270K [0x00000006fb000000, 0x00000006ff200000, 0x0000000724990000)
  eden space 54144K,   0% used [0x00000006fb000000, 0x00000006fb000000, 0x00000006fe4e0000)
  from space 6720K,  33% used [0x00000006feb70000, 0x00000006feda7860, 0x00000006ff200000)
  to   space 6720K,   0% used [0x00000006fe4e0000, 0x00000006fe4e0000, 0x00000006feb70000)
 concurrent mark-sweep generation total 135168K, used 84675K [0x0000000724990000, 0x000000072cd90000, 0x00000007c0000000)
 Metaspace       used 101978K, capacity 107477K, committed 107652K, reserved 1142784K
  class space    used 12702K, capacity 13719K, committed 13740K, reserved 1048576K
}
2020-12-20T10:02:22.292+0000: 35.624: Total time for which application threads were stopped: 0.0099643 seconds, Stopping threads took: 0.0000600 seconds
{Heap before GC invocations=163 (full 3):
 par new generation   total 60864K, used 56414K [0x00000006fb000000, 0x00000006ff200000, 0x0000000724990000)
  eden space 54144K, 100% used [0x00000006fb000000, 0x00000006fe4e0000, 0x00000006fe4e0000)
  from space 6720K,  33% used [0x00000006feb70000, 0x00000006feda7860, 0x00000006ff200000)
  to   space 6720K,   0% used [0x00000006fe4e0000, 0x00000006fe4e0000, 0x00000006feb70000)
 concurrent mark-sweep generation total 135168K, used 84675K [0x0000000724990000, 0x000000072cd90000, 0x00000007c0000000)
 Metaspace       used 102023K, capacity 107541K, committed 107652K, reserved 1142784K
  class space    used 12704K, capacity 13719K, committed 13740K, reserved 1048576K
2020-12-20T10:02:22.507+0000: 35.839: [GC (Allocation Failure) 2020-12-20T10:02:22.507+0000: 35.839: [ParNew
Desired survivor size 3440640 bytes, new threshold 6 (max 6)
- age   1:     384824 bytes,     384824 total
- age   2:      85808 bytes,     470632 total
- age   3:      58368 bytes,     529000 total
- age   4:     275008 bytes,     804008 total
- age   5:     293760 bytes,    1097768 total
- age   6:     182000 bytes,    1279768 total
: 56414K->1668K(60864K), 0.0203603 secs] 141090K->86740K(196032K), 0.0205441 secs] [Times: user=0.15 sys=0.00, real=0.02 secs] 
Heap after GC invocations=164 (full 3):
 par new generation   total 60864K, used 1668K [0x00000006fb000000, 0x00000006ff200000, 0x0000000724990000)
  eden space 54144K,   0% used [0x00000006fb000000, 0x00000006fb000000, 0x00000006fe4e0000)
  from space 6720K,  24% used [0x00000006fe4e0000, 0x00000006fe681008, 0x00000006feb70000)
  to   space 6720K,   0% used [0x00000006feb70000, 0x00000006feb70000, 0x00000006ff200000)
 concurrent mark-sweep generation total 135168K, used 85072K [0x0000000724990000, 0x000000072cd90000, 0x00000007c0000000)
 Metaspace       used 102023K, capacity 107541K, committed 107652K, reserved 1142784K
  class space    used 12704K, capacity 13719K, committed 13740K, reserved 1048576K
}
2020-12-20T10:02:22.528+0000: 35.859: Total time for which application threads were stopped: 0.0208658 seconds, Stopping threads took: 0.0000532 seconds
2020-12-20T10:02:22.677+0000: 36.009: Total time for which application threads were stopped: 0.0013924 seconds, Stopping threads took: 0.0000508 seconds
{Heap before GC invocations=164 (full 3):
 par new generation   total 60864K, used 55812K [0x00000006fb000000, 0x00000006ff200000, 0x0000000724990000)
  eden space 54144K, 100% used [0x00000006fb000000, 0x00000006fe4e0000, 0x00000006fe4e0000)
  from space 6720K,  24% used [0x00000006fe4e0000, 0x00000006fe681008, 0x00000006feb70000)
  to   space 6720K,   0% used [0x00000006feb70000, 0x00000006feb70000, 0x00000006ff200000)
 concurrent mark-sweep generation total 135168K, used 85072K [0x0000000724990000, 0x000000072cd90000, 0x00000007c0000000)
 Metaspace       used 103161K, capacity 108911K, committed 109188K, reserved 1144832K
  class space    used 12872K, capacity 13970K, committed 13996K, reserved 1048576K
2020-12-20T10:02:22.884+0000: 36.215: [GC (Allocation Failure) 2020-12-20T10:02:22.884+0000: 36.215: [ParNew
Desired survivor size 3440640 bytes, new threshold 6 (max 6)
- age   1:     956216 bytes,     956216 total
- age   2:     269464 bytes,    1225680 total
- age   3:      85680 bytes,    1311360 total
- age   4:      58192 bytes,    1369552 total
- age   5:     274416 bytes,    1643968 total
- age   6:     291384 bytes,    1935352 total
: 55812K->2543K(60864K), 0.0104635 secs] 140884K->87798K(196032K), 0.0106480 secs] [Times: user=0.07 sys=0.00, real=0.01 secs] 
Heap after GC invocations=165 (full 3):
 par new generation   total 60864K, used 2543K [0x00000006fb000000, 0x00000006ff200000, 0x0000000724990000)
  eden space 54144K,   0% used [0x00000006fb000000, 0x00000006fb000000, 0x00000006fe4e0000)
  from space 6720K,  37% used [0x00000006feb70000, 0x00000006fedebdf8, 0x00000006ff200000)
  to   space 6720K,   0% used [0x00000006fe4e0000, 0x00000006fe4e0000, 0x00000006feb70000)
 concurrent mark-sweep generation total 135168K, used 85254K [0x0000000724990000, 0x000000072cd90000, 0x00000007c0000000)
 Metaspace       used 103161K, capacity 108911K, committed 109188K, reserved 1144832K
  class space    used 12872K, capacity 13970K, committed 13996K, reserved 1048576K
}
2020-12-20T10:02:22.894+0000: 36.226: Total time for which application threads were stopped: 0.0112726 seconds, Stopping threads took: 0.0002980 seconds
2020-12-20T10:02:22.898+0000: 36.230: Total time for which application threads were stopped: 0.0016528 seconds, Stopping threads took: 0.0001753 seconds
2020-12-20T10:02:23.134+0000: 36.466: Total time for which application threads were stopped: 0.0015796 seconds, Stopping threads took: 0.0000784 seconds
{Heap before GC invocations=165 (full 3):
 par new generation   total 60864K, used 56687K [0x00000006fb000000, 0x00000006ff200000, 0x0000000724990000)
  eden space 54144K, 100% used [0x00000006fb000000, 0x00000006fe4e0000, 0x00000006fe4e0000)
  from space 6720K,  37% used [0x00000006feb70000, 0x00000006fedebdf8, 0x00000006ff200000)
  to   space 6720K,   0% used [0x00000006fe4e0000, 0x00000006fe4e0000, 0x00000006feb70000)
 concurrent mark-sweep generation total 135168K, used 85254K [0x0000000724990000, 0x000000072cd90000, 0x00000007c0000000)
 Metaspace       used 104701K, capacity 110675K, committed 110980K, reserved 1146880K
  class space    used 13047K, capacity 14170K, committed 14252K, reserved 1048576K
2020-12-20T10:02:23.316+0000: 36.648: [GC (Allocation Failure) 2020-12-20T10:02:23.316+0000: 36.648: [ParNew
Desired survivor size 3440640 bytes, new threshold 6 (max 6)
- age   1:    1871016 bytes,    1871016 total
- age   2:     728640 bytes,    2599656 total
- age   3:     265352 bytes,    2865008 total
- age   4:      83992 bytes,    2949000 total
- age   5:      58192 bytes,    3007192 total
- age   6:     268952 bytes,    3276144 total
: 56687K->4033K(60864K), 0.0187616 secs] 141942K->89576K(196032K), 0.0189868 secs] [Times: user=0.11 sys=0.01, real=0.01 secs] 
Heap after GC invocations=166 (full 3):
 par new generation   total 60864K, used 4033K [0x00000006fb000000, 0x00000006ff200000, 0x0000000724990000)
  eden space 54144K,   0% used [0x00000006fb000000, 0x00000006fb000000, 0x00000006fe4e0000)
  from space 6720K,  60% used [0x00000006fe4e0000, 0x00000006fe8d0708, 0x00000006feb70000)
  to   space 6720K,   0% used [0x00000006feb70000, 0x00000006feb70000, 0x00000006ff200000)
 concurrent mark-sweep generation total 135168K, used 85542K [0x0000000724990000, 0x000000072cd90000, 0x00000007c0000000)
 Metaspace       used 104701K, capacity 110675K, committed 110980K, reserved 1146880K
  class space    used 13047K, capacity 14170K, committed 14252K, reserved 1048576K
}
2020-12-20T10:02:23.335+0000: 36.667: Total time for which application threads were stopped: 0.0197951 seconds, Stopping threads took: 0.0003577 seconds
2020-12-20T10:02:23.510+0000: 36.841: Total time for which application threads were stopped: 0.0021077 seconds, Stopping threads took: 0.0000856 seconds
2020-12-20T10:02:23.844+0000: 37.176: Total time for which application threads were stopped: 0.0004710 seconds, Stopping threads took: 0.0002007 seconds
2020-12-20T10:02:23.966+0000: 37.297: Total time for which application threads were stopped: 0.0004429 seconds, Stopping threads took: 0.0001729 seconds
2020-12-20T10:02:24.098+0000: 37.430: Total time for which application threads were stopped: 0.0004724 seconds, Stopping threads took: 0.0002238 seconds
2020-12-20T10:02:24.153+0000: 37.485: Total time for which application threads were stopped: 0.0004634 seconds, Stopping threads took: 0.0001643 seconds
2020-12-20T10:02:24.154+0000: 37.486: Total time for which application threads were stopped: 0.0004290 seconds, Stopping threads took: 0.0001835 seconds
2020-12-20T10:02:24.155+0000: 37.486: Total time for which application threads were stopped: 0.0003517 seconds, Stopping threads took: 0.0001898 seconds
2020-12-20T10:02:24.195+0000: 37.527: Total time for which application threads were stopped: 0.0008524 seconds, Stopping threads took: 0.0005830 seconds
2020-12-20T10:02:24.196+0000: 37.528: Total time for which application threads were stopped: 0.0004161 seconds, Stopping threads took: 0.0002320 seconds
2020-12-20T10:02:24.211+0000: 37.543: Total time for which application threads were stopped: 0.0004205 seconds, Stopping threads took: 0.0002364 seconds
2020-12-20T10:02:24.269+0000: 37.600: Total time for which application threads were stopped: 0.0002820 seconds, Stopping threads took: 0.0000788 seconds
2020-12-20T10:02:24.269+0000: 37.601: Total time for which application threads were stopped: 0.0003544 seconds, Stopping threads took: 0.0001720 seconds
2020-12-20T10:02:24.300+0000: 37.631: Total time for which application threads were stopped: 0.0005035 seconds, Stopping threads took: 0.0001764 seconds
2020-12-20T10:02:24.300+0000: 37.632: Total time for which application threads were stopped: 0.0002911 seconds, Stopping threads took: 0.0001439 seconds
2020-12-20T10:02:24.301+0000: 37.632: Total time for which application threads were stopped: 0.0003925 seconds, Stopping threads took: 0.0002710 seconds
2020-12-20T10:02:24.302+0000: 37.634: Total time for which application threads were stopped: 0.0004323 seconds, Stopping threads took: 0.0002455 seconds
2020-12-20T10:02:24.320+0000: 37.652: Total time for which application threads were stopped: 0.0003331 seconds, Stopping threads took: 0.0001377 seconds
{Heap before GC invocations=166 (full 3):
 par new generation   total 60864K, used 58177K [0x00000006fb000000, 0x00000006ff200000, 0x0000000724990000)
  eden space 54144K, 100% used [0x00000006fb000000, 0x00000006fe4e0000, 0x00000006fe4e0000)
  from space 6720K,  60% used [0x00000006fe4e0000, 0x00000006fe8d0708, 0x00000006feb70000)
  to   space 6720K,   0% used [0x00000006feb70000, 0x00000006feb70000, 0x00000006ff200000)
 concurrent mark-sweep generation total 135168K, used 85542K [0x0000000724990000, 0x000000072cd90000, 0x00000007c0000000)
 Metaspace       used 109275K, capacity 116385K, committed 116604K, reserved 1150976K
  class space    used 13755K, capacity 15236K, committed 15248K, reserved 1048576K
2020-12-20T10:02:24.343+0000: 37.675: [GC (Allocation Failure) 2020-12-20T10:02:24.343+0000: 37.675: [ParNew
Desired survivor size 3440640 bytes, new threshold 2 (max 6)
- age   1:    2449248 bytes,    2449248 total
- age   2:    1691496 bytes,    4140744 total
- age   3:     722976 bytes,    4863720 total
- age   4:     265352 bytes,    5129072 total
- age   5:      83992 bytes,    5213064 total
- age   6:      58192 bytes,    5271256 total
: 58177K->6720K(60864K), 0.0103245 secs] 143720K->94367K(196032K), 0.0104995 secs] [Times: user=0.07 sys=0.00, real=0.01 secs] 
Heap after GC invocations=167 (full 3):
 par new generation   total 60864K, used 6720K [0x00000006fb000000, 0x00000006ff200000, 0x0000000724990000)
  eden space 54144K,   0% used [0x00000006fb000000, 0x00000006fb000000, 0x00000006fe4e0000)
  from space 6720K, 100% used [0x00000006feb70000, 0x00000006ff200000, 0x00000006ff200000)
  to   space 6720K,   0% used [0x00000006fe4e0000, 0x00000006fe4e0000, 0x00000006feb70000)
 concurrent mark-sweep generation total 135168K, used 87647K [0x0000000724990000, 0x000000072cd90000, 0x00000007c0000000)
 Metaspace       used 109275K, capacity 116385K, committed 116604K, reserved 1150976K
  class space    used 13755K, capacity 15236K, committed 15248K, reserved 1048576K
}
2020-12-20T10:02:24.354+0000: 37.685: Total time for which application threads were stopped: 0.0112047 seconds, Stopping threads took: 0.0002803 seconds
2020-12-20T10:02:24.356+0000: 37.687: [GC (CMS Initial Mark) [1 CMS-initial-mark: 87647K(135168K)] 94944K(196032K), 0.0048091 secs] [Times: user=0.02 sys=0.00, real=0.00 secs] 
2020-12-20T10:02:24.361+0000: 37.692: Total time for which application threads were stopped: 0.0055233 seconds, Stopping threads took: 0.0002443 seconds
2020-12-20T10:02:24.361+0000: 37.692: [CMS-concurrent-mark-start]
2020-12-20T10:02:24.458+0000: 37.790: Total time for which application threads were stopped: 0.0003934 seconds, Stopping threads took: 0.0001440 seconds
2020-12-20T10:02:24.459+0000: 37.790: Total time for which application threads were stopped: 0.0001525 seconds, Stopping threads took: 0.0000365 seconds
2020-12-20T10:02:24.499+0000: 37.830: [CMS-concurrent-mark: 0.137/0.138 secs] [Times: user=0.89 sys=0.05, real=0.14 secs] 
2020-12-20T10:02:24.499+0000: 37.830: [CMS-concurrent-preclean-start]
2020-12-20T10:02:24.502+0000: 37.833: [CMS-concurrent-preclean: 0.003/0.003 secs] [Times: user=0.00 sys=0.00, real=0.00 secs] 
2020-12-20T10:02:24.502+0000: 37.834: [CMS-concurrent-abortable-preclean-start]
2020-12-20T10:02:24.563+0000: 37.895: Total time for which application threads were stopped: 0.0002768 seconds, Stopping threads took: 0.0000535 seconds
2020-12-20T10:02:24.625+0000: 37.957: Total time for which application threads were stopped: 0.0057331 seconds, Stopping threads took: 0.0055241 seconds
2020-12-20T10:02:24.739+0000: 38.070: Total time for which application threads were stopped: 0.0004861 seconds, Stopping threads took: 0.0002291 seconds
2020-12-20T10:02:24.769+0000: 38.101: Total time for which application threads were stopped: 0.0004924 seconds, Stopping threads took: 0.0002087 seconds
2020-12-20T10:02:24.950+0000: 38.281: Total time for which application threads were stopped: 0.0004820 seconds, Stopping threads took: 0.0001794 seconds
2020-12-20T10:02:24.956+0000: 38.287: Total time for which application threads were stopped: 0.0004937 seconds, Stopping threads took: 0.0003049 seconds
2020-12-20T10:02:24.957+0000: 38.288: Total time for which application threads were stopped: 0.0003456 seconds, Stopping threads took: 0.0001889 seconds
{Heap before GC invocations=167 (full 4):
 par new generation   total 60864K, used 60864K [0x00000006fb000000, 0x00000006ff200000, 0x0000000724990000)
  eden space 54144K, 100% used [0x00000006fb000000, 0x00000006fe4e0000, 0x00000006fe4e0000)
  from space 6720K, 100% used [0x00000006feb70000, 0x00000006ff200000, 0x00000006ff200000)
  to   space 6720K,   0% used [0x00000006fe4e0000, 0x00000006fe4e0000, 0x00000006feb70000)
 concurrent mark-sweep generation total 135168K, used 87647K [0x0000000724990000, 0x000000072cd90000, 0x00000007c0000000)
 Metaspace       used 110560K, capacity 118581K, committed 118672K, reserved 1153024K
  class space    used 13929K, capacity 15627K, committed 15680K, reserved 1048576K
2020-12-20T10:02:25.013+0000: 38.345: [GC (Allocation Failure) 2020-12-20T10:02:25.013+0000: 38.345: [ParNew
Desired survivor size 3440640 bytes, new threshold 2 (max 6)
- age   1:    2093104 bytes,    2093104 total
- age   2:    2218152 bytes,    4311256 total
: 60864K->6229K(60864K), 0.0128414 secs] 148511K->96678K(196032K), 0.0130465 secs] [Times: user=0.10 sys=0.00, real=0.02 secs] 
Heap after GC invocations=168 (full 4):
 par new generation   total 60864K, used 6229K [0x00000006fb000000, 0x00000006ff200000, 0x0000000724990000)
  eden space 54144K,   0% used [0x00000006fb000000, 0x00000006fb000000, 0x00000006fe4e0000)
  from space 6720K,  92% used [0x00000006fe4e0000, 0x00000006feaf5678, 0x00000006feb70000)
  to   space 6720K,   0% used [0x00000006feb70000, 0x00000006feb70000, 0x00000006ff200000)
 concurrent mark-sweep generation total 135168K, used 90448K [0x0000000724990000, 0x000000072cd90000, 0x00000007c0000000)
 Metaspace       used 110560K, capacity 118581K, committed 118672K, reserved 1153024K
  class space    used 13929K, capacity 15627K, committed 15680K, reserved 1048576K
}
2020-12-20T10:02:25.026+0000: 38.358: Total time for which application threads were stopped: 0.0135132 seconds, Stopping threads took: 0.0001581 seconds
2020-12-20T10:02:25.050+0000: 38.382: Total time for which application threads were stopped: 0.0006183 seconds, Stopping threads took: 0.0003926 seconds
2020-12-20T10:02:26.051+0000: 39.383: Total time for which application threads were stopped: 0.0002904 seconds, Stopping threads took: 0.0000740 seconds
 CMS: abort preclean due to time 2020-12-20T10:02:29.669+0000: 43.001: [CMS-concurrent-abortable-preclean: 1.990/5.167 secs] [Times: user=5.63 sys=0.16, real=5.17 secs] 
2020-12-20T10:02:29.671+0000: 43.002: [GC (CMS Final Remark) [YG occupancy: 17265 K (60864 K)]2020-12-20T10:02:29.671+0000: 43.003: [Rescan (parallel) , 0.0216901 secs]2020-12-20T10:02:29.693+0000: 43.025: [weak refs processing, 0.0009624 secs]2020-12-20T10:02:29.694+0000: 43.026: [class unloading, 0.0820844 secs]2020-12-20T10:02:29.776+0000: 43.108: [scrub symbol table, 0.0403044 secs]2020-12-20T10:02:29.816+0000: 43.148: [scrub string table, 0.0020179 secs][1 CMS-remark: 90448K(135168K)] 107714K(196032K), 0.1483461 secs] [Times: user=0.27 sys=0.00, real=0.15 secs] 
2020-12-20T10:02:29.819+0000: 43.151: Total time for which application threads were stopped: 0.1490053 seconds, Stopping threads took: 0.0001435 seconds
2020-12-20T10:02:29.820+0000: 43.151: [CMS-concurrent-sweep-start]
2020-12-20T10:02:29.886+0000: 43.218: [CMS-concurrent-sweep: 0.067/0.067 secs] [Times: user=0.07 sys=0.00, real=0.07 secs] 
2020-12-20T10:02:29.887+0000: 43.218: [CMS-concurrent-reset-start]
2020-12-20T10:02:29.890+0000: 43.221: [CMS-concurrent-reset: 0.003/0.003 secs] [Times: user=0.01 sys=0.00, real=0.00 secs] 
2020-12-20T10:02:30.821+0000: 44.153: Total time for which application threads were stopped: 0.0011353 seconds, Stopping threads took: 0.0001229 seconds
2020-12-20T10:02:32.823+0000: 46.154: Total time for which application threads were stopped: 0.0006287 seconds, Stopping threads took: 0.0001213 seconds
2020-12-20T10:02:33.824+0000: 47.155: Total time for which application threads were stopped: 0.0006065 seconds, Stopping threads took: 0.0001846 seconds
2020-12-20T10:02:34.825+0000: 48.156: Total time for which application threads were stopped: 0.0006143 seconds, Stopping threads took: 0.0001922 seconds
2020-12-20T10:02:35.301+0000: 48.633: Total time for which application threads were stopped: 0.0020599 seconds, Stopping threads took: 0.0000667 seconds
2020-12-20T10:02:35.438+0000: 48.770: Total time for which application threads were stopped: 0.0024245 seconds, Stopping threads took: 0.0000448 seconds
{Heap before GC invocations=168 (full 4):
 par new generation   total 60864K, used 60373K [0x00000006fb000000, 0x00000006ff200000, 0x0000000724990000)
  eden space 54144K, 100% used [0x00000006fb000000, 0x00000006fe4e0000, 0x00000006fe4e0000)
  from space 6720K,  92% used [0x00000006fe4e0000, 0x00000006feaf5678, 0x00000006feb70000)
  to   space 6720K,   0% used [0x00000006feb70000, 0x00000006feb70000, 0x00000006ff200000)
 concurrent mark-sweep generation total 135168K, used 74856K [0x0000000724990000, 0x000000072cd90000, 0x00000007c0000000)
 Metaspace       used 111178K, capacity 119251K, committed 119568K, reserved 1153024K
  class space    used 14019K, capacity 15739K, committed 15808K, reserved 1048576K
2020-12-20T10:02:35.449+0000: 48.780: [GC (Allocation Failure) 2020-12-20T10:02:35.449+0000: 48.781: [ParNew
Desired survivor size 3440640 bytes, new threshold 6 (max 6)
- age   1:    1073928 bytes,    1073928 total
- age   2:    2014528 bytes,    3088456 total
: 60373K->5129K(60864K), 0.0090556 secs] 135229K->82154K(196032K), 0.0093180 secs] [Times: user=0.05 sys=0.01, real=0.01 secs] 
Heap after GC invocations=169 (full 4):
 par new generation   total 60864K, used 5129K [0x00000006fb000000, 0x00000006ff200000, 0x0000000724990000)
  eden space 54144K,   0% used [0x00000006fb000000, 0x00000006fb000000, 0x00000006fe4e0000)
  from space 6720K,  76% used [0x00000006feb70000, 0x00000006ff0725c8, 0x00000006ff200000)
  to   space 6720K,   0% used [0x00000006fe4e0000, 0x00000006fe4e0000, 0x00000006feb70000)
 concurrent mark-sweep generation total 135168K, used 77025K [0x0000000724990000, 0x000000072cd90000, 0x00000007c0000000)
 Metaspace       used 111178K, capacity 119251K, committed 119568K, reserved 1153024K
  class space    used 14019K, capacity 15739K, committed 15808K, reserved 1048576K
}
2020-12-20T10:02:35.458+0000: 48.790: Total time for which application threads were stopped: 0.0096008 seconds, Stopping threads took: 0.0000414 seconds
2020-12-20T10:02:35.469+0000: 48.800: Total time for which application threads were stopped: 0.0014059 seconds, Stopping threads took: 0.0000476 seconds
{Heap before GC invocations=169 (full 4):
 par new generation   total 60864K, used 59273K [0x00000006fb000000, 0x00000006ff200000, 0x0000000724990000)
  eden space 54144K, 100% used [0x00000006fb000000, 0x00000006fe4e0000, 0x00000006fe4e0000)
  from space 6720K,  76% used [0x00000006feb70000, 0x00000006ff0725c8, 0x00000006ff200000)
  to   space 6720K,   0% used [0x00000006fe4e0000, 0x00000006fe4e0000, 0x00000006feb70000)
 concurrent mark-sweep generation total 135168K, used 77025K [0x0000000724990000, 0x000000072cd90000, 0x00000007c0000000)
 Metaspace       used 111826K, capacity 119971K, committed 120208K, reserved 1153024K
  class space    used 14097K, capacity 15845K, committed 15936K, reserved 1048576K
2020-12-20T10:02:35.634+0000: 48.965: [GC (Allocation Failure) 2020-12-20T10:02:35.634+0000: 48.966: [ParNew
Desired survivor size 3440640 bytes, new threshold 3 (max 6)
- age   1:    1162360 bytes,    1162360 total
- age   2:     508296 bytes,    1670656 total
- age   3:    2013824 bytes,    3684480 total
: 59273K->4645K(60864K), 0.0081734 secs] 136298K->81670K(196032K), 0.0083494 secs] [Times: user=0.07 sys=0.00, real=0.01 secs] 
Heap after GC invocations=170 (full 4):
 par new generation   total 60864K, used 4645K [0x00000006fb000000, 0x00000006ff200000, 0x0000000724990000)
  eden space 54144K,   0% used [0x00000006fb000000, 0x00000006fb000000, 0x00000006fe4e0000)
  from space 6720K,  69% used [0x00000006fe4e0000, 0x00000006fe9695b8, 0x00000006feb70000)
  to   space 6720K,   0% used [0x00000006feb70000, 0x00000006feb70000, 0x00000006ff200000)
 concurrent mark-sweep generation total 135168K, used 77025K [0x0000000724990000, 0x000000072cd90000, 0x00000007c0000000)
 Metaspace       used 111826K, capacity 119971K, committed 120208K, reserved 1153024K
  class space    used 14097K, capacity 15845K, committed 15936K, reserved 1048576K
}
2020-12-20T10:02:35.642+0000: 48.974: Total time for which application threads were stopped: 0.0088016 seconds, Stopping threads took: 0.0000560 seconds
2020-12-20T10:02:36.643+0000: 49.975: Total time for which application threads were stopped: 0.0003712 seconds, Stopping threads took: 0.0000945 seconds
{Heap before GC invocations=170 (full 4):
 par new generation   total 60864K, used 58789K [0x00000006fb000000, 0x00000006ff200000, 0x0000000724990000)
  eden space 54144K, 100% used [0x00000006fb000000, 0x00000006fe4e0000, 0x00000006fe4e0000)
  from space 6720K,  69% used [0x00000006fe4e0000, 0x00000006fe9695b8, 0x00000006feb70000)
  to   space 6720K,   0% used [0x00000006feb70000, 0x00000006feb70000, 0x00000006ff200000)
 concurrent mark-sweep generation total 135168K, used 77025K [0x0000000724990000, 0x000000072cd90000, 0x00000007c0000000)
 Metaspace       used 112115K, capacity 120271K, committed 120344K, reserved 1153024K
  class space    used 14134K, capacity 15879K, committed 15936K, reserved 1048576K
2020-12-20T10:02:37.513+0000: 50.844: [GC (Allocation Failure) 2020-12-20T10:02:37.513+0000: 50.844: [ParNew
Desired survivor size 3440640 bytes, new threshold 6 (max 6)
- age   1:     752744 bytes,     752744 total
- age   2:     458704 bytes,    1211448 total
- age   3:     473272 bytes,    1684720 total
: 58789K->3319K(60864K), 0.0140245 secs] 135814K->82329K(196032K), 0.0142599 secs] [Times: user=0.09 sys=0.01, real=0.02 secs] 
Heap after GC invocations=171 (full 4):
 par new generation   total 60864K, used 3319K [0x00000006fb000000, 0x00000006ff200000, 0x0000000724990000)
  eden space 54144K,   0% used [0x00000006fb000000, 0x00000006fb000000, 0x00000006fe4e0000)
  from space 6720K,  49% used [0x00000006feb70000, 0x00000006feeade18, 0x00000006ff200000)
  to   space 6720K,   0% used [0x00000006fe4e0000, 0x00000006fe4e0000, 0x00000006feb70000)
 concurrent mark-sweep generation total 135168K, used 79010K [0x0000000724990000, 0x000000072cd90000, 0x00000007c0000000)
 Metaspace       used 112115K, capacity 120271K, committed 120344K, reserved 1153024K
  class space    used 14134K, capacity 15879K, committed 15936K, reserved 1048576K
}
2020-12-20T10:02:37.527+0000: 50.859: Total time for which application threads were stopped: 0.0149443 seconds, Stopping threads took: 0.0001440 seconds
{Heap before GC invocations=171 (full 4):
 par new generation   total 60864K, used 57463K [0x00000006fb000000, 0x00000006ff200000, 0x0000000724990000)
  eden space 54144K, 100% used [0x00000006fb000000, 0x00000006fe4e0000, 0x00000006fe4e0000)
  from space 6720K,  49% used [0x00000006feb70000, 0x00000006feeade18, 0x00000006ff200000)
  to   space 6720K,   0% used [0x00000006fe4e0000, 0x00000006fe4e0000, 0x00000006feb70000)
 concurrent mark-sweep generation total 135168K, used 79010K [0x0000000724990000, 0x000000072cd90000, 0x00000007c0000000)
 Metaspace       used 112689K, capacity 120783K, committed 120984K, reserved 1155072K
  class space    used 14230K, capacity 15943K, committed 16064K, reserved 1048576K
2020-12-20T10:02:37.724+0000: 51.055: [GC (Allocation Failure) 2020-12-20T10:02:37.724+0000: 51.056: [ParNew
Desired survivor size 3440640 bytes, new threshold 4 (max 6)
- age   1:    2538904 bytes,    2538904 total
- age   2:     412104 bytes,    2951008 total
- age   3:     456592 bytes,    3407600 total
- age   4:     472856 bytes,    3880456 total
: 57463K->4466K(60864K), 0.0065138 secs] 136473K->83477K(196032K), 0.0066876 secs] [Times: user=0.02 sys=0.01, real=0.01 secs] 
Heap after GC invocations=172 (full 4):
 par new generation   total 60864K, used 4466K [0x00000006fb000000, 0x00000006ff200000, 0x0000000724990000)
  eden space 54144K,   0% used [0x00000006fb000000, 0x00000006fb000000, 0x00000006fe4e0000)
  from space 6720K,  66% used [0x00000006fe4e0000, 0x00000006fe93cb20, 0x00000006feb70000)
  to   space 6720K,   0% used [0x00000006feb70000, 0x00000006feb70000, 0x00000006ff200000)
 concurrent mark-sweep generation total 135168K, used 79010K [0x0000000724990000, 0x000000072cd90000, 0x00000007c0000000)
 Metaspace       used 112689K, capacity 120783K, committed 120984K, reserved 1155072K
  class space    used 14230K, capacity 15943K, committed 16064K, reserved 1048576K
}
2020-12-20T10:02:37.731+0000: 51.062: Total time for which application threads were stopped: 0.0070039 seconds, Stopping threads took: 0.0000586 seconds
{Heap before GC invocations=172 (full 4):
 par new generation   total 60864K, used 58610K [0x00000006fb000000, 0x00000006ff200000, 0x0000000724990000)
  eden space 54144K, 100% used [0x00000006fb000000, 0x00000006fe4e0000, 0x00000006fe4e0000)
  from space 6720K,  66% used [0x00000006fe4e0000, 0x00000006fe93cb20, 0x00000006feb70000)
  to   space 6720K,   0% used [0x00000006feb70000, 0x00000006feb70000, 0x00000006ff200000)
 concurrent mark-sweep generation total 135168K, used 79010K [0x0000000724990000, 0x000000072cd90000, 0x00000007c0000000)
 Metaspace       used 113150K, capacity 121199K, committed 121240K, reserved 1155072K
  class space    used 14309K, capacity 16039K, committed 16064K, reserved 1048576K
2020-12-20T10:02:37.898+0000: 51.230: [GC (Allocation Failure) 2020-12-20T10:02:37.899+0000: 51.230: [ParNew
Desired survivor size 3440640 bytes, new threshold 3 (max 6)
- age   1:    2613240 bytes,    2613240 total
- age   2:     649704 bytes,    3262944 total
- age   3:     410800 bytes,    3673744 total
- age   4:     456592 bytes,    4130336 total
: 58610K->4777K(60864K), 0.0092159 secs] 137621K->84254K(196032K), 0.0094516 secs] [Times: user=0.03 sys=0.00, real=0.01 secs] 
Heap after GC invocations=173 (full 4):
 par new generation   total 60864K, used 4777K [0x00000006fb000000, 0x00000006ff200000, 0x0000000724990000)
  eden space 54144K,   0% used [0x00000006fb000000, 0x00000006fb000000, 0x00000006fe4e0000)
  from space 6720K,  71% used [0x00000006feb70000, 0x00000006ff01a440, 0x00000006ff200000)
  to   space 6720K,   0% used [0x00000006fe4e0000, 0x00000006fe4e0000, 0x00000006feb70000)
 concurrent mark-sweep generation total 135168K, used 79477K [0x0000000724990000, 0x000000072cd90000, 0x00000007c0000000)
 Metaspace       used 113150K, capacity 121199K, committed 121240K, reserved 1155072K
  class space    used 14309K, capacity 16039K, committed 16064K, reserved 1048576K
}
2020-12-20T10:02:37.908+0000: 51.240: Total time for which application threads were stopped: 0.0100154 seconds, Stopping threads took: 0.0001937 seconds
2020-12-20T10:02:38.909+0000: 52.241: Total time for which application threads were stopped: 0.0004075 seconds, Stopping threads took: 0.0000625 seconds
2020-12-20T10:02:40.456+0000: 53.788: Total time for which application threads were stopped: 0.0017826 seconds, Stopping threads took: 0.0000904 seconds
{Heap before GC invocations=173 (full 4):
 par new generation   total 60864K, used 58921K [0x00000006fb000000, 0x00000006ff200000, 0x0000000724990000)
  eden space 54144K, 100% used [0x00000006fb000000, 0x00000006fe4e0000, 0x00000006fe4e0000)
  from space 6720K,  71% used [0x00000006feb70000, 0x00000006ff01a440, 0x00000006ff200000)
  to   space 6720K,   0% used [0x00000006fe4e0000, 0x00000006fe4e0000, 0x00000006feb70000)
 concurrent mark-sweep generation total 135168K, used 79477K [0x0000000724990000, 0x000000072cd90000, 0x00000007c0000000)
 Metaspace       used 113728K, capacity 121827K, committed 122136K, reserved 1155072K
  class space    used 14366K, capacity 16087K, committed 16192K, reserved 1048576K
2020-12-20T10:02:41.039+0000: 54.371: [GC (Allocation Failure) 2020-12-20T10:02:41.039+0000: 54.371: [ParNew
Desired survivor size 3440640 bytes, new threshold 6 (max 6)
- age   1:     983808 bytes,     983808 total
- age   2:     666040 bytes,    1649848 total
- age   3:     635656 bytes,    2285504 total
: 58921K->3208K(60864K), 0.0171861 secs] 138398K->83523K(196032K), 0.0178309 secs] [Times: user=0.04 sys=0.00, real=0.02 secs] 
Heap after GC invocations=174 (full 4):
 par new generation   total 60864K, used 3208K [0x00000006fb000000, 0x00000006ff200000, 0x0000000724990000)
  eden space 54144K,   0% used [0x00000006fb000000, 0x00000006fb000000, 0x00000006fe4e0000)
  from space 6720K,  47% used [0x00000006fe4e0000, 0x00000006fe802248, 0x00000006feb70000)
  to   space 6720K,   0% used [0x00000006feb70000, 0x00000006feb70000, 0x00000006ff200000)
 concurrent mark-sweep generation total 135168K, used 80314K [0x0000000724990000, 0x000000072cd90000, 0x00000007c0000000)
 Metaspace       used 113728K, capacity 121827K, committed 122136K, reserved 1155072K
  class space    used 14366K, capacity 16087K, committed 16192K, reserved 1048576K
}
2020-12-20T10:02:41.057+0000: 54.388: Total time for which application threads were stopped: 0.0190712 seconds, Stopping threads took: 0.0004163 seconds
2020-12-20T10:02:42.058+0000: 55.390: Total time for which application threads were stopped: 0.0004351 seconds, Stopping threads took: 0.0001045 seconds
2020-12-20T10:02:43.059+0000: 56.390: Total time for which application threads were stopped: 0.0005116 seconds, Stopping threads took: 0.0001064 seconds
2020-12-20T10:02:46.060+0000: 59.392: Total time for which application threads were stopped: 0.0002676 seconds, Stopping threads took: 0.0000584 seconds
2020-12-20T10:02:49.490+0000: 62.821: Total time for which application threads were stopped: 0.0021137 seconds, Stopping threads took: 0.0004377 seconds
2020-12-20T10:02:49.495+0000: 62.826: Total time for which application threads were stopped: 0.0025116 seconds, Stopping threads took: 0.0003793 seconds
2020-12-20T10:02:50.496+0000: 63.828: Total time for which application threads were stopped: 0.0004803 seconds, Stopping threads took: 0.0000782 seconds
{Heap before GC invocations=174 (full 4):
 par new generation   total 60864K, used 57352K [0x00000006fb000000, 0x00000006ff200000, 0x0000000724990000)
  eden space 54144K, 100% used [0x00000006fb000000, 0x00000006fe4e0000, 0x00000006fe4e0000)
  from space 6720K,  47% used [0x00000006fe4e0000, 0x00000006fe802248, 0x00000006feb70000)
  to   space 6720K,   0% used [0x00000006feb70000, 0x00000006feb70000, 0x00000006ff200000)
 concurrent mark-sweep generation total 135168K, used 80314K [0x0000000724990000, 0x000000072cd90000, 0x00000007c0000000)
 Metaspace       used 114684K, capacity 122897K, committed 123160K, reserved 1157120K
  class space    used 14444K, capacity 16168K, committed 16192K, reserved 1048576K
2020-12-20T10:02:53.776+0000: 67.108: [GC (Allocation Failure) 2020-12-20T10:02:53.776+0000: 67.108: [ParNew
Desired survivor size 3440640 bytes, new threshold 6 (max 6)
- age   1:     943416 bytes,     943416 total
- age   2:     783528 bytes,    1726944 total
- age   3:     665584 bytes,    2392528 total
- age   4:     635472 bytes,    3028000 total
: 57352K->3674K(60864K), 0.0051304 secs] 137667K->83989K(196032K), 0.0053046 secs] [Times: user=0.03 sys=0.01, real=0.00 secs] 
Heap after GC invocations=175 (full 4):
 par new generation   total 60864K, used 3674K [0x00000006fb000000, 0x00000006ff200000, 0x0000000724990000)
  eden space 54144K,   0% used [0x00000006fb000000, 0x00000006fb000000, 0x00000006fe4e0000)
  from space 6720K,  54% used [0x00000006feb70000, 0x00000006fef06b90, 0x00000006ff200000)
  to   space 6720K,   0% used [0x00000006fe4e0000, 0x00000006fe4e0000, 0x00000006feb70000)
 concurrent mark-sweep generation total 135168K, used 80314K [0x0000000724990000, 0x000000072cd90000, 0x00000007c0000000)
 Metaspace       used 114684K, capacity 122897K, committed 123160K, reserved 1157120K
  class space    used 14444K, capacity 16168K, committed 16192K, reserved 1048576K
}
2020-12-20T10:02:53.781+0000: 67.113: Total time for which application threads were stopped: 0.0056676 seconds, Stopping threads took: 0.0000582 seconds
2020-12-20T10:02:54.784+0000: 68.116: Total time for which application threads were stopped: 0.0020589 seconds, Stopping threads took: 0.0011523 seconds
2020-12-20T10:02:55.785+0000: 69.117: Total time for which application threads were stopped: 0.0007082 seconds, Stopping threads took: 0.0001594 seconds
2020-12-20T10:02:58.788+0000: 72.120: Total time for which application threads were stopped: 0.0016601 seconds, Stopping threads took: 0.0010821 seconds
2020-12-20T10:02:59.789+0000: 73.121: Total time for which application threads were stopped: 0.0004784 seconds, Stopping threads took: 0.0002664 seconds
2020-12-20T10:03:00.790+0000: 74.122: Total time for which application threads were stopped: 0.0006975 seconds, Stopping threads took: 0.0001205 seconds
2020-12-20T10:03:01.791+0000: 75.123: Total time for which application threads were stopped: 0.0005554 seconds, Stopping threads took: 0.0001071 seconds
2020-12-20T10:03:02.791+0000: 76.123: Total time for which application threads were stopped: 0.0002293 seconds, Stopping threads took: 0.0000653 seconds
{Heap before GC invocations=175 (full 4):
 par new generation   total 60864K, used 57818K [0x00000006fb000000, 0x00000006ff200000, 0x0000000724990000)
  eden space 54144K, 100% used [0x00000006fb000000, 0x00000006fe4e0000, 0x00000006fe4e0000)
  from space 6720K,  54% used [0x00000006feb70000, 0x00000006fef06b90, 0x00000006ff200000)
  to   space 6720K,   0% used [0x00000006fe4e0000, 0x00000006fe4e0000, 0x00000006feb70000)
 concurrent mark-sweep generation total 135168K, used 80314K [0x0000000724990000, 0x000000072cd90000, 0x00000007c0000000)
 Metaspace       used 115489K, capacity 123843K, committed 124056K, reserved 1157120K
  class space    used 14547K, capacity 16309K, committed 16320K, reserved 1048576K
2020-12-20T10:03:04.114+0000: 77.446: [GC (Allocation Failure) 2020-12-20T10:03:04.114+0000: 77.446: [ParNew
Desired survivor size 3440640 bytes, new threshold 4 (max 6)
- age   1:    1448624 bytes,    1448624 total
- age   2:     606664 bytes,    2055288 total
- age   3:     780288 bytes,    2835576 total
- age   4:     665584 bytes,    3501160 total
- age   5:     635328 bytes,    4136488 total
: 57818K->5193K(60864K), 0.0114718 secs] 138133K->85508K(196032K), 0.0116650 secs] [Times: user=0.07 sys=0.01, real=0.02 secs] 
Heap after GC invocations=176 (full 4):
 par new generation   total 60864K, used 5193K [0x00000006fb000000, 0x00000006ff200000, 0x0000000724990000)
  eden space 54144K,   0% used [0x00000006fb000000, 0x00000006fb000000, 0x00000006fe4e0000)
  from space 6720K,  77% used [0x00000006fe4e0000, 0x00000006fe9f26c8, 0x00000006feb70000)
  to   space 6720K,   0% used [0x00000006feb70000, 0x00000006feb70000, 0x00000006ff200000)
 concurrent mark-sweep generation total 135168K, used 80314K [0x0000000724990000, 0x000000072cd90000, 0x00000007c0000000)
 Metaspace       used 115489K, capacity 123843K, committed 124056K, reserved 1157120K
  class space    used 14547K, capacity 16309K, committed 16320K, reserved 1048576K
}
2020-12-20T10:03:04.126+0000: 77.458: Total time for which application threads were stopped: 0.0122938 seconds, Stopping threads took: 0.0002949 seconds
2020-12-20T10:03:05.127+0000: 78.459: Total time for which application threads were stopped: 0.0007115 seconds, Stopping threads took: 0.0002374 seconds
{Heap before GC invocations=176 (full 4):
 par new generation   total 60864K, used 59337K [0x00000006fb000000, 0x00000006ff200000, 0x0000000724990000)
  eden space 54144K, 100% used [0x00000006fb000000, 0x00000006fe4e0000, 0x00000006fe4e0000)
  from space 6720K,  77% used [0x00000006fe4e0000, 0x00000006fe9f26c8, 0x00000006feb70000)
  to   space 6720K,   0% used [0x00000006feb70000, 0x00000006feb70000, 0x00000006ff200000)
 concurrent mark-sweep generation total 135168K, used 80314K [0x0000000724990000, 0x000000072cd90000, 0x00000007c0000000)
 Metaspace       used 116443K, capacity 124815K, committed 124952K, reserved 1157120K
  class space    used 14636K, capacity 16375K, committed 16448K, reserved 1048576K
2020-12-20T10:03:08.092+0000: 81.424: [GC (Allocation Failure) 2020-12-20T10:03:08.092+0000: 81.424: [ParNew
Desired survivor size 3440640 bytes, new threshold 6 (max 6)
- age   1:     715984 bytes,     715984 total
- age   2:    1145480 bytes,    1861464 total
- age   3:     604552 bytes,    2466016 total
- age   4:     776728 bytes,    3242744 total
: 59337K->4807K(60864K), 0.0062289 secs] 139652K->86401K(196032K), 0.0063882 secs] [Times: user=0.03 sys=0.00, real=0.01 secs] 
Heap after GC invocations=177 (full 4):
 par new generation   total 60864K, used 4807K [0x00000006fb000000, 0x00000006ff200000, 0x0000000724990000)
  eden space 54144K,   0% used [0x00000006fb000000, 0x00000006fb000000, 0x00000006fe4e0000)
  from space 6720K,  71% used [0x00000006feb70000, 0x00000006ff021d48, 0x00000006ff200000)
  to   space 6720K,   0% used [0x00000006fe4e0000, 0x00000006fe4e0000, 0x00000006feb70000)
 concurrent mark-sweep generation total 135168K, used 81593K [0x0000000724990000, 0x000000072cd90000, 0x00000007c0000000)
 Metaspace       used 116443K, capacity 124815K, committed 124952K, reserved 1157120K
  class space    used 14636K, capacity 16375K, committed 16448K, reserved 1048576K
}
2020-12-20T10:03:08.099+0000: 81.430: Total time for which application threads were stopped: 0.0066644 seconds, Stopping threads took: 0.0000374 seconds
2020-12-20T10:03:08.134+0000: 81.466: Total time for which application threads were stopped: 0.0022454 seconds, Stopping threads took: 0.0004812 seconds
2020-12-20T10:03:09.135+0000: 82.467: Total time for which application threads were stopped: 0.0003415 seconds, Stopping threads took: 0.0000818 seconds
2020-12-20T10:03:12.136+0000: 85.468: Total time for which application threads were stopped: 0.0006328 seconds, Stopping threads took: 0.0001444 seconds
2020-12-20T10:03:14.138+0000: 87.469: Total time for which application threads were stopped: 0.0004685 seconds, Stopping threads took: 0.0000964 seconds
2020-12-20T10:03:23.141+0000: 96.472: Total time for which application threads were stopped: 0.0005083 seconds, Stopping threads took: 0.0001417 seconds
2020-12-20T10:03:24.142+0000: 97.473: Total time for which application threads were stopped: 0.0003272 seconds, Stopping threads took: 0.0000808 seconds
2020-12-20T10:03:32.145+0000: 105.476: Total time for which application threads were stopped: 0.0003675 seconds, Stopping threads took: 0.0000812 seconds
2020-12-20T10:03:38.148+0000: 111.479: Total time for which application threads were stopped: 0.0008822 seconds, Stopping threads took: 0.0001388 seconds
{Heap before GC invocations=177 (full 4):
 par new generation   total 60864K, used 58951K [0x00000006fb000000, 0x00000006ff200000, 0x0000000724990000)
  eden space 54144K, 100% used [0x00000006fb000000, 0x00000006fe4e0000, 0x00000006fe4e0000)
  from space 6720K,  71% used [0x00000006feb70000, 0x00000006ff021d48, 0x00000006ff200000)
  to   space 6720K,   0% used [0x00000006fe4e0000, 0x00000006fe4e0000, 0x00000006feb70000)
 concurrent mark-sweep generation total 135168K, used 81593K [0x0000000724990000, 0x000000072cd90000, 0x00000007c0000000)
 Metaspace       used 117498K, capacity 125941K, committed 126104K, reserved 1159168K
  class space    used 14751K, capacity 16520K, committed 16576K, reserved 1048576K
2020-12-20T10:03:42.022+0000: 115.354: [GC (Allocation Failure) 2020-12-20T10:03:42.022+0000: 115.354: [ParNew
Desired survivor size 3440640 bytes, new threshold 6 (max 6)
- age   1:     570448 bytes,     570448 total
- age   2:     335424 bytes,     905872 total
- age   3:    1135240 bytes,    2041112 total
- age   4:     603424 bytes,    2644536 total
- age   5:     776664 bytes,    3421200 total
: 58951K->4695K(60864K), 0.0082501 secs] 140545K->86289K(196032K), 0.0086306 secs] [Times: user=0.05 sys=0.00, real=0.01 secs] 
Heap after GC invocations=178 (full 4):
 par new generation   total 60864K, used 4695K [0x00000006fb000000, 0x00000006ff200000, 0x0000000724990000)
  eden space 54144K,   0% used [0x00000006fb000000, 0x00000006fb000000, 0x00000006fe4e0000)
  from space 6720K,  69% used [0x00000006fe4e0000, 0x00000006fe975c78, 0x00000006feb70000)
  to   space 6720K,   0% used [0x00000006feb70000, 0x00000006feb70000, 0x00000006ff200000)
 concurrent mark-sweep generation total 135168K, used 81593K [0x0000000724990000, 0x000000072cd90000, 0x00000007c0000000)
 Metaspace       used 117498K, capacity 125941K, committed 126104K, reserved 1159168K
  class space    used 14751K, capacity 16520K, committed 16576K, reserved 1048576K
}
2020-12-20T10:03:42.031+0000: 115.362: Total time for which application threads were stopped: 0.0091154 seconds, Stopping threads took: 0.0000706 seconds
2020-12-20T10:03:56.036+0000: 129.367: Total time for which application threads were stopped: 0.0008960 seconds, Stopping threads took: 0.0003322 seconds
2020-12-20T10:04:08.041+0000: 141.372: Total time for which application threads were stopped: 0.0007161 seconds, Stopping threads took: 0.0002065 seconds
2020-12-20T10:04:12.043+0000: 145.375: Total time for which application threads were stopped: 0.0005017 seconds, Stopping threads took: 0.0000920 seconds
2020-12-20T10:04:23.046+0000: 156.378: Total time for which application threads were stopped: 0.0002812 seconds, Stopping threads took: 0.0000678 seconds
2020-12-20T10:04:23.666+0000: 156.997: Total time for which application threads were stopped: 0.0019686 seconds, Stopping threads took: 0.0000646 seconds
2020-12-20T10:04:24.667+0000: 157.998: Total time for which application threads were stopped: 0.0007399 seconds, Stopping threads took: 0.0003065 seconds
2020-12-20T10:04:31.669+0000: 165.001: Total time for which application threads were stopped: 0.0006120 seconds, Stopping threads took: 0.0001504 seconds
2020-12-20T10:04:33.670+0000: 167.002: Total time for which application threads were stopped: 0.0004210 seconds, Stopping threads took: 0.0001129 seconds
2020-12-20T10:04:35.672+0000: 169.003: Total time for which application threads were stopped: 0.0006212 seconds, Stopping threads took: 0.0001518 seconds
{Heap before GC invocations=178 (full 4):
 par new generation   total 60864K, used 58839K [0x00000006fb000000, 0x00000006ff200000, 0x0000000724990000)
  eden space 54144K, 100% used [0x00000006fb000000, 0x00000006fe4e0000, 0x00000006fe4e0000)
  from space 6720K,  69% used [0x00000006fe4e0000, 0x00000006fe975c78, 0x00000006feb70000)
  to   space 6720K,   0% used [0x00000006feb70000, 0x00000006feb70000, 0x00000006ff200000)
 concurrent mark-sweep generation total 135168K, used 81593K [0x0000000724990000, 0x000000072cd90000, 0x00000007c0000000)
 Metaspace       used 119369K, capacity 127923K, committed 128152K, reserved 1161216K
  class space    used 14968K, capacity 16747K, committed 16832K, reserved 1048576K
2020-12-20T10:04:39.013+0000: 172.345: [GC (Allocation Failure) 2020-12-20T10:04:39.014+0000: 172.345: [ParNew
Desired survivor size 3440640 bytes, new threshold 4 (max 6)
- age   1:    1767696 bytes,    1767696 total
- age   2:     451944 bytes,    2219640 total
- age   3:     332664 bytes,    2552304 total
- age   4:    1082272 bytes,    3634576 total
- age   5:     602416 bytes,    4236992 total
- age   6:     776632 bytes,    5013624 total
: 58839K->6565K(60864K), 0.0186614 secs] 140433K->88159K(196032K), 0.0192525 secs] [Times: user=0.12 sys=0.00, real=0.02 secs] 
Heap after GC invocations=179 (full 4):
 par new generation   total 60864K, used 6565K [0x00000006fb000000, 0x00000006ff200000, 0x0000000724990000)
  eden space 54144K,   0% used [0x00000006fb000000, 0x00000006fb000000, 0x00000006fe4e0000)
  from space 6720K,  97% used [0x00000006feb70000, 0x00000006ff1d9518, 0x00000006ff200000)
  to   space 6720K,   0% used [0x00000006fe4e0000, 0x00000006fe4e0000, 0x00000006feb70000)
 concurrent mark-sweep generation total 135168K, used 81593K [0x0000000724990000, 0x000000072cd90000, 0x00000007c0000000)
 Metaspace       used 119369K, capacity 127923K, committed 128152K, reserved 1161216K
  class space    used 14968K, capacity 16747K, committed 16832K, reserved 1048576K
}
2020-12-20T10:04:39.033+0000: 172.365: Total time for which application threads were stopped: 0.0200772 seconds, Stopping threads took: 0.0001142 seconds
2020-12-20T10:04:43.036+0000: 176.367: Total time for which application threads were stopped: 0.0010558 seconds, Stopping threads took: 0.0001415 seconds
2020-12-20T10:04:53.041+0000: 186.372: Total time for which application threads were stopped: 0.0005897 seconds, Stopping threads took: 0.0001395 seconds
2020-12-20T10:05:02.044+0000: 195.376: Total time for which application threads were stopped: 0.0008036 seconds, Stopping threads took: 0.0001261 seconds
2020-12-20T10:05:21.757+0000: 215.089: Total time for which application threads were stopped: 0.0038078 seconds, Stopping threads took: 0.0000791 seconds
2020-12-20T10:05:22.758+0000: 216.090: Total time for which application threads were stopped: 0.0006047 seconds, Stopping threads took: 0.0001152 seconds
2020-12-20T10:05:32.761+0000: 226.093: Total time for which application threads were stopped: 0.0005309 seconds, Stopping threads took: 0.0001308 seconds
2020-12-20T10:05:49.767+0000: 243.099: Total time for which application threads were stopped: 0.0007819 seconds, Stopping threads took: 0.0001351 seconds
2020-12-20T10:05:59.771+0000: 253.102: Total time for which application threads were stopped: 0.0004469 seconds, Stopping threads took: 0.0000844 seconds
2020-12-20T10:06:00.771+0000: 254.103: Total time for which application threads were stopped: 0.0004339 seconds, Stopping threads took: 0.0000771 seconds
2020-12-20T10:06:02.772+0000: 256.104: Total time for which application threads were stopped: 0.0003818 seconds, Stopping threads took: 0.0000823 seconds
2020-12-20T10:06:03.773+0000: 257.105: Total time for which application threads were stopped: 0.0006528 seconds, Stopping threads took: 0.0001361 seconds
{Heap before GC invocations=179 (full 4):
 par new generation   total 60864K, used 60709K [0x00000006fb000000, 0x00000006ff200000, 0x0000000724990000)
  eden space 54144K, 100% used [0x00000006fb000000, 0x00000006fe4e0000, 0x00000006fe4e0000)
  from space 6720K,  97% used [0x00000006feb70000, 0x00000006ff1d9518, 0x00000006ff200000)
  to   space 6720K,   0% used [0x00000006fe4e0000, 0x00000006fe4e0000, 0x00000006feb70000)
 concurrent mark-sweep generation total 135168K, used 81593K [0x0000000724990000, 0x000000072cd90000, 0x00000007c0000000)
 Metaspace       used 119948K, capacity 128507K, committed 128664K, reserved 1161216K
  class space    used 15026K, capacity 16825K, committed 16832K, reserved 1048576K
2020-12-20T10:06:19.951+0000: 273.282: [GC (Allocation Failure) 2020-12-20T10:06:19.951+0000: 273.283: [ParNew
Desired survivor size 3440640 bytes, new threshold 6 (max 6)
- age   1:     491680 bytes,     491680 total
- age   2:    1236152 bytes,    1727832 total
- age   3:     447792 bytes,    2175624 total
- age   4:     331376 bytes,    2507000 total
: 60709K->4930K(60864K), 0.0297759 secs] 142303K->88943K(196032K), 0.0305623 secs] [Times: user=0.16 sys=0.03, real=0.03 secs] 
Heap after GC invocations=180 (full 4):
 par new generation   total 60864K, used 4930K [0x00000006fb000000, 0x00000006ff200000, 0x0000000724990000)
  eden space 54144K,   0% used [0x00000006fb000000, 0x00000006fb000000, 0x00000006fe4e0000)
  from space 6720K,  73% used [0x00000006fe4e0000, 0x00000006fe9b0a60, 0x00000006feb70000)
  to   space 6720K,   0% used [0x00000006feb70000, 0x00000006feb70000, 0x00000006ff200000)
 concurrent mark-sweep generation total 135168K, used 84012K [0x0000000724990000, 0x000000072cd90000, 0x00000007c0000000)
 Metaspace       used 119948K, capacity 128507K, committed 128664K, reserved 1161216K
  class space    used 15026K, capacity 16825K, committed 16832K, reserved 1048576K
}
2020-12-20T10:06:19.982+0000: 273.314: Total time for which application threads were stopped: 0.0327281 seconds, Stopping threads took: 0.0002485 seconds
2020-12-20T10:06:20.985+0000: 274.316: Total time for which application threads were stopped: 0.0010381 seconds, Stopping threads took: 0.0001594 seconds
2020-12-20T10:06:32.989+0000: 286.321: Total time for which application threads were stopped: 0.0004314 seconds, Stopping threads took: 0.0001022 seconds
2020-12-20T10:06:35.991+0000: 289.323: Total time for which application threads were stopped: 0.0004147 seconds, Stopping threads took: 0.0000977 seconds
2020-12-20T10:06:36.992+0000: 290.324: Total time for which application threads were stopped: 0.0006152 seconds, Stopping threads took: 0.0001394 seconds
2020-12-20T10:06:43.995+0000: 297.327: Total time for which application threads were stopped: 0.0002567 seconds, Stopping threads took: 0.0000604 seconds
2020-12-20T10:06:49.997+0000: 303.329: Total time for which application threads were stopped: 0.0003518 seconds, Stopping threads took: 0.0000730 seconds
2020-12-20T10:06:52.999+0000: 306.330: Total time for which application threads were stopped: 0.0003718 seconds, Stopping threads took: 0.0001130 seconds
2020-12-20T10:07:11.006+0000: 324.338: Total time for which application threads were stopped: 0.0006199 seconds, Stopping threads took: 0.0001556 seconds
2020-12-20T10:07:32.015+0000: 345.347: Total time for which application threads were stopped: 0.0006686 seconds, Stopping threads took: 0.0001338 seconds
2020-12-20T10:07:40.019+0000: 353.351: Total time for which application threads were stopped: 0.0006283 seconds, Stopping threads took: 0.0001381 seconds
2020-12-20T10:07:44.021+0000: 357.353: Total time for which application threads were stopped: 0.0004367 seconds, Stopping threads took: 0.0000957 seconds
2020-12-20T10:07:46.023+0000: 359.355: Total time for which application threads were stopped: 0.0006255 seconds, Stopping threads took: 0.0001035 seconds
2020-12-20T10:07:48.024+0000: 361.356: Total time for which application threads were stopped: 0.0003559 seconds, Stopping threads took: 0.0000808 seconds
2020-12-20T10:07:53.027+0000: 366.358: Total time for which application threads were stopped: 0.0005052 seconds, Stopping threads took: 0.0001684 seconds
2020-12-20T10:08:01.030+0000: 374.362: Total time for which application threads were stopped: 0.0006857 seconds, Stopping threads took: 0.0001297 seconds
2020-12-20T10:08:02.031+0000: 375.363: Total time for which application threads were stopped: 0.0006083 seconds, Stopping threads took: 0.0001366 seconds
2020-12-20T10:08:05.033+0000: 378.365: Total time for which application threads were stopped: 0.0006486 seconds, Stopping threads took: 0.0001375 seconds
2020-12-20T10:08:12.037+0000: 385.368: Total time for which application threads were stopped: 0.0008847 seconds, Stopping threads took: 0.0001315 seconds
{Heap before GC invocations=180 (full 4):
 par new generation   total 60864K, used 59045K [0x00000006fb000000, 0x00000006ff200000, 0x0000000724990000)
  eden space 54144K,  99% used [0x00000006fb000000, 0x00000006fe4d8ba8, 0x00000006fe4e0000)
  from space 6720K,  73% used [0x00000006fe4e0000, 0x00000006fe9b0a60, 0x00000006feb70000)
  to   space 6720K,   0% used [0x00000006feb70000, 0x00000006feb70000, 0x00000006ff200000)
 concurrent mark-sweep generation total 135168K, used 84012K [0x0000000724990000, 0x000000072cd90000, 0x00000007c0000000)
 Metaspace       used 120135K, capacity 128825K, committed 129048K, reserved 1161216K
  class space    used 15038K, capacity 16846K, committed 16960K, reserved 1048576K
2020-12-20T10:08:19.616+0000: 392.947: [GC (Allocation Failure) 2020-12-20T10:08:19.616+0000: 392.947: [ParNew
Desired survivor size 3440640 bytes, new threshold 6 (max 6)
- age   1:     651320 bytes,     651320 total
- age   2:     447064 bytes,    1098384 total
- age   3:    1199616 bytes,    2298000 total
- age   4:     446360 bytes,    2744360 total
- age   5:     331320 bytes,    3075680 total
: 59045K->4189K(60864K), 0.0038231 secs] 143058K->88202K(196032K), 0.0039341 secs] [Times: user=0.02 sys=0.00, real=0.00 secs] 
Heap after GC invocations=181 (full 4):
 par new generation   total 60864K, used 4189K [0x00000006fb000000, 0x00000006ff200000, 0x0000000724990000)
  eden space 54144K,   0% used [0x00000006fb000000, 0x00000006fb000000, 0x00000006fe4e0000)
  from space 6720K,  62% used [0x00000006feb70000, 0x00000006fef87630, 0x00000006ff200000)
  to   space 6720K,   0% used [0x00000006fe4e0000, 0x00000006fe4e0000, 0x00000006feb70000)
 concurrent mark-sweep generation total 135168K, used 84012K [0x0000000724990000, 0x000000072cd90000, 0x00000007c0000000)
 Metaspace       used 120135K, capacity 128825K, committed 129048K, reserved 1161216K
  class space    used 15038K, capacity 16846K, committed 16960K, reserved 1048576K
}
2020-12-20T10:08:19.620+0000: 392.951: Total time for which application threads were stopped: 0.0043207 seconds, Stopping threads took: 0.0000456 seconds
2020-12-20T10:08:20.620+0000: 393.952: Total time for which application threads were stopped: 0.0002579 seconds, Stopping threads took: 0.0000589 seconds
2020-12-20T10:08:23.621+0000: 396.952: Total time for which application threads were stopped: 0.0002790 seconds, Stopping threads took: 0.0000697 seconds
2020-12-20T10:08:32.624+0000: 405.955: Total time for which application threads were stopped: 0.0007327 seconds, Stopping threads took: 0.0001734 seconds
2020-12-20T10:08:42.627+0000: 415.959: Total time for which application threads were stopped: 0.0003107 seconds, Stopping threads took: 0.0000697 seconds
2020-12-20T10:09:19.642+0000: 452.974: Total time for which application threads were stopped: 0.0006711 seconds, Stopping threads took: 0.0001391 seconds
2020-12-20T10:09:23.645+0000: 456.977: Total time for which application threads were stopped: 0.0009878 seconds, Stopping threads took: 0.0001713 seconds
2020-12-20T10:09:24.647+0000: 457.979: Total time for which application threads were stopped: 0.0008884 seconds, Stopping threads took: 0.0002210 seconds
2020-12-20T10:09:30.649+0000: 463.980: Total time for which application threads were stopped: 0.0002743 seconds, Stopping threads took: 0.0000704 seconds
2020-12-20T10:09:42.653+0000: 475.984: Total time for which application threads were stopped: 0.0005430 seconds, Stopping threads took: 0.0001251 seconds
{Heap before GC invocations=181 (full 4):
 par new generation   total 60864K, used 58333K [0x00000006fb000000, 0x00000006ff200000, 0x0000000724990000)
  eden space 54144K, 100% used [0x00000006fb000000, 0x00000006fe4e0000, 0x00000006fe4e0000)
  from space 6720K,  62% used [0x00000006feb70000, 0x00000006fef87630, 0x00000006ff200000)
  to   space 6720K,   0% used [0x00000006fe4e0000, 0x00000006fe4e0000, 0x00000006feb70000)
 concurrent mark-sweep generation total 135168K, used 84012K [0x0000000724990000, 0x000000072cd90000, 0x00000007c0000000)
 Metaspace       used 120484K, capacity 129205K, committed 129304K, reserved 1161216K
  class space    used 15069K, capacity 16874K, committed 16960K, reserved 1048576K
2020-12-20T10:09:44.794+0000: 478.125: [GC (Allocation Failure) 2020-12-20T10:09:44.794+0000: 478.126: [ParNew
Desired survivor size 3440640 bytes, new threshold 6 (max 6)
- age   1:     840152 bytes,     840152 total
- age   2:     165800 bytes,    1005952 total
- age   3:     437344 bytes,    1443296 total
- age   4:    1199040 bytes,    2642336 total
- age   5:     445728 bytes,    3088064 total
- age   6:     327768 bytes,    3415832 total
: 58333K->4300K(60864K), 0.0076400 secs] 142346K->88313K(196032K), 0.0077968 secs] [Times: user=0.05 sys=0.00, real=0.01 secs] 
Heap after GC invocations=182 (full 4):
 par new generation   total 60864K, used 4300K [0x00000006fb000000, 0x00000006ff200000, 0x0000000724990000)
  eden space 54144K,   0% used [0x00000006fb000000, 0x00000006fb000000, 0x00000006fe4e0000)
  from space 6720K,  63% used [0x00000006fe4e0000, 0x00000006fe913298, 0x00000006feb70000)
  to   space 6720K,   0% used [0x00000006feb70000, 0x00000006feb70000, 0x00000006ff200000)
 concurrent mark-sweep generation total 135168K, used 84012K [0x0000000724990000, 0x000000072cd90000, 0x00000007c0000000)
 Metaspace       used 120484K, capacity 129205K, committed 129304K, reserved 1161216K
  class space    used 15069K, capacity 16874K, committed 16960K, reserved 1048576K
}
2020-12-20T10:09:44.802+0000: 478.133: Total time for which application threads were stopped: 0.0080738 seconds, Stopping threads took: 0.0000449 seconds
2020-12-20T10:10:22.814+0000: 516.145: Total time for which application threads were stopped: 0.0003322 seconds, Stopping threads took: 0.0000803 seconds
2020-12-20T10:10:23.815+0000: 517.147: Total time for which application threads were stopped: 0.0010237 seconds, Stopping threads took: 0.0002439 seconds
2020-12-20T10:10:32.819+0000: 526.150: Total time for which application threads were stopped: 0.0005229 seconds, Stopping threads took: 0.0001382 seconds
2020-12-20T10:10:33.819+0000: 527.151: Total time for which application threads were stopped: 0.0002743 seconds, Stopping threads took: 0.0000615 seconds
2020-12-20T10:10:35.821+0000: 529.152: Total time for which application threads were stopped: 0.0006799 seconds, Stopping threads took: 0.0001144 seconds
2020-12-20T10:10:37.822+0000: 531.153: Total time for which application threads were stopped: 0.0004085 seconds, Stopping threads took: 0.0000816 seconds
2020-12-20T10:10:44.826+0000: 538.157: Total time for which application threads were stopped: 0.0010439 seconds, Stopping threads took: 0.0002429 seconds
2020-12-20T10:10:46.826+0000: 540.158: Total time for which application threads were stopped: 0.0002116 seconds, Stopping threads took: 0.0000504 seconds
2020-12-20T10:10:50.828+0000: 544.160: Total time for which application threads were stopped: 0.0002245 seconds, Stopping threads took: 0.0000569 seconds
2020-12-20T10:10:52.829+0000: 546.161: Total time for which application threads were stopped: 0.0003485 seconds, Stopping threads took: 0.0000809 seconds
2020-12-20T10:10:57.831+0000: 551.163: Total time for which application threads were stopped: 0.0007933 seconds, Stopping threads took: 0.0003491 seconds
2020-12-20T10:10:58.832+0000: 552.163: Total time for which application threads were stopped: 0.0002522 seconds, Stopping threads took: 0.0000572 seconds
2020-12-20T10:11:01.833+0000: 555.164: Total time for which application threads were stopped: 0.0003492 seconds, Stopping threads took: 0.0000769 seconds
2020-12-20T10:11:02.833+0000: 556.165: Total time for which application threads were stopped: 0.0002887 seconds, Stopping threads took: 0.0000665 seconds
2020-12-20T10:11:22.838+0000: 576.170: Total time for which application threads were stopped: 0.0006103 seconds, Stopping threads took: 0.0001030 seconds
2020-12-20T10:11:29.841+0000: 583.173: Total time for which application threads were stopped: 0.0003343 seconds, Stopping threads took: 0.0000787 seconds
2020-12-20T10:11:30.842+0000: 584.173: Total time for which application threads were stopped: 0.0002473 seconds, Stopping threads took: 0.0000576 seconds
2020-12-20T10:11:31.842+0000: 585.174: Total time for which application threads were stopped: 0.0003349 seconds, Stopping threads took: 0.0000800 seconds
2020-12-20T10:11:32.843+0000: 586.175: Total time for which application threads were stopped: 0.0004229 seconds, Stopping threads took: 0.0000717 seconds
2020-12-20T10:11:52.850+0000: 606.181: Total time for which application threads were stopped: 0.0006912 seconds, Stopping threads took: 0.0001289 seconds
{Heap before GC invocations=182 (full 4):
 par new generation   total 60864K, used 58444K [0x00000006fb000000, 0x00000006ff200000, 0x0000000724990000)
  eden space 54144K, 100% used [0x00000006fb000000, 0x00000006fe4e0000, 0x00000006fe4e0000)
  from space 6720K,  63% used [0x00000006fe4e0000, 0x00000006fe913298, 0x00000006feb70000)
  to   space 6720K,   0% used [0x00000006feb70000, 0x00000006feb70000, 0x00000006ff200000)
 concurrent mark-sweep generation total 135168K, used 84012K [0x0000000724990000, 0x000000072cd90000, 0x00000007c0000000)
 Metaspace       used 120702K, capacity 129493K, committed 129816K, reserved 1163264K
  class space    used 15081K, capacity 16892K, committed 16960K, reserved 1048576K
2020-12-20T10:12:10.924+0000: 624.256: [GC (Allocation Failure) 2020-12-20T10:12:10.924+0000: 624.256: [ParNew
Desired survivor size 3440640 bytes, new threshold 6 (max 6)
- age   1:     417880 bytes,     417880 total
- age   2:     742816 bytes,    1160696 total
- age   3:     162608 bytes,    1323304 total
- age   4:     434992 bytes,    1758296 total
- age   5:    1198976 bytes,    2957272 total
- age   6:     443976 bytes,    3401248 total
: 58444K->5028K(60864K), 0.0211971 secs] 142457K->89369K(196032K), 0.0213783 secs] [Times: user=0.13 sys=0.00, real=0.03 secs] 
Heap after GC invocations=183 (full 4):
 par new generation   total 60864K, used 5028K [0x00000006fb000000, 0x00000006ff200000, 0x0000000724990000)
  eden space 54144K,   0% used [0x00000006fb000000, 0x00000006fb000000, 0x00000006fe4e0000)
  from space 6720K,  74% used [0x00000006feb70000, 0x00000006ff059170, 0x00000006ff200000)
  to   space 6720K,   0% used [0x00000006fe4e0000, 0x00000006fe4e0000, 0x00000006feb70000)
 concurrent mark-sweep generation total 135168K, used 84340K [0x0000000724990000, 0x000000072cd90000, 0x00000007c0000000)
 Metaspace       used 120702K, capacity 129493K, committed 129816K, reserved 1163264K
  class space    used 15081K, capacity 16892K, committed 16960K, reserved 1048576K
}
2020-12-20T10:12:10.946+0000: 624.277: Total time for which application threads were stopped: 0.0217653 seconds, Stopping threads took: 0.0000665 seconds
2020-12-20T10:12:11.946+0000: 625.278: Total time for which application threads were stopped: 0.0002084 seconds, Stopping threads took: 0.0000522 seconds
2020-12-20T10:12:13.947+0000: 627.278: Total time for which application threads were stopped: 0.0003141 seconds, Stopping threads took: 0.0000947 seconds
2020-12-20T10:12:29.380+0000: 642.711: Total time for which application threads were stopped: 0.0019691 seconds, Stopping threads took: 0.0000636 seconds
2020-12-20T10:12:30.380+0000: 643.712: Total time for which application threads were stopped: 0.0002834 seconds, Stopping threads took: 0.0000707 seconds
2020-12-20T10:12:32.382+0000: 645.714: Total time for which application threads were stopped: 0.0006631 seconds, Stopping threads took: 0.0001476 seconds
2020-12-20T10:12:33.383+0000: 646.715: Total time for which application threads were stopped: 0.0002924 seconds, Stopping threads took: 0.0000604 seconds
2020-12-20T10:12:35.384+0000: 648.715: Total time for which application threads were stopped: 0.0003186 seconds, Stopping threads took: 0.0000684 seconds
2020-12-20T10:12:39.386+0000: 652.717: Total time for which application threads were stopped: 0.0008942 seconds, Stopping threads took: 0.0001358 seconds
2020-12-20T10:12:42.388+0000: 655.719: Total time for which application threads were stopped: 0.0007987 seconds, Stopping threads took: 0.0001536 seconds
{Heap before GC invocations=183 (full 4):
 par new generation   total 60864K, used 59172K [0x00000006fb000000, 0x00000006ff200000, 0x0000000724990000)
  eden space 54144K, 100% used [0x00000006fb000000, 0x00000006fe4e0000, 0x00000006fe4e0000)
  from space 6720K,  74% used [0x00000006feb70000, 0x00000006ff059170, 0x00000006ff200000)
  to   space 6720K,   0% used [0x00000006fe4e0000, 0x00000006fe4e0000, 0x00000006feb70000)
 concurrent mark-sweep generation total 135168K, used 84340K [0x0000000724990000, 0x000000072cd90000, 0x00000007c0000000)
 Metaspace       used 121378K, capacity 130301K, committed 130456K, reserved 1163264K
  class space    used 15156K, capacity 16982K, committed 17088K, reserved 1048576K
2020-12-20T10:12:42.901+0000: 656.233: [GC (Allocation Failure) 2020-12-20T10:12:42.901+0000: 656.233: [ParNew
Desired survivor size 3440640 bytes, new threshold 6 (max 6)
- age   1:     928792 bytes,     928792 total
- age   2:     349704 bytes,    1278496 total
- age   3:     729496 bytes,    2007992 total
- age   4:     162608 bytes,    2170600 total
- age   5:     434784 bytes,    2605384 total
- age   6:    1192512 bytes,    3797896 total
: 59172K->4941K(60864K), 0.0083411 secs] 143513K->89717K(196032K), 0.0085337 secs] [Times: user=0.05 sys=0.00, real=0.01 secs] 
Heap after GC invocations=184 (full 4):
 par new generation   total 60864K, used 4941K [0x00000006fb000000, 0x00000006ff200000, 0x0000000724990000)
  eden space 54144K,   0% used [0x00000006fb000000, 0x00000006fb000000, 0x00000006fe4e0000)
  from space 6720K,  73% used [0x00000006fe4e0000, 0x00000006fe9b3690, 0x00000006feb70000)
  to   space 6720K,   0% used [0x00000006feb70000, 0x00000006feb70000, 0x00000006ff200000)
 concurrent mark-sweep generation total 135168K, used 84775K [0x0000000724990000, 0x000000072cd90000, 0x00000007c0000000)
 Metaspace       used 121378K, capacity 130301K, committed 130456K, reserved 1163264K
  class space    used 15156K, capacity 16982K, committed 17088K, reserved 1048576K
}
2020-12-20T10:12:42.910+0000: 656.242: Total time for which application threads were stopped: 0.0089998 seconds, Stopping threads took: 0.0000636 seconds
2020-12-20T10:12:43.911+0000: 657.242: Total time for which application threads were stopped: 0.0005024 seconds, Stopping threads took: 0.0000974 seconds
2020-12-20T10:12:50.914+0000: 664.245: Total time for which application threads were stopped: 0.0006990 seconds, Stopping threads took: 0.0001525 seconds
2020-12-20T10:12:52.915+0000: 666.247: Total time for which application threads were stopped: 0.0007220 seconds, Stopping threads took: 0.0001329 seconds
2020-12-20T10:12:54.917+0000: 668.249: Total time for which application threads were stopped: 0.0007743 seconds, Stopping threads took: 0.0002589 seconds
2020-12-20T10:13:22.926+0000: 696.258: Total time for which application threads were stopped: 0.0003771 seconds, Stopping threads took: 0.0000768 seconds
2020-12-20T10:13:32.930+0000: 706.262: Total time for which application threads were stopped: 0.0007003 seconds, Stopping threads took: 0.0001418 seconds
2020-12-20T10:13:52.938+0000: 726.269: Total time for which application threads were stopped: 0.0002276 seconds, Stopping threads took: 0.0000556 seconds
2020-12-20T10:14:13.944+0000: 747.276: Total time for which application threads were stopped: 0.0004125 seconds, Stopping threads took: 0.0000713 seconds
2020-12-20T10:14:14.945+0000: 748.277: Total time for which application threads were stopped: 0.0004555 seconds, Stopping threads took: 0.0000897 seconds
2020-12-20T10:14:16.946+0000: 750.278: Total time for which application threads were stopped: 0.0003166 seconds, Stopping threads took: 0.0000722 seconds
2020-12-20T10:14:22.949+0000: 756.281: Total time for which application threads were stopped: 0.0006451 seconds, Stopping threads took: 0.0001415 seconds
2020-12-20T10:14:27.952+0000: 761.284: Total time for which application threads were stopped: 0.0003882 seconds, Stopping threads took: 0.0000887 seconds
2020-12-20T10:14:32.954+0000: 766.286: Total time for which application threads were stopped: 0.0004099 seconds, Stopping threads took: 0.0001161 seconds
2020-12-20T10:14:33.956+0000: 767.287: Total time for which application threads were stopped: 0.0007903 seconds, Stopping threads took: 0.0002094 seconds
2020-12-20T10:14:35.956+0000: 769.288: Total time for which application threads were stopped: 0.0002549 seconds, Stopping threads took: 0.0000560 seconds
2020-12-20T10:14:36.957+0000: 770.289: Total time for which application threads were stopped: 0.0004279 seconds, Stopping threads took: 0.0000848 seconds
2020-12-20T10:14:47.963+0000: 781.295: Total time for which application threads were stopped: 0.0008248 seconds, Stopping threads took: 0.0001834 seconds
2020-12-20T10:14:48.964+0000: 782.296: Total time for which application threads were stopped: 0.0004882 seconds, Stopping threads took: 0.0001180 seconds
2020-12-20T10:14:50.966+0000: 784.297: Total time for which application threads were stopped: 0.0008094 seconds, Stopping threads took: 0.0001677 seconds
{Heap before GC invocations=184 (full 4):
 par new generation   total 60864K, used 59085K [0x00000006fb000000, 0x00000006ff200000, 0x0000000724990000)
  eden space 54144K, 100% used [0x00000006fb000000, 0x00000006fe4e0000, 0x00000006fe4e0000)
  from space 6720K,  73% used [0x00000006fe4e0000, 0x00000006fe9b3690, 0x00000006feb70000)
  to   space 6720K,   0% used [0x00000006feb70000, 0x00000006feb70000, 0x00000006ff200000)
 concurrent mark-sweep generation total 135168K, used 84775K [0x0000000724990000, 0x000000072cd90000, 0x00000007c0000000)
 Metaspace       used 121713K, capacity 130795K, committed 130968K, reserved 1163264K
  class space    used 15191K, capacity 17081K, committed 17088K, reserved 1048576K
2020-12-20T10:14:52.691+0000: 786.023: [GC (Allocation Failure) 2020-12-20T10:14:52.691+0000: 786.023: [ParNew
Desired survivor size 3440640 bytes, new threshold 6 (max 6)
- age   1:     848352 bytes,     848352 total
- age   2:     538568 bytes,    1386920 total
- age   3:     345768 bytes,    1732688 total
- age   4:     690616 bytes,    2423304 total
- age   5:     162528 bytes,    2585832 total
- age   6:     433624 bytes,    3019456 total
: 59085K->4956K(60864K), 0.0123916 secs] 143861K->90910K(196032K), 0.0127624 secs] [Times: user=0.08 sys=0.00, real=0.01 secs] 
Heap after GC invocations=185 (full 4):
 par new generation   total 60864K, used 4956K [0x00000006fb000000, 0x00000006ff200000, 0x0000000724990000)
  eden space 54144K,   0% used [0x00000006fb000000, 0x00000006fb000000, 0x00000006fe4e0000)
  from space 6720K,  73% used [0x00000006feb70000, 0x00000006ff047248, 0x00000006ff200000)
  to   space 6720K,   0% used [0x00000006fe4e0000, 0x00000006fe4e0000, 0x00000006feb70000)
 concurrent mark-sweep generation total 135168K, used 85953K [0x0000000724990000, 0x000000072cd90000, 0x00000007c0000000)
 Metaspace       used 121713K, capacity 130795K, committed 130968K, reserved 1163264K
  class space    used 15191K, capacity 17081K, committed 17088K, reserved 1048576K
}
2020-12-20T10:14:52.704+0000: 786.036: Total time for which application threads were stopped: 0.0139248 seconds, Stopping threads took: 0.0001314 seconds
2020-12-20T10:14:53.706+0000: 787.037: Total time for which application threads were stopped: 0.0009995 seconds, Stopping threads took: 0.0001604 seconds
2020-12-20T10:14:56.708+0000: 790.039: Total time for which application threads were stopped: 0.0007002 seconds, Stopping threads took: 0.0001454 seconds
2020-12-20T10:15:22.718+0000: 816.050: Total time for which application threads were stopped: 0.0007862 seconds, Stopping threads took: 0.0001547 seconds
2020-12-20T10:15:23.719+0000: 817.051: Total time for which application threads were stopped: 0.0007439 seconds, Stopping threads took: 0.0001508 seconds
2020-12-20T10:15:32.723+0000: 826.055: Total time for which application threads were stopped: 0.0006972 seconds, Stopping threads took: 0.0001969 seconds
2020-12-20T10:15:35.724+0000: 829.056: Total time for which application threads were stopped: 0.0003049 seconds, Stopping threads took: 0.0000753 seconds
2020-12-20T10:15:59.732+0000: 853.064: Total time for which application threads were stopped: 0.0006749 seconds, Stopping threads took: 0.0001422 seconds
2020-12-20T10:16:06.736+0000: 860.067: Total time for which application threads were stopped: 0.0008926 seconds, Stopping threads took: 0.0001666 seconds
2020-12-20T10:16:07.737+0000: 861.069: Total time for which application threads were stopped: 0.0008111 seconds, Stopping threads took: 0.0001792 seconds
2020-12-20T10:16:08.738+0000: 862.070: Total time for which application threads were stopped: 0.0008250 seconds, Stopping threads took: 0.0002070 seconds
2020-12-20T10:16:18.742+0000: 872.074: Total time for which application threads were stopped: 0.0005371 seconds, Stopping threads took: 0.0000883 seconds
2020-12-20T10:16:22.743+0000: 876.075: Total time for which application threads were stopped: 0.0003120 seconds, Stopping threads took: 0.0000679 seconds
2020-12-20T10:16:23.745+0000: 877.076: Total time for which application threads were stopped: 0.0009504 seconds, Stopping threads took: 0.0002837 seconds
2020-12-20T10:16:31.747+0000: 885.079: Total time for which application threads were stopped: 0.0008308 seconds, Stopping threads took: 0.0002319 seconds
2020-12-20T10:16:32.749+0000: 886.081: Total time for which application threads were stopped: 0.0007452 seconds, Stopping threads took: 0.0001505 seconds
2020-12-20T10:16:35.752+0000: 889.083: Total time for which application threads were stopped: 0.0006588 seconds, Stopping threads took: 0.0001485 seconds
2020-12-20T10:16:44.757+0000: 898.088: Total time for which application threads were stopped: 0.0008490 seconds, Stopping threads took: 0.0001450 seconds
2020-12-20T10:16:45.759+0000: 899.091: Total time for which application threads were stopped: 0.0016109 seconds, Stopping threads took: 0.0009035 seconds
{Heap before GC invocations=185 (full 4):
 par new generation   total 60864K, used 59087K [0x00000006fb000000, 0x00000006ff200000, 0x0000000724990000)
  eden space 54144K,  99% used [0x00000006fb000000, 0x00000006fe4dca28, 0x00000006fe4e0000)
  from space 6720K,  73% used [0x00000006feb70000, 0x00000006ff047248, 0x00000006ff200000)
  to   space 6720K,   0% used [0x00000006fe4e0000, 0x00000006fe4e0000, 0x00000006feb70000)
 concurrent mark-sweep generation total 135168K, used 85953K [0x0000000724990000, 0x000000072cd90000, 0x00000007c0000000)
 Metaspace       used 121981K, capacity 131123K, committed 131352K, reserved 1163264K
  class space    used 15204K, capacity 17103K, committed 17216K, reserved 1048576K
2020-12-20T10:17:23.324+0000: 936.656: [GC (Allocation Failure) 2020-12-20T10:17:23.324+0000: 936.656: [ParNew
Desired survivor size 3440640 bytes, new threshold 6 (max 6)
- age   1:     522904 bytes,     522904 total
- age   2:     498752 bytes,    1021656 total
- age   3:     517680 bytes,    1539336 total
- age   4:     344528 bytes,    1883864 total
- age   5:     687304 bytes,    2571168 total
- age   6:     162528 bytes,    2733696 total
: 59087K->3629K(60864K), 0.0060611 secs] 145040K->90012K(196032K), 0.0063028 secs] [Times: user=0.04 sys=0.00, real=0.01 secs] 
